Archive member included to satisfy reference by file (symbol)

/home/saverio/tools/riscv/riscv32-unknown-elf/lib/libc_nano.a(lib_a-atexit.o)
                              /tmp/ccvZYcP2.o (atexit)
/home/saverio/tools/riscv/riscv32-unknown-elf/lib/libc_nano.a(lib_a-exit.o)
                              /tmp/ccvZYcP2.o (exit)
/home/saverio/tools/riscv/riscv32-unknown-elf/lib/libc_nano.a(lib_a-fini.o)
                              /tmp/ccvZYcP2.o (__libc_fini_array)
/home/saverio/tools/riscv/riscv32-unknown-elf/lib/libc_nano.a(lib_a-impure.o)
                              /home/saverio/tools/riscv/riscv32-unknown-elf/lib/libc_nano.a(lib_a-exit.o) (_global_impure_ptr)
/home/saverio/tools/riscv/riscv32-unknown-elf/lib/libc_nano.a(lib_a-init.o)
                              /tmp/ccvZYcP2.o (__libc_init_array)
/home/saverio/tools/riscv/riscv32-unknown-elf/lib/libc_nano.a(lib_a-memset.o)
                              /tmp/ccvZYcP2.o (memset)
/home/saverio/tools/riscv/riscv32-unknown-elf/lib/libc_nano.a(lib_a-puts.o)
                              /tmp/cc7vsvpZ.o (puts)
/home/saverio/tools/riscv/riscv32-unknown-elf/lib/libc_nano.a(lib_a-reent.o)
                              /tmp/ccqOfdr2.o (symbol from plugin) (errno)
/home/saverio/tools/riscv/riscv32-unknown-elf/lib/libc_nano.a(lib_a-wbuf.o)
                              /home/saverio/tools/riscv/riscv32-unknown-elf/lib/libc_nano.a(lib_a-puts.o) (__swbuf_r)
/home/saverio/tools/riscv/riscv32-unknown-elf/lib/libc_nano.a(lib_a-wsetup.o)
                              /home/saverio/tools/riscv/riscv32-unknown-elf/lib/libc_nano.a(lib_a-puts.o) (__swsetup_r)
/home/saverio/tools/riscv/riscv32-unknown-elf/lib/libc_nano.a(lib_a-__atexit.o)
                              /home/saverio/tools/riscv/riscv32-unknown-elf/lib/libc_nano.a(lib_a-atexit.o) (__register_exitproc)
/home/saverio/tools/riscv/riscv32-unknown-elf/lib/libc_nano.a(lib_a-__call_atexit.o)
                              /home/saverio/tools/riscv/riscv32-unknown-elf/lib/libc_nano.a(lib_a-__atexit.o) (__call_exitprocs)
/home/saverio/tools/riscv/riscv32-unknown-elf/lib/libc_nano.a(lib_a-fflush.o)
                              /home/saverio/tools/riscv/riscv32-unknown-elf/lib/libc_nano.a(lib_a-wbuf.o) (_fflush_r)
/home/saverio/tools/riscv/riscv32-unknown-elf/lib/libc_nano.a(lib_a-findfp.o)
                              /home/saverio/tools/riscv/riscv32-unknown-elf/lib/libc_nano.a(lib_a-puts.o) (__sinit)
/home/saverio/tools/riscv/riscv32-unknown-elf/lib/libc_nano.a(lib_a-fwalk.o)
                              /home/saverio/tools/riscv/riscv32-unknown-elf/lib/libc_nano.a(lib_a-findfp.o) (_fwalk)
/home/saverio/tools/riscv/riscv32-unknown-elf/lib/libc_nano.a(lib_a-makebuf.o)
                              /home/saverio/tools/riscv/riscv32-unknown-elf/lib/libc_nano.a(lib_a-wsetup.o) (__smakebuf_r)
/home/saverio/tools/riscv/riscv32-unknown-elf/lib/libc_nano.a(lib_a-nano-freer.o)
                              /home/saverio/tools/riscv/riscv32-unknown-elf/lib/libc_nano.a(lib_a-reent.o) (_free_r)
/home/saverio/tools/riscv/riscv32-unknown-elf/lib/libc_nano.a(lib_a-nano-mallocr.o)
                              /home/saverio/tools/riscv/riscv32-unknown-elf/lib/libc_nano.a(lib_a-findfp.o) (_malloc_r)
/home/saverio/tools/riscv/riscv32-unknown-elf/lib/libc_nano.a(lib_a-sbrkr.o)
                              /home/saverio/tools/riscv/riscv32-unknown-elf/lib/libc_nano.a(lib_a-nano-mallocr.o) (_sbrk_r)
/home/saverio/tools/riscv/riscv32-unknown-elf/lib/libc_nano.a(lib_a-stdio.o)
                              /home/saverio/tools/riscv/riscv32-unknown-elf/lib/libc_nano.a(lib_a-findfp.o) (__sread)
/home/saverio/tools/riscv/riscv32-unknown-elf/lib/libc_nano.a(lib_a-writer.o)
                              /home/saverio/tools/riscv/riscv32-unknown-elf/lib/libc_nano.a(lib_a-stdio.o) (_write_r)
/home/saverio/tools/riscv/riscv32-unknown-elf/lib/libc_nano.a(lib_a-closer.o)
                              /home/saverio/tools/riscv/riscv32-unknown-elf/lib/libc_nano.a(lib_a-stdio.o) (_close_r)
/home/saverio/tools/riscv/riscv32-unknown-elf/lib/libc_nano.a(lib_a-fstatr.o)
                              /home/saverio/tools/riscv/riscv32-unknown-elf/lib/libc_nano.a(lib_a-makebuf.o) (_fstat_r)
/home/saverio/tools/riscv/riscv32-unknown-elf/lib/libc_nano.a(lib_a-isattyr.o)
                              /home/saverio/tools/riscv/riscv32-unknown-elf/lib/libc_nano.a(lib_a-makebuf.o) (_isatty_r)
/home/saverio/tools/riscv/riscv32-unknown-elf/lib/libc_nano.a(lib_a-lseekr.o)
                              /home/saverio/tools/riscv/riscv32-unknown-elf/lib/libc_nano.a(lib_a-stdio.o) (_lseek_r)
/home/saverio/tools/riscv/riscv32-unknown-elf/lib/libc_nano.a(lib_a-mlock.o)
                              /home/saverio/tools/riscv/riscv32-unknown-elf/lib/libc_nano.a(lib_a-nano-freer.o) (__malloc_lock)
/home/saverio/tools/riscv/riscv32-unknown-elf/lib/libc_nano.a(lib_a-readr.o)
[...]
Memory Configuration

Name             Origin             Length             Attributes
ram0             0x0000000000000000 0x0000000000008000 axrwl
ram1             0x0000000000008000 0x0000000000038000 axrwl
*default*        0x0000000000000000 0xffffffffffffffff

Linker script and memory map

LOAD /tmp/ccvZYcP2.o
LOAD /tmp/cc7vsvpZ.o
LOAD /tmp/cc4EwYm1.o
LOAD /tmp/ccmHbJEe.ltrans0.ltrans.o
LOAD /tmp/ccF51K4f.debug.temp.o
LOAD /tmp/cc7KY7pg.debug.temp.o
LOAD /tmp/ccRXeqbg.debug.temp.o
LOAD /tmp/ccgpTvUh.debug.temp.o
LOAD /tmp/ccHQiZXh.debug.temp.o
LOAD /tmp/ccguugsf.debug.temp.o
LOAD /tmp/cc8z5Hjg.debug.temp.o
LOAD /tmp/ccca1aZe.debug.temp.o
LOAD /tmp/ccOw5Luh.debug.temp.o
LOAD /tmp/ccGzsXWh.debug.temp.o
LOAD /tmp/cc2pN8Qe.debug.temp.o
LOAD /tmp/ccNJjdrh.debug.temp.o
LOAD /tmp/cc11aXTh.debug.temp.o
LOAD /tmp/ccHVCHeg.debug.temp.o
LOAD /tmp/cc0dhuNd.debug.temp.o
LOAD /tmp/cc5d3oWf.debug.temp.o
LOAD /tmp/cc45OPGf.debug.temp.o
LOAD /tmp/cc47ZKje.debug.temp.o
LOAD /tmp/ccLuiEdZ.o
LOAD /tmp/ccFlBjeY.o
LOAD /tmp/ccqOfdr2.o
LOAD /tmp/cca18VC0.o
LOAD /tmp/ccNxx5dZ.o
LOAD /tmp/ccoY3KgY.o
LOAD /tmp/cc7PQc91.o
LOAD /tmp/ccpBCCiZ.o
LOAD /tmp/ccR6hdW1.o
LOAD /tmp/ccQHxH01.o
LOAD /tmp/ccX9w4tY.o
LOAD /tmp/ccmyZOe2.o
LOAD /tmp/ccjtzsQY.o
LOAD /tmp/ccfAfh6Y.o
LOAD /tmp/cc2eeCnY.o
LOAD /tmp/ccW2IVZY.o
LOAD /tmp/ccwb5kzY.o
LOAD /home/saverio/tools/riscv/riscv32-unknown-elf/lib/libc_nano.a
LOAD /home/saverio/tools/riscv/riscv32-unknown-elf/lib/libm_nano.a
LOAD /home/saverio/tools/riscv/lib/gcc/riscv32-unknown-elf/11.1.0/libgcc.a
                0x0000000000000180                PROVIDE (__boot_address = 0x180)
                0x0000000000001000                __stack_size = DEFINED (__stack_size)?__stack_size:0x1000
                [!provide]                        PROVIDE (__stack_size = __stack_size)
                0x0000000000001000                __heap_size = DEFINED (__heap_size)?__heap_size:0x1000
                [!provide]                        PROVIDE (__executable_start = SEGMENT_START ("text-segment", 0x10000))
                0x0000000000010074                . = (SEGMENT_START ("text-segment", 0x10000) + SIZEOF_HEADERS)

.vectors        0x0000000000000000      0x104
                0x0000000000000000                PROVIDE (__vector_start = .)
 *(.vectors)
 .vectors       0x0000000000000000      0x104 /tmp/cc7vsvpZ.o

.init           0x0000000000000180       0x62
 *(SORT_NONE(.init))
 *(.text.start)
 .text.start    0x0000000000000180       0x62 /tmp/ccvZYcP2.o
                0x0000000000000180                _start
                0x00000000000001dc                _init
                0x00000000000001e0                _fini

.text           0x00000000000001e4     0x5616
 *(.text.unlikely .text.*_unlikely .text.unlikely.*)
 *(.text.exit .text.exit.*)
 .text.exit     0x00000000000001e4       0x26 /home/saverio/tools/riscv/riscv32-unknown-elf/lib/libc_nano.a(lib_a-exit.o)
                0x00000000000001e4                exit
 *(.text.startup .text.startup.*)
 .text.startup.main
                0x000000000000020a      0x38c /tmp/ccmHbJEe.ltrans0.ltrans.o
                0x000000000000020a                main
 *(.text.hot .text.hot.*)
 *(.text .stub .text.* .gnu.linkonce.t.*)
 .text          0x0000000000000596        0x0 /tmp/ccvZYcP2.o
 .text          0x0000000000000596        0x0 /tmp/cc7vsvpZ.o
 .text.vecs     0x0000000000000596       0x14 /tmp/cc7vsvpZ.o
 .text          0x00000000000005aa        0x0 /tmp/ccmHbJEe.ltrans0.ltrans.o
 .text.spi_set_enable.constprop.0
                0x00000000000005aa       0x1a /tmp/ccmHbJEe.ltrans0.ltrans.o
 .text.spi_output_enable.constprop.0
                0x00000000000005c4       0x22 /tmp/ccmHbJEe.ltrans0.ltrans.o
 .text.rv_timer_reset.constprop.0
                0x00000000000005e6       0x86 /tmp/ccmHbJEe.ltrans0.ltrans.o
 .text.print_exc_msg
                0x000000000000066c       0x20 /tmp/ccmHbJEe.ltrans0.ltrans.o
 .text.handler_instr_acc_fault
                0x000000000000068c       0x18 /tmp/ccmHbJEe.ltrans0.ltrans.o
 .text.handler_lsu_fault
                0x00000000000006a4       0x18 /tmp/ccmHbJEe.ltrans0.ltrans.o
 .text.write_to_flash_256_bytes_max.constprop.0
                0x00000000000006bc      0x12a /tmp/ccmHbJEe.ltrans0.ltrans.o
 *fill*         0x00000000000007e6        0x2 
 .text.handler_irq_timer
                0x00000000000007e8       0x3a /tmp/ccmHbJEe.ltrans0.ltrans.o
                0x00000000000007e8                handler_irq_timer
 *fill*         0x0000000000000822        0x2 
 .text.handler_irq_fast_spi_flash
                0x0000000000000824       0x42 /tmp/ccmHbJEe.ltrans0.ltrans.o
                0x0000000000000824                handler_irq_fast_spi_flash
 *fill*         0x0000000000000866        0x2 
 .text.handler_irq_fast_dma
                0x0000000000000868       0x1e /tmp/ccmHbJEe.ltrans0.ltrans.o
                0x0000000000000868                handler_irq_fast_dma
 *fill*         0x0000000000000886        0x2 
 .text.handler_exception
                0x0000000000000888       0x6e /tmp/ccmHbJEe.ltrans0.ltrans.o
                0x0000000000000888                handler_exception
 *fill*         0x00000000000008f6        0x2 
 .text.handler_irq_software
                0x00000000000008f8       0x2e /tmp/ccmHbJEe.ltrans0.ltrans.o
                0x00000000000008f8                handler_irq_software
 *fill*         0x0000000000000926        0x2 
 .text.handler_irq_external
                0x0000000000000928       0x2e /tmp/ccmHbJEe.ltrans0.ltrans.o
                0x0000000000000928                handler_irq_external
 *fill*         0x0000000000000956        0x2 
 .text.handler_irq_fast_timer_1
                0x0000000000000958       0x2e /tmp/ccmHbJEe.ltrans0.ltrans.o
                0x0000000000000958                handler_irq_fast_timer_1
 *fill*         0x0000000000000986        0x2 
 .text.handler_irq_fast_timer_2
                0x0000000000000988       0x2e /tmp/ccmHbJEe.ltrans0.ltrans.o
                0x0000000000000988                handler_irq_fast_timer_2
 *fill*         0x00000000000009b6        0x2 
 .text.handler_irq_fast_timer_3
                0x00000000000009b8       0x2e /tmp/ccmHbJEe.ltrans0.ltrans.o
                0x00000000000009b8                handler_irq_fast_timer_3
 *fill*         0x00000000000009e6        0x2 
 .text.handler_irq_fast_spi
                0x00000000000009e8       0x2e /tmp/ccmHbJEe.ltrans0.ltrans.o
                0x00000000000009e8                handler_irq_fast_spi
 *fill*         0x0000000000000a16        0x2 
 .text.handler_irq_fast_gpio_0
                0x0000000000000a18       0x2e /tmp/ccmHbJEe.ltrans0.ltrans.o
                0x0000000000000a18                handler_irq_fast_gpio_0
 *fill*         0x0000000000000a46        0x2 
 .text.handler_irq_fast_gpio_1
                0x0000000000000a48       0x2e /tmp/ccmHbJEe.ltrans0.ltrans.o
                0x0000000000000a48                handler_irq_fast_gpio_1
 *fill*         0x0000000000000a76        0x2 
 .text.handler_irq_fast_gpio_2
                0x0000000000000a78       0x2e /tmp/ccmHbJEe.ltrans0.ltrans.o
                0x0000000000000a78                handler_irq_fast_gpio_2
 *fill*         0x0000000000000aa6        0x2 
 .text.handler_irq_fast_gpio_3
                0x0000000000000aa8       0x2e /tmp/ccmHbJEe.ltrans0.ltrans.o
                0x0000000000000aa8                handler_irq_fast_gpio_3
 *fill*         0x0000000000000ad6        0x2 
 .text.handler_irq_fast_gpio_4
                0x0000000000000ad8       0x2e /tmp/ccmHbJEe.ltrans0.ltrans.o
                0x0000000000000ad8                handler_irq_fast_gpio_4
 *fill*         0x0000000000000b06        0x2 
 .text.handler_irq_fast_gpio_5
                0x0000000000000b08       0x2e /tmp/ccmHbJEe.ltrans0.ltrans.o
                0x0000000000000b08                handler_irq_fast_gpio_5
 *fill*         0x0000000000000b36        0x2 
 .text.handler_irq_fast_gpio_6
                0x0000000000000b38       0x2e /tmp/ccmHbJEe.ltrans0.ltrans.o
                0x0000000000000b38                handler_irq_fast_gpio_6
 *fill*         0x0000000000000b66        0x2 
 .text.handler_irq_fast_gpio_7
                0x0000000000000b68       0x2e /tmp/ccmHbJEe.ltrans0.ltrans.o
                0x0000000000000b68                handler_irq_fast_gpio_7
 .text.init     0x0000000000000b96        0x4 /tmp/ccmHbJEe.ltrans0.ltrans.o
                0x0000000000000b96                init
 .text._close   0x0000000000000b9a        0x4 /tmp/ccmHbJEe.ltrans0.ltrans.o
                0x0000000000000b9a                _close
 .text._exit    0x0000000000000b9e       0x10 /tmp/ccmHbJEe.ltrans0.ltrans.o
                0x0000000000000b9e                _exit
 .text._fstat   0x0000000000000bae        0x8 /tmp/ccmHbJEe.ltrans0.ltrans.o
                0x0000000000000bae                _fstat
 .text._isatty  0x0000000000000bb6        0x8 /tmp/ccmHbJEe.ltrans0.ltrans.o
                0x0000000000000bb6                _isatty
 .text._lseek   0x0000000000000bbe        0x4 /tmp/ccmHbJEe.ltrans0.ltrans.o
                0x0000000000000bbe                _lseek
 .text._read    0x0000000000000bc2        0x4 /tmp/ccmHbJEe.ltrans0.ltrans.o
                0x0000000000000bc2                _read
 .text._write   0x0000000000000bc6       0xa0 /tmp/ccmHbJEe.ltrans0.ltrans.o
                0x0000000000000bc6                _write
 .text._sbrk    0x0000000000000c66       0x32 /tmp/ccmHbJEe.ltrans0.ltrans.o
                0x0000000000000c66                _sbrk
 .text          0x0000000000000c98        0x0 /home/saverio/tools/riscv/riscv32-unknown-elf/lib/libc_nano.a(lib_a-atexit.o)
 .text.atexit   0x0000000000000c98        0xa /home/saverio/tools/riscv/riscv32-unknown-elf/lib/libc_nano.a(lib_a-atexit.o)
                0x0000000000000c98                atexit
 .text          0x0000000000000ca2        0x0 /home/saverio/tools/riscv/riscv32-unknown-elf/lib/libc_nano.a(lib_a-exit.o)
 .text          0x0000000000000ca2        0x0 /home/saverio/tools/riscv/riscv32-unknown-elf/lib/libc_nano.a(lib_a-fini.o)
 .text.__libc_fini_array
                0x0000000000000ca2       0x36 /home/saverio/tools/riscv/riscv32-unknown-elf/lib/libc_nano.a(lib_a-fini.o)
                0x0000000000000ca2                __libc_fini_array
 .text          0x0000000000000cd8        0x0 /home/saverio/tools/riscv/riscv32-unknown-elf/lib/libc_nano.a(lib_a-impure.o)
 .text          0x0000000000000cd8        0x0 /home/saverio/tools/riscv/riscv32-unknown-elf/lib/libc_nano.a(lib_a-init.o)
 .text.__libc_init_array
                0x0000000000000cd8       0x5e /home/saverio/tools/riscv/riscv32-unknown-elf/lib/libc_nano.a(lib_a-init.o)
                0x0000000000000cd8                __libc_init_array
 .text          0x0000000000000d36       0x10 /home/saverio/tools/riscv/riscv32-unknown-elf/lib/libc_nano.a(lib_a-memset.o)
                0x0000000000000d36                memset
 .text          0x0000000000000d46        0x0 /home/saverio/tools/riscv/riscv32-unknown-elf/lib/libc_nano.a(lib_a-puts.o)
 .text._puts_r  0x0000000000000d46       0xd8 /home/saverio/tools/riscv/riscv32-unknown-elf/lib/libc_nano.a(lib_a-puts.o)
                0x0000000000000d46                _puts_r
 .text.puts     0x0000000000000e1e        0x8 /home/saverio/tools/riscv/riscv32-unknown-elf/lib/libc_nano.a(lib_a-puts.o)
                0x0000000000000e1e                puts
 .text          0x0000000000000e26        0x0 /home/saverio/tools/riscv/riscv32-unknown-elf/lib/libc_nano.a(lib_a-reent.o)
 .text.cleanup_glue
                0x0000000000000e26       0x22 /home/saverio/tools/riscv/riscv32-unknown-elf/lib/libc_nano.a(lib_a-reent.o)
                0x0000000000000e26                cleanup_glue
 .text._reclaim_reent
                0x0000000000000e48       0xd4 /home/saverio/tools/riscv/riscv32-unknown-elf/lib/libc_nano.a(lib_a-reent.o)
                0x0000000000000e48                _reclaim_reent
 .text          0x0000000000000f1c        0x0 /home/saverio/tools/riscv/riscv32-unknown-elf/lib/libc_nano.a(lib_a-wbuf.o)
 .text.__swbuf_r
                0x0000000000000f1c       0xba /home/saverio/tools/riscv/riscv32-unknown-elf/lib/libc_nano.a(lib_a-wbuf.o)
                0x0000000000000f1c                __swbuf_r
 .text.__swbuf  0x0000000000000fd6        0xa /home/saverio/tools/riscv/riscv32-unknown-elf/lib/libc_nano.a(lib_a-wbuf.o)
                0x0000000000000fd6                __swbuf
 .text          0x0000000000000fe0        0x0 /home/saverio/tools/riscv/riscv32-unknown-elf/lib/libc_nano.a(lib_a-wsetup.o)
 .text.__swsetup_r
                0x0000000000000fe0      0x102 /home/saverio/tools/riscv/riscv32-unknown-elf/lib/libc_nano.a(lib_a-wsetup.o)
                0x0000000000000fe0                __swsetup_r
 .text          0x00000000000010e2        0x0 /home/saverio/tools/riscv/riscv32-unknown-elf/lib/libc_nano.a(lib_a-__atexit.o)
 .text.__register_exitproc
                0x00000000000010e2       0x80 /home/saverio/tools/riscv/riscv32-unknown-elf/lib/libc_nano.a(lib_a-__atexit.o)
                0x00000000000010e2                __register_exitproc
 .text          0x0000000000001162        0x0 /home/saverio/tools/riscv/riscv32-unknown-elf/lib/libc_nano.a(lib_a-__call_atexit.o)
 .text.__call_exitprocs
                0x0000000000001162       0xc4 /home/saverio/tools/riscv/riscv32-unknown-elf/lib/libc_nano.a(lib_a-__call_atexit.o)
                0x0000000000001162                __call_exitprocs
 .text          0x0000000000001226        0x0 /home/saverio/tools/riscv/riscv32-unknown-elf/lib/libc_nano.a(lib_a-fflush.o)
 .text.__sflush_r
                0x0000000000001226      0x146 /home/saverio/tools/riscv/riscv32-unknown-elf/lib/libc_nano.a(lib_a-fflush.o)
                0x0000000000001226                __sflush_r
 .text._fflush_r
                0x000000000000136c       0x5e /home/saverio/tools/riscv/riscv32-unknown-elf/lib/libc_nano.a(lib_a-fflush.o)
                0x000000000000136c                _fflush_r
 .text.fflush   0x00000000000013ca       0x16 /home/saverio/tools/riscv/riscv32-unknown-elf/lib/libc_nano.a(lib_a-fflush.o)
                0x00000000000013ca                fflush
 .text          0x00000000000013e0        0x0 /home/saverio/tools/riscv/riscv32-unknown-elf/lib/libc_nano.a(lib_a-findfp.o)
 .text.__fp_lock
                0x00000000000013e0        0x4 /home/saverio/tools/riscv/riscv32-unknown-elf/lib/libc_nano.a(lib_a-findfp.o)
 .text.std      0x00000000000013e4       0x62 /home/saverio/tools/riscv/riscv32-unknown-elf/lib/libc_nano.a(lib_a-findfp.o)
 .text._cleanup_r
                0x0000000000001446        0x8 /home/saverio/tools/riscv/riscv32-unknown-elf/lib/libc_nano.a(lib_a-findfp.o)
                0x0000000000001446                _cleanup_r
 .text.__fp_unlock
                0x000000000000144e        0x4 /home/saverio/tools/riscv/riscv32-unknown-elf/lib/libc_nano.a(lib_a-findfp.o)
 .text.__sfmoreglue
                0x0000000000001452       0x46 /home/saverio/tools/riscv/riscv32-unknown-elf/lib/libc_nano.a(lib_a-findfp.o)
                0x0000000000001452                __sfmoreglue
 .text._cleanup
                0x0000000000001498        0x6 /home/saverio/tools/riscv/riscv32-unknown-elf/lib/libc_nano.a(lib_a-findfp.o)
                0x0000000000001498                _cleanup
 .text.__sinit  0x000000000000149e       0x64 /home/saverio/tools/riscv/riscv32-unknown-elf/lib/libc_nano.a(lib_a-findfp.o)
                0x000000000000149e                __sinit
 .text.__sfp    0x0000000000001502       0x9a /home/saverio/tools/riscv/riscv32-unknown-elf/lib/libc_nano.a(lib_a-findfp.o)
                0x0000000000001502                __sfp
 .text.__sfp_lock_acquire
                0x000000000000159c        0x2 /home/saverio/tools/riscv/riscv32-unknown-elf/lib/libc_nano.a(lib_a-findfp.o)
                0x000000000000159c                __sfp_lock_acquire
 .text.__sfp_lock_release
                0x000000000000159e        0x2 /home/saverio/tools/riscv/riscv32-unknown-elf/lib/libc_nano.a(lib_a-findfp.o)
                0x000000000000159e                __sfp_lock_release
 .text.__sinit_lock_acquire
                0x00000000000015a0        0x2 /home/saverio/tools/riscv/riscv32-unknown-elf/lib/libc_nano.a(lib_a-findfp.o)
                0x00000000000015a0                __sinit_lock_acquire
 .text.__sinit_lock_release
                0x00000000000015a2        0x2 /home/saverio/tools/riscv/riscv32-unknown-elf/lib/libc_nano.a(lib_a-findfp.o)
                0x00000000000015a2                __sinit_lock_release
 .text.__fp_lock_all
                0x00000000000015a4        0xc /home/saverio/tools/riscv/riscv32-unknown-elf/lib/libc_nano.a(lib_a-findfp.o)
                0x00000000000015a4                __fp_lock_all
 .text.__fp_unlock_all
                0x00000000000015b0        0xc /home/saverio/tools/riscv/riscv32-unknown-elf/lib/libc_nano.a(lib_a-findfp.o)
                0x00000000000015b0                __fp_unlock_all
 .text          0x00000000000015bc        0x0 /home/saverio/tools/riscv/riscv32-unknown-elf/lib/libc_nano.a(lib_a-fwalk.o)
 .text._fwalk   0x00000000000015bc       0x62 /home/saverio/tools/riscv/riscv32-unknown-elf/lib/libc_nano.a(lib_a-fwalk.o)
                0x00000000000015bc                _fwalk
 .text._fwalk_reent
                0x000000000000161e       0x6a /home/saverio/tools/riscv/riscv32-unknown-elf/lib/libc_nano.a(lib_a-fwalk.o)
                0x000000000000161e                _fwalk_reent
 .text          0x0000000000001688        0x0 /home/saverio/tools/riscv/riscv32-unknown-elf/lib/libc_nano.a(lib_a-makebuf.o)
 .text.__swhatbuf_r
                0x0000000000001688       0x5c /home/saverio/tools/riscv/riscv32-unknown-elf/lib/libc_nano.a(lib_a-makebuf.o)
                0x0000000000001688                __swhatbuf_r
 .text.__smakebuf_r
                0x00000000000016e4       0x9a /home/saverio/tools/riscv/riscv32-unknown-elf/lib/libc_nano.a(lib_a-makebuf.o)
                0x00000000000016e4                __smakebuf_r
 .text          0x000000000000177e        0x0 /home/saverio/tools/riscv/riscv32-unknown-elf/lib/libc_nano.a(lib_a-nano-freer.o)
 .text._free_r  0x000000000000177e       0x9e /home/saverio/tools/riscv/riscv32-unknown-elf/lib/libc_nano.a(lib_a-nano-freer.o)
                0x000000000000177e                _free_r
 .text          0x000000000000181c        0x0 /home/saverio/tools/riscv/riscv32-unknown-elf/lib/libc_nano.a(lib_a-nano-mallocr.o)
 .text._malloc_r
                0x000000000000181c       0xd4 /home/saverio/tools/riscv/riscv32-unknown-elf/lib/libc_nano.a(lib_a-nano-mallocr.o)
                0x000000000000181c                _malloc_r
 .text          0x00000000000018f0        0x0 /home/saverio/tools/riscv/riscv32-unknown-elf/lib/libc_nano.a(lib_a-sbrkr.o)
 .text._sbrk_r  0x00000000000018f0       0x2c /home/saverio/tools/riscv/riscv32-unknown-elf/lib/libc_nano.a(lib_a-sbrkr.o)
                0x00000000000018f0                _sbrk_r
 .text          0x000000000000191c        0x0 /home/saverio/tools/riscv/riscv32-unknown-elf/lib/libc_nano.a(lib_a-stdio.o)
 .text.__sread  0x000000000000191c       0x30 /home/saverio/tools/riscv/riscv32-unknown-elf/lib/libc_nano.a(lib_a-stdio.o)
                0x000000000000191c                __sread
 .text.__seofread
                0x000000000000194c        0x4 /home/saverio/tools/riscv/riscv32-unknown-elf/lib/libc_nano.a(lib_a-stdio.o)
                0x000000000000194c                __seofread
 .text.__swrite
                0x0000000000001950       0x4e /home/saverio/tools/riscv/riscv32-unknown-elf/lib/libc_nano.a(lib_a-stdio.o)
                0x0000000000001950                __swrite
 .text.__sseek  0x000000000000199e       0x36 /home/saverio/tools/riscv/riscv32-unknown-elf/lib/libc_nano.a(lib_a-stdio.o)
                0x000000000000199e                __sseek
 .text.__sclose
                0x00000000000019d4        0x6 /home/saverio/tools/riscv/riscv32-unknown-elf/lib/libc_nano.a(lib_a-stdio.o)
                0x00000000000019d4                __sclose
 .text          0x00000000000019da        0x0 /home/saverio/tools/riscv/riscv32-unknown-elf/lib/libc_nano.a(lib_a-writer.o)
 .text._write_r
                0x00000000000019da       0x30 /home/saverio/tools/riscv/riscv32-unknown-elf/lib/libc_nano.a(lib_a-writer.o)
                0x00000000000019da                _write_r
 .text          0x0000000000001a0a        0x0 /home/saverio/tools/riscv/riscv32-unknown-elf/lib/libc_nano.a(lib_a-closer.o)
 .text._close_r
                0x0000000000001a0a       0x2c /home/saverio/tools/riscv/riscv32-unknown-elf/lib/libc_nano.a(lib_a-closer.o)
                0x0000000000001a0a                _close_r
 .text          0x0000000000001a36        0x0 /home/saverio/tools/riscv/riscv32-unknown-elf/lib/libc_nano.a(lib_a-fstatr.o)
 .text._fstat_r
                0x0000000000001a36       0x2e /home/saverio/tools/riscv/riscv32-unknown-elf/lib/libc_nano.a(lib_a-fstatr.o)
                0x0000000000001a36                _fstat_r
 .text          0x0000000000001a64        0x0 /home/saverio/tools/riscv/riscv32-unknown-elf/lib/libc_nano.a(lib_a-isattyr.o)
 .text._isatty_r
                0x0000000000001a64       0x2c /home/saverio/tools/riscv/riscv32-unknown-elf/lib/libc_nano.a(lib_a-isattyr.o)
                0x0000000000001a64                _isatty_r
 .text          0x0000000000001a90        0x0 /home/saverio/tools/riscv/riscv32-unknown-elf/lib/libc_nano.a(lib_a-lseekr.o)
 .text._lseek_r
                0x0000000000001a90       0x30 /home/saverio/tools/riscv/riscv32-unknown-elf/lib/libc_nano.a(lib_a-lseekr.o)
                0x0000000000001a90                _lseek_r
 .text          0x0000000000001ac0        0x0 /home/saverio/tools/riscv/riscv32-unknown-elf/lib/libc_nano.a(lib_a-mlock.o)
 .text.__malloc_lock
                0x0000000000001ac0        0x2 /home/saverio/tools/riscv/riscv32-unknown-elf/lib/libc_nano.a(lib_a-mlock.o)
                0x0000000000001ac0                __malloc_lock
 .text.__malloc_unlock
                0x0000000000001ac2        0x2 /home/saverio/tools/riscv/riscv32-unknown-elf/lib/libc_nano.a(lib_a-mlock.o)
                0x0000000000001ac2                __malloc_unlock
 .text          0x0000000000001ac4        0x0 /home/saverio/tools/riscv/riscv32-unknown-elf/lib/libc_nano.a(lib_a-readr.o)
 .text._read_r  0x0000000000001ac4       0x30 /home/saverio/tools/riscv/riscv32-unknown-elf/lib/libc_nano.a(lib_a-readr.o)
                0x0000000000001ac4                _read_r
 .text          0x0000000000001af4       0x16 /home/saverio/tools/riscv/riscv32-unknown-elf/lib/libc_nano.a(lib_a-memcpy-asm.o)
                0x0000000000001af4                memcpy
 .text          0x0000000000001b0a        0x0 /home/saverio/tools/riscv/riscv32-unknown-elf/lib/libc_nano.a(lib_a-printf.o)
 .text._printf_r
                0x0000000000001b0a       0x38 /home/saverio/tools/riscv/riscv32-unknown-elf/lib/libc_nano.a(lib_a-printf.o)
                0x0000000000001b0a                _printf_r
                0x0000000000001b0a                _iprintf_r
 .text.printf   0x0000000000001b42       0x3a /home/saverio/tools/riscv/riscv32-unknown-elf/lib/libc_nano.a(lib_a-printf.o)
                0x0000000000001b42                printf
                0x0000000000001b42                iprintf
 .text          0x0000000000001b7c        0x0 /home/saverio/tools/riscv/riscv32-unknown-elf/lib/libc_nano.a(lib_a-nano-vfprintf.o)
 .text.__sfputc_r
                0x0000000000001b7c       0x2a /home/saverio/tools/riscv/riscv32-unknown-elf/lib/libc_nano.a(lib_a-nano-vfprintf.o)
 .text.__sfputs_r
                0x0000000000001ba6       0x42 /home/saverio/tools/riscv/riscv32-unknown-elf/lib/libc_nano.a(lib_a-nano-vfprintf.o)
                0x0000000000001ba6                __sfputs_r
 .text.__sprint_r
                0x0000000000001be8       0x22 /home/saverio/tools/riscv/riscv32-unknown-elf/lib/libc_nano.a(lib_a-nano-vfprintf.o)
                0x0000000000001be8                __sprint_r
 .text._vfprintf_r
                0x0000000000001c0a      0x292 /home/saverio/tools/riscv/riscv32-unknown-elf/lib/libc_nano.a(lib_a-nano-vfprintf.o)
                0x0000000000001c0a                _vfiprintf_r
                0x0000000000001c0a                _vfprintf_r
 .text.vfprintf
                0x0000000000001e9c        0xc /home/saverio/tools/riscv/riscv32-unknown-elf/lib/libc_nano.a(lib_a-nano-vfprintf.o)
                0x0000000000001e9c                vfiprintf
                0x0000000000001e9c                vfprintf
 .text          0x0000000000001ea8        0x0 /home/saverio/tools/riscv/riscv32-unknown-elf/lib/libc_nano.a(lib_a-fvwrite.o)
 .text.__sfvwrite_r
                0x0000000000001ea8      0x2cc /home/saverio/tools/riscv/riscv32-unknown-elf/lib/libc_nano.a(lib_a-fvwrite.o)
                0x0000000000001ea8                __sfvwrite_r
 .text          0x0000000000002174        0x0 /home/saverio/tools/riscv/riscv32-unknown-elf/lib/libc_nano.a(lib_a-memchr.o)
 .text.memchr   0x0000000000002174       0x1a /home/saverio/tools/riscv/riscv32-unknown-elf/lib/libc_nano.a(lib_a-memchr.o)
                0x0000000000002174                memchr
 .text          0x000000000000218e       0x26 /home/saverio/tools/riscv/riscv32-unknown-elf/lib/libc_nano.a(lib_a-memmove.o)
                0x000000000000218e                memmove
 .text          0x00000000000021b4        0x0 /home/saverio/tools/riscv/riscv32-unknown-elf/lib/libc_nano.a(lib_a-nano-reallocr.o)
 .text._realloc_r
                0x00000000000021b4       0x7c /home/saverio/tools/riscv/riscv32-unknown-elf/lib/libc_nano.a(lib_a-nano-reallocr.o)
                0x00000000000021b4                _realloc_r
 .text          0x0000000000002230        0x0 /home/saverio/tools/riscv/riscv32-unknown-elf/lib/libc_nano.a(lib_a-nano-vfprintf_i.o)
 .text._printf_common
                0x0000000000002230      0x110 /home/saverio/tools/riscv/riscv32-unknown-elf/lib/libc_nano.a(lib_a-nano-vfprintf_i.o)
                0x0000000000002230                _printf_common
 .text._printf_i
                0x0000000000002340      0x25a /home/saverio/tools/riscv/riscv32-unknown-elf/lib/libc_nano.a(lib_a-nano-vfprintf_i.o)
                0x0000000000002340                _printf_i
 .text          0x000000000000259a        0x0 /home/saverio/tools/riscv/riscv32-unknown-elf/lib/libc_nano.a(lib_a-nano-msizer.o)
 .text._malloc_usable_size_r
                0x000000000000259a       0x14 /home/saverio/tools/riscv/riscv32-unknown-elf/lib/libc_nano.a(lib_a-nano-msizer.o)
                0x000000000000259a                _malloc_usable_size_r
 .text          0x00000000000025ae        0x0 /home/saverio/tools/riscv/riscv32-unknown-elf/lib/libm_nano.a(lib_a-s_round.o)
 .text.round    0x00000000000025ae       0xb6 /home/saverio/tools/riscv/riscv32-unknown-elf/lib/libm_nano.a(lib_a-s_round.o)
                0x00000000000025ae                round
 .text          0x0000000000002664        0x0 /home/saverio/tools/riscv/riscv32-unknown-elf/lib/libm_nano.a(lib_a-s_sin.o)
 .text.sin      0x0000000000002664       0x7c /home/saverio/tools/riscv/riscv32-unknown-elf/lib/libm_nano.a(lib_a-s_sin.o)
                0x0000000000002664                sin
 .text          0x00000000000026e0        0x0 /home/saverio/tools/riscv/riscv32-unknown-elf/lib/libm_nano.a(lib_a-e_rem_pio2.o)
 .text.__ieee754_rem_pio2
                0x00000000000026e0      0x41a /home/saverio/tools/riscv/riscv32-unknown-elf/lib/libm_nano.a(lib_a-e_rem_pio2.o)
                0x00000000000026e0                __ieee754_rem_pio2
 .text          0x0000000000002afa        0x0 /home/saverio/tools/riscv/riscv32-unknown-elf/lib/libm_nano.a(lib_a-k_cos.o)
 .text.__kernel_cos
                0x0000000000002afa      0x190 /home/saverio/tools/riscv/riscv32-unknown-elf/lib/libm_nano.a(lib_a-k_cos.o)
                0x0000000000002afa                __kernel_cos
 .text          0x0000000000002c8a        0x0 /home/saverio/tools/riscv/riscv32-unknown-elf/lib/libm_nano.a(lib_a-k_rem_pio2.o)
 .text.__kernel_rem_pio2
                0x0000000000002c8a      0x752 /home/saverio/tools/riscv/riscv32-unknown-elf/lib/libm_nano.a(lib_a-k_rem_pio2.o)
                0x0000000000002c8a                __kernel_rem_pio2
 .text          0x00000000000033dc        0x0 /home/saverio/tools/riscv/riscv32-unknown-elf/lib/libm_nano.a(lib_a-k_sin.o)
 .text.__kernel_sin
                0x00000000000033dc      0x172 /home/saverio/tools/riscv/riscv32-unknown-elf/lib/libm_nano.a(lib_a-k_sin.o)
                0x00000000000033dc                __kernel_sin
 .text          0x000000000000354e        0x0 /home/saverio/tools/riscv/riscv32-unknown-elf/lib/libm_nano.a(lib_a-s_fabs.o)
 .text.fabs     0x000000000000354e        0xe /home/saverio/tools/riscv/riscv32-unknown-elf/lib/libm_nano.a(lib_a-s_fabs.o)
                0x000000000000354e                fabs
 .text          0x000000000000355c        0x0 /home/saverio/tools/riscv/riscv32-unknown-elf/lib/libm_nano.a(lib_a-s_floor.o)
 .text.floor    0x000000000000355c      0x12e /home/saverio/tools/riscv/riscv32-unknown-elf/lib/libm_nano.a(lib_a-s_floor.o)
                0x000000000000355c                floor
 .text          0x000000000000368a        0x0 /home/saverio/tools/riscv/riscv32-unknown-elf/lib/libm_nano.a(lib_a-s_scalbn.o)
 .text.scalbn   0x000000000000368a       0xea /home/saverio/tools/riscv/riscv32-unknown-elf/lib/libm_nano.a(lib_a-s_scalbn.o)
                0x000000000000368a                scalbn
 .text          0x0000000000003774      0x622 /home/saverio/tools/riscv/lib/gcc/riscv32-unknown-elf/11.1.0/libgcc.a(adddf3.o)
                0x0000000000003774                __adddf3
 .text          0x0000000000003d96       0x6a /home/saverio/tools/riscv/lib/gcc/riscv32-unknown-elf/11.1.0/libgcc.a(eqdf2.o)
                0x0000000000003d96                __eqdf2
                0x0000000000003d96                __nedf2
 .text          0x0000000000003e00       0xa6 /home/saverio/tools/riscv/lib/gcc/riscv32-unknown-elf/11.1.0/libgcc.a(gedf2.o)
                0x0000000000003e00                __gtdf2
                0x0000000000003e00                __gedf2
 .text          0x0000000000003ea6      0x476 /home/saverio/tools/riscv/lib/gcc/riscv32-unknown-elf/11.1.0/libgcc.a(muldf3.o)
                0x0000000000003ea6                __muldf3
 .text          0x000000000000431c      0x630 /home/saverio/tools/riscv/lib/gcc/riscv32-unknown-elf/11.1.0/libgcc.a(subdf3.o)
                0x000000000000431c                __subdf3
 .text          0x000000000000494c       0x66 /home/saverio/tools/riscv/lib/gcc/riscv32-unknown-elf/11.1.0/libgcc.a(fixdfsi.o)
                0x000000000000494c                __fixdfsi
 .text          0x00000000000049b2       0x66 /home/saverio/tools/riscv/lib/gcc/riscv32-unknown-elf/11.1.0/libgcc.a(floatsidf.o)
                0x00000000000049b2                __floatsidf
 .text          0x0000000000004a18       0x3a /home/saverio/tools/riscv/lib/gcc/riscv32-unknown-elf/11.1.0/libgcc.a(_clzsi2.o)
                0x0000000000004a18                __clzsi2
 .text          0x0000000000004a52        0x0 /home/saverio/tools/riscv/lib/gcc/riscv32-unknown-elf/11.1.0/libgcc.a(_clz.o)
 .text          0x0000000000004a52       0x24 /home/saverio/tools/riscv/lib/gcc/riscv32-unknown-elf/11.1.0/libgcc.a(_bswapsi2.o)
                0x0000000000004a52                __bswapsi2
 .text          0x0000000000004a76      0x39a /home/saverio/tools/riscv/lib/gcc/riscv32-unknown-elf/11.1.0/libgcc.a(_divdi3.o)
                0x0000000000004a76                __divdi3
 .text          0x0000000000004e10      0x376 /home/saverio/tools/riscv/lib/gcc/riscv32-unknown-elf/11.1.0/libgcc.a(_moddi3.o)
                0x0000000000004e10                __moddi3
 .text          0x0000000000005186      0x35a /home/saverio/tools/riscv/lib/gcc/riscv32-unknown-elf/11.1.0/libgcc.a(_udivdi3.o)
                0x0000000000005186                __udivdi3
 .text          0x00000000000054e0      0x31a /home/saverio/tools/riscv/lib/gcc/riscv32-unknown-elf/11.1.0/libgcc.a(_umoddi3.o)
                0x00000000000054e0                __umoddi3
 *(.gnu.warning)

.fini
 *(SORT_NONE(.fini))
                [!provide]                        PROVIDE (__etext = .)
                [!provide]                        PROVIDE (_etext = .)
                [!provide]                        PROVIDE (etext = .)

.rodata         0x0000000000008000     0xf210
 *(.rodata .rodata.* .gnu.linkonce.r.*)
 .rodata        0x0000000000008000       0x20 /tmp/cc7vsvpZ.o
 .rodata.print_exc_msg.str1.4
                0x0000000000008020       0x19 /tmp/ccmHbJEe.ltrans0.ltrans.o
 *fill*         0x0000000000008039        0x3 
 .rodata.handler_instr_acc_fault.str1.4
                0x000000000000803c       0x35 /tmp/ccmHbJEe.ltrans0.ltrans.o
 *fill*         0x0000000000008071        0x3 
 .rodata.handler_lsu_fault.str1.4
                0x0000000000008074       0x31 /tmp/ccmHbJEe.ltrans0.ltrans.o
 *fill*         0x00000000000080a5        0x3 
 .rodata.write_to_flash_256_bytes_max.constprop.0.str1.4
                0x00000000000080a8       0x79 /tmp/ccmHbJEe.ltrans0.ltrans.o
 *fill*         0x0000000000008121        0x3 
 .rodata.main.str1.4
                0x0000000000008124       0x7c /tmp/ccmHbJEe.ltrans0.ltrans.o
 .rodata.handler_exception.str1.4
                0x00000000000081a0       0x95 /tmp/ccmHbJEe.ltrans0.ltrans.o
 *fill*         0x0000000000008235        0x3 
 .rodata.handler_exception
                0x0000000000008238       0x30 /tmp/ccmHbJEe.ltrans0.ltrans.o
 .rodata.handler_irq_software.str1.4
                0x0000000000008268       0x18 /tmp/ccmHbJEe.ltrans0.ltrans.o
 .rodata.handler_irq_external.str1.4
                0x0000000000008280       0x18 /tmp/ccmHbJEe.ltrans0.ltrans.o
 .rodata.handler_irq_fast_timer_1.str1.4
                0x0000000000008298       0x1c /tmp/ccmHbJEe.ltrans0.ltrans.o
 .rodata.handler_irq_fast_timer_2.str1.4
                0x00000000000082b4       0x1c /tmp/ccmHbJEe.ltrans0.ltrans.o
 .rodata.handler_irq_fast_timer_3.str1.4
                0x00000000000082d0       0x1c /tmp/ccmHbJEe.ltrans0.ltrans.o
 .rodata.handler_irq_fast_spi.str1.4
                0x00000000000082ec       0x18 /tmp/ccmHbJEe.ltrans0.ltrans.o
 .rodata.handler_irq_fast_gpio_0.str1.4
                0x0000000000008304       0x1b /tmp/ccmHbJEe.ltrans0.ltrans.o
 *fill*         0x000000000000831f        0x1 
 .rodata.handler_irq_fast_gpio_1.str1.4
                0x0000000000008320       0x1b /tmp/ccmHbJEe.ltrans0.ltrans.o
 *fill*         0x000000000000833b        0x1 
 .rodata.handler_irq_fast_gpio_2.str1.4
                0x000000000000833c       0x1b /tmp/ccmHbJEe.ltrans0.ltrans.o
 *fill*         0x0000000000008357        0x1 
 .rodata.handler_irq_fast_gpio_3.str1.4
                0x0000000000008358       0x1b /tmp/ccmHbJEe.ltrans0.ltrans.o
 *fill*         0x0000000000008373        0x1 
 .rodata.handler_irq_fast_gpio_4.str1.4
                0x0000000000008374       0x1b /tmp/ccmHbJEe.ltrans0.ltrans.o
 *fill*         0x000000000000838f        0x1 
 .rodata.handler_irq_fast_gpio_5.str1.4
                0x0000000000008390       0x1b /tmp/ccmHbJEe.ltrans0.ltrans.o
 *fill*         0x00000000000083ab        0x1 
 .rodata.handler_irq_fast_gpio_6.str1.4
                0x00000000000083ac       0x1b /tmp/ccmHbJEe.ltrans0.ltrans.o
 *fill*         0x00000000000083c7        0x1 
 .rodata.handler_irq_fast_gpio_7.str1.4
                0x00000000000083c8       0x1b /tmp/ccmHbJEe.ltrans0.ltrans.o
 *fill*         0x00000000000083e3        0x1 
 .rodata.chirp  0x00000000000083e4     0xea60 /tmp/ccmHbJEe.ltrans0.ltrans.o
 .rodata.__sf_fake_stderr
                0x0000000000016e44       0x20 /home/saverio/tools/riscv/riscv32-unknown-elf/lib/libc_nano.a(lib_a-findfp.o)
                0x0000000000016e44                __sf_fake_stderr
 .rodata.__sf_fake_stdin
                0x0000000000016e64       0x20 /home/saverio/tools/riscv/riscv32-unknown-elf/lib/libc_nano.a(lib_a-findfp.o)
                0x0000000000016e64                __sf_fake_stdin
 .rodata.__sf_fake_stdout
                0x0000000000016e84       0x20 /home/saverio/tools/riscv/riscv32-unknown-elf/lib/libc_nano.a(lib_a-findfp.o)
                0x0000000000016e84                __sf_fake_stdout
 .rodata._vfprintf_r.str1.4
                0x0000000000016ea4       0x13 /home/saverio/tools/riscv/riscv32-unknown-elf/lib/libc_nano.a(lib_a-nano-vfprintf.o)
 *fill*         0x0000000000016eb7        0x1 
 .rodata._printf_i.str1.4
                0x0000000000016eb8       0x25 /home/saverio/tools/riscv/riscv32-unknown-elf/lib/libc_nano.a(lib_a-nano-vfprintf_i.o)
 *fill*         0x0000000000016edd        0x3 
 .rodata._printf_i
                0x0000000000016ee0       0x58 /home/saverio/tools/riscv/riscv32-unknown-elf/lib/libc_nano.a(lib_a-nano-vfprintf_i.o)
 .rodata.npio2_hw
                0x0000000000016f38       0x80 /home/saverio/tools/riscv/riscv32-unknown-elf/lib/libm_nano.a(lib_a-e_rem_pio2.o)
 .rodata.two_over_pi
                0x0000000000016fb8      0x108 /home/saverio/tools/riscv/riscv32-unknown-elf/lib/libm_nano.a(lib_a-e_rem_pio2.o)
 .rodata.PIo2   0x00000000000170c0       0x40 /home/saverio/tools/riscv/riscv32-unknown-elf/lib/libm_nano.a(lib_a-k_rem_pio2.o)
 .rodata.init_jk
                0x0000000000017100       0x10 /home/saverio/tools/riscv/riscv32-unknown-elf/lib/libm_nano.a(lib_a-k_rem_pio2.o)
 .rodata        0x0000000000017110      0x100 /home/saverio/tools/riscv/lib/gcc/riscv32-unknown-elf/11.1.0/libgcc.a(_clz.o)
                0x0000000000017110                __clz_tab

.rodata1
 *(.rodata1)

.eh_frame_hdr
 *(.eh_frame_hdr)
 *(.eh_frame_entry .eh_frame_entry.*)

.eh_frame       0x00000000000057fc       0x64
 *(.eh_frame)
 .eh_frame      0x00000000000057fc       0x28 /home/saverio/tools/riscv/lib/gcc/riscv32-unknown-elf/11.1.0/libgcc.a(_divdi3.o)
 .eh_frame      0x0000000000005824       0x14 /home/saverio/tools/riscv/lib/gcc/riscv32-unknown-elf/11.1.0/libgcc.a(_moddi3.o)
                                         0x28 (size before relaxing)
 .eh_frame      0x0000000000005838       0x14 /home/saverio/tools/riscv/lib/gcc/riscv32-unknown-elf/11.1.0/libgcc.a(_udivdi3.o)
                                         0x28 (size before relaxing)
 .eh_frame      0x000000000000584c       0x14 /home/saverio/tools/riscv/lib/gcc/riscv32-unknown-elf/11.1.0/libgcc.a(_umoddi3.o)
                                         0x28 (size before relaxing)
 *(.eh_frame.*)

.rela.dyn       0x0000000000005860        0x0
 .rela.text.start
                0x0000000000005860        0x0 /tmp/ccvZYcP2.o
 .rela.text.__libc_fini_array
                0x0000000000005860        0x0 /tmp/ccvZYcP2.o
 .rela.text.__libc_init_array
                0x0000000000005860        0x0 /tmp/ccvZYcP2.o
 .rela.text.__register_exitproc
                0x0000000000005860        0x0 /tmp/ccvZYcP2.o
 .rela.text._sbrk
                0x0000000000005860        0x0 /tmp/ccvZYcP2.o
 .rela.sdata.brk
                0x0000000000005860        0x0 /tmp/ccvZYcP2.o
 .rela.text._vfprintf_r
                0x0000000000005860        0x0 /tmp/ccvZYcP2.o

.gcc_except_table
 *(.gcc_except_table .gcc_except_table.*)

.gnu_extab
 *(.gnu_extab*)
                0x0000000000006860                . = DATA_SEGMENT_ALIGN (CONSTANT (MAXPAGESIZE), CONSTANT (COMMONPAGESIZE))

.eh_frame
 *(.eh_frame)
 *(.eh_frame.*)

.gnu_extab
 *(.gnu_extab)

.gcc_except_table
 *(.gcc_except_table .gcc_except_table.*)

.exception_ranges
 *(.exception_ranges .exception_ranges*)

.tdata          0x0000000000017210        0x0
                [!provide]                        PROVIDE (__tdata_start = .)
 *(.tdata .tdata.* .gnu.linkonce.td.*)

.tbss
 *(.tbss .tbss.* .gnu.linkonce.tb.*)
 *(.tcommon)

.preinit_array  0x0000000000017210        0x0
                0x0000000000017210                PROVIDE (__preinit_array_start = .)
 *(.preinit_array)
                0x0000000000017210                PROVIDE (__preinit_array_end = .)

.init_array     0x0000000000017210        0x0
                0x0000000000017210                PROVIDE (__init_array_start = .)
 *(SORT_BY_INIT_PRIORITY(.init_array.*) SORT_BY_INIT_PRIORITY(.ctors.*))
 *(.init_array EXCLUDE_FILE(*crtend?.o *crtend.o *crtbegin?.o *crtbegin.o) .ctors)
                0x0000000000017210                PROVIDE (__init_array_end = .)

.fini_array     0x0000000000017210        0x0
                0x0000000000017210                PROVIDE (__fini_array_start = .)
 *(SORT_BY_INIT_PRIORITY(.fini_array.*) SORT_BY_INIT_PRIORITY(.dtors.*))
 *(.fini_array EXCLUDE_FILE(*crtend?.o *crtend.o *crtbegin?.o *crtbegin.o) .dtors)
                0x0000000000017210                PROVIDE (__fini_array_end = .)

.ctors
 *crtbegin.o(.ctors)
 *crtbegin?.o(.ctors)
 *(EXCLUDE_FILE(*crtend?.o *crtend.o) .ctors)
 *(SORT_BY_NAME(.ctors.*))
 *(.ctors)

.dtors
 *crtbegin.o(.dtors)
 *crtbegin?.o(.dtors)
 *(EXCLUDE_FILE(*crtend?.o *crtend.o) .dtors)
 *(SORT_BY_NAME(.dtors.*))
 *(.dtors)
                0x0000000000017210                . = DATA_SEGMENT_RELRO_END (., 0x0)

.data           0x0000000000017210       0x60
                0x0000000000017210                __DATA_BEGIN__ = .
 *(.data .data.* .gnu.linkonce.d.*)
 .data          0x0000000000017210        0x0 /tmp/ccvZYcP2.o
 .data          0x0000000000017210        0x0 /tmp/cc7vsvpZ.o
 .data          0x0000000000017210        0x0 /tmp/ccmHbJEe.ltrans0.ltrans.o
 .data          0x0000000000017210        0x0 /home/saverio/tools/riscv/riscv32-unknown-elf/lib/libc_nano.a(lib_a-atexit.o)
 .data          0x0000000000017210        0x0 /home/saverio/tools/riscv/riscv32-unknown-elf/lib/libc_nano.a(lib_a-exit.o)
 .data          0x0000000000017210        0x0 /home/saverio/tools/riscv/riscv32-unknown-elf/lib/libc_nano.a(lib_a-fini.o)
 .data          0x0000000000017210        0x0 /home/saverio/tools/riscv/riscv32-unknown-elf/lib/libc_nano.a(lib_a-impure.o)
 .data.impure_data
                0x0000000000017210       0x60 /home/saverio/tools/riscv/riscv32-unknown-elf/lib/libc_nano.a(lib_a-impure.o)
 .data          0x0000000000017270        0x0 /home/saverio/tools/riscv/riscv32-unknown-elf/lib/libc_nano.a(lib_a-init.o)
 .data          0x0000000000017270        0x0 /home/saverio/tools/riscv/riscv32-unknown-elf/lib/libc_nano.a(lib_a-memset.o)
 .data          0x0000000000017270        0x0 /home/saverio/tools/riscv/riscv32-unknown-elf/lib/libc_nano.a(lib_a-puts.o)
 .data          0x0000000000017270        0x0 /home/saverio/tools/riscv/riscv32-unknown-elf/lib/libc_nano.a(lib_a-reent.o)
 .data          0x0000000000017270        0x0 /home/saverio/tools/riscv/riscv32-unknown-elf/lib/libc_nano.a(lib_a-wbuf.o)
 .data          0x0000000000017270        0x0 /home/saverio/tools/riscv/riscv32-unknown-elf/lib/libc_nano.a(lib_a-wsetup.o)
 .data          0x0000000000017270        0x0 /home/saverio/tools/riscv/riscv32-unknown-elf/lib/libc_nano.a(lib_a-__atexit.o)
 .data          0x0000000000017270        0x0 /home/saverio/tools/riscv/riscv32-unknown-elf/lib/libc_nano.a(lib_a-__call_atexit.o)
 .data          0x0000000000017270        0x0 /home/saverio/tools/riscv/riscv32-unknown-elf/lib/libc_nano.a(lib_a-fflush.o)
 .data          0x0000000000017270        0x0 /home/saverio/tools/riscv/riscv32-unknown-elf/lib/libc_nano.a(lib_a-findfp.o)
 .data          0x0000000000017270        0x0 /home/saverio/tools/riscv/riscv32-unknown-elf/lib/libc_nano.a(lib_a-fwalk.o)
 .data          0x0000000000017270        0x0 /home/saverio/tools/riscv/riscv32-unknown-elf/lib/libc_nano.a(lib_a-makebuf.o)
 .data          0x0000000000017270        0x0 /home/saverio/tools/riscv/riscv32-unknown-elf/lib/libc_nano.a(lib_a-nano-freer.o)
 .data          0x0000000000017270        0x0 /home/saverio/tools/riscv/riscv32-unknown-elf/lib/libc_nano.a(lib_a-nano-mallocr.o)
 .data          0x0000000000017270        0x0 /home/saverio/tools/riscv/riscv32-unknown-elf/lib/libc_nano.a(lib_a-sbrkr.o)
 .data          0x0000000000017270        0x0 /home/saverio/tools/riscv/riscv32-unknown-elf/lib/libc_nano.a(lib_a-stdio.o)
 .data          0x0000000000017270        0x0 /home/saverio/tools/riscv/riscv32-unknown-elf/lib/libc_nano.a(lib_a-writer.o)
 .data          0x0000000000017270        0x0 /home/saverio/tools/riscv/riscv32-unknown-elf/lib/libc_nano.a(lib_a-closer.o)
 .data          0x0000000000017270        0x0 /home/saverio/tools/riscv/riscv32-unknown-elf/lib/libc_nano.a(lib_a-fstatr.o)
 .data          0x0000000000017270        0x0 /home/saverio/tools/riscv/riscv32-unknown-elf/lib/libc_nano.a(lib_a-isattyr.o)
 .data          0x0000000000017270        0x0 /home/saverio/tools/riscv/riscv32-unknown-elf/lib/libc_nano.a(lib_a-lseekr.o)
 .data          0x0000000000017270        0x0 /home/saverio/tools/riscv/riscv32-unknown-elf/lib/libc_nano.a(lib_a-mlock.o)
 .data          0x0000000000017270        0x0 /home/saverio/tools/riscv/riscv32-unknown-elf/lib/libc_nano.a(lib_a-readr.o)
 .data          0x0000000000017270        0x0 /home/saverio/tools/riscv/riscv32-unknown-elf/lib/libc_nano.a(lib_a-memcpy-asm.o)
 .data          0x0000000000017270        0x0 /home/saverio/tools/riscv/riscv32-unknown-elf/lib/libc_nano.a(lib_a-printf.o)
 .data          0x0000000000017270        0x0 /home/saverio/tools/riscv/riscv32-unknown-elf/lib/libc_nano.a(lib_a-nano-vfprintf.o)
 .data          0x0000000000017270        0x0 /home/saverio/tools/riscv/riscv32-unknown-elf/lib/libc_nano.a(lib_a-fvwrite.o)
 .data          0x0000000000017270        0x0 /home/saverio/tools/riscv/riscv32-unknown-elf/lib/libc_nano.a(lib_a-memchr.o)
 .data          0x0000000000017270        0x0 /home/saverio/tools/riscv/riscv32-unknown-elf/lib/libc_nano.a(lib_a-memmove.o)
 .data          0x0000000000017270        0x0 /home/saverio/tools/riscv/riscv32-unknown-elf/lib/libc_nano.a(lib_a-nano-reallocr.o)
 .data          0x0000000000017270        0x0 /home/saverio/tools/riscv/riscv32-unknown-elf/lib/libc_nano.a(lib_a-nano-vfprintf_i.o)
 .data          0x0000000000017270        0x0 /home/saverio/tools/riscv/riscv32-unknown-elf/lib/libc_nano.a(lib_a-nano-msizer.o)
 .data          0x0000000000017270        0x0 /home/saverio/tools/riscv/riscv32-unknown-elf/lib/libm_nano.a(lib_a-s_round.o)
 .data          0x0000000000017270        0x0 /home/saverio/tools/riscv/riscv32-unknown-elf/lib/libm_nano.a(lib_a-s_sin.o)
 .data          0x0000000000017270        0x0 /home/saverio/tools/riscv/riscv32-unknown-elf/lib/libm_nano.a(lib_a-e_rem_pio2.o)
 .data          0x0000000000017270        0x0 /home/saverio/tools/riscv/riscv32-unknown-elf/lib/libm_nano.a(lib_a-k_cos.o)
 .data          0x0000000000017270        0x0 /home/saverio/tools/riscv/riscv32-unknown-elf/lib/libm_nano.a(lib_a-k_rem_pio2.o)
 .data          0x0000000000017270        0x0 /home/saverio/tools/riscv/riscv32-unknown-elf/lib/libm_nano.a(lib_a-k_sin.o)
 .data          0x0000000000017270        0x0 /home/saverio/tools/riscv/riscv32-unknown-elf/lib/libm_nano.a(lib_a-s_fabs.o)
 .data          0x0000000000017270        0x0 /home/saverio/tools/riscv/riscv32-unknown-elf/lib/libm_nano.a(lib_a-s_floor.o)
 .data          0x0000000000017270        0x0 /home/saverio/tools/riscv/riscv32-unknown-elf/lib/libm_nano.a(lib_a-s_scalbn.o)
 .data          0x0000000000017270        0x0 /home/saverio/tools/riscv/lib/gcc/riscv32-unknown-elf/11.1.0/libgcc.a(adddf3.o)
 .data          0x0000000000017270        0x0 /home/saverio/tools/riscv/lib/gcc/riscv32-unknown-elf/11.1.0/libgcc.a(eqdf2.o)
 .data          0x0000000000017270        0x0 /home/saverio/tools/riscv/lib/gcc/riscv32-unknown-elf/11.1.0/libgcc.a(gedf2.o)
 .data          0x0000000000017270        0x0 /home/saverio/tools/riscv/lib/gcc/riscv32-unknown-elf/11.1.0/libgcc.a(muldf3.o)
 .data          0x0000000000017270        0x0 /home/saverio/tools/riscv/lib/gcc/riscv32-unknown-elf/11.1.0/libgcc.a(subdf3.o)
 .data          0x0000000000017270        0x0 /home/saverio/tools/riscv/lib/gcc/riscv32-unknown-elf/11.1.0/libgcc.a(fixdfsi.o)
 .data          0x0000000000017270        0x0 /home/saverio/tools/riscv/lib/gcc/riscv32-unknown-elf/11.1.0/libgcc.a(floatsidf.o)
 .data          0x0000000000017270        0x0 /home/saverio/tools/riscv/lib/gcc/riscv32-unknown-elf/11.1.0/libgcc.a(_clzsi2.o)
 .data          0x0000000000017270        0x0 /home/saverio/tools/riscv/lib/gcc/riscv32-unknown-elf/11.1.0/libgcc.a(_clz.o)
 .data          0x0000000000017270        0x0 /home/saverio/tools/riscv/lib/gcc/riscv32-unknown-elf/11.1.0/libgcc.a(_bswapsi2.o)
 .data          0x0000000000017270        0x0 /home/saverio/tools/riscv/lib/gcc/riscv32-unknown-elf/11.1.0/libgcc.a(_divdi3.o)
 .data          0x0000000000017270        0x0 /home/saverio/tools/riscv/lib/gcc/riscv32-unknown-elf/11.1.0/libgcc.a(_moddi3.o)
 .data          0x0000000000017270        0x0 /home/saverio/tools/riscv/lib/gcc/riscv32-unknown-elf/11.1.0/libgcc.a(_udivdi3.o)
 .data          0x0000000000017270        0x0 /home/saverio/tools/riscv/lib/gcc/riscv32-unknown-elf/11.1.0/libgcc.a(_umoddi3.o)

.data1
 *(.data1)

.sdata          0x0000000000017270      0x110
                0x0000000000017270                __SDATA_BEGIN__ = .
 *(.srodata.cst16)
 *(.srodata.cst8)
 .srodata.cst8  0x0000000000017270       0x48 /home/saverio/tools/riscv/riscv32-unknown-elf/lib/libm_nano.a(lib_a-e_rem_pio2.o)
 .srodata.cst8  0x00000000000172b8       0x40 /home/saverio/tools/riscv/riscv32-unknown-elf/lib/libm_nano.a(lib_a-k_cos.o)
                                         0x48 (size before relaxing)
 .srodata.cst8  0x00000000000172f8       0x18 /home/saverio/tools/riscv/riscv32-unknown-elf/lib/libm_nano.a(lib_a-k_rem_pio2.o)
                                         0x30 (size before relaxing)
 .srodata.cst8  0x0000000000017310       0x30 /home/saverio/tools/riscv/riscv32-unknown-elf/lib/libm_nano.a(lib_a-k_sin.o)
                                         0x38 (size before relaxing)
 .srodata.cst8  0x0000000000017340        0x8 /home/saverio/tools/riscv/riscv32-unknown-elf/lib/libm_nano.a(lib_a-s_floor.o)
 .srodata.cst8  0x0000000000017348       0x28 /home/saverio/tools/riscv/riscv32-unknown-elf/lib/libm_nano.a(lib_a-s_scalbn.o)
                                         0x30 (size before relaxing)
 *(.srodata.cst4)
 *(.srodata.cst2)
 *(.srodata .srodata.*)
 .srodata._global_impure_ptr
                0x0000000000017370        0x4 /home/saverio/tools/riscv/riscv32-unknown-elf/lib/libc_nano.a(lib_a-impure.o)
                0x0000000000017370                _global_impure_ptr
 *(.sdata .sdata.* .gnu.linkonce.s.*)
 .sdata.brk     0x0000000000017374        0x4 /tmp/ccmHbJEe.ltrans0.ltrans.o
 .sdata._impure_ptr
                0x0000000000017378        0x4 /home/saverio/tools/riscv/riscv32-unknown-elf/lib/libc_nano.a(lib_a-impure.o)
                0x0000000000017378                _impure_ptr
 .sdata.__atexit_dummy
                0x000000000001737c        0x4 /home/saverio/tools/riscv/riscv32-unknown-elf/lib/libc_nano.a(lib_a-__atexit.o)
                0x000000000001737c                __atexit_dummy
                0x0000000000017380                _edata = .
                [!provide]                        PROVIDE (edata = .)
                0x0000000000017380                . = .
                0x0000000000017380                __bss_start = .

.sbss           0x0000000000017380       0x24
 *(.dynsbss)
 *(.sbss .sbss.* .gnu.linkonce.sb.*)
 .sbss.dma_intr_flag
                0x0000000000017380        0x1 /tmp/ccmHbJEe.ltrans0.ltrans.o
 *fill*         0x0000000000017381        0x3 
 .sbss.spi_host_adc
                0x0000000000017384        0x4 /tmp/ccmHbJEe.ltrans0.ltrans.o
 .sbss.spi_host_dac
                0x0000000000017388        0x4 /tmp/ccmHbJEe.ltrans0.ltrans.o
 .sbss.spi_host_flash
                0x000000000001738c        0x4 /tmp/ccmHbJEe.ltrans0.ltrans.o
 .sbss.spi_intr_flag
                0x0000000000017390        0x1 /tmp/ccmHbJEe.ltrans0.ltrans.o
 *fill*         0x0000000000017391        0x3 
 .sbss.errno    0x0000000000017394        0x4 /home/saverio/tools/riscv/riscv32-unknown-elf/lib/libc_nano.a(lib_a-reent.o)
                0x0000000000017394                errno
 .sbss._global_atexit
                0x0000000000017398        0x4 /home/saverio/tools/riscv/riscv32-unknown-elf/lib/libc_nano.a(lib_a-__call_atexit.o)
                0x0000000000017398                _global_atexit
 .sbss.__malloc_free_list
                0x000000000001739c        0x4 /home/saverio/tools/riscv/riscv32-unknown-elf/lib/libc_nano.a(lib_a-nano-mallocr.o)
                0x000000000001739c                __malloc_free_list
 .sbss.__malloc_sbrk_start
                0x00000000000173a0        0x4 /home/saverio/tools/riscv/riscv32-unknown-elf/lib/libc_nano.a(lib_a-nano-mallocr.o)
                0x00000000000173a0                __malloc_sbrk_start
 *(.scommon)

.bss            0x00000000000173a4     0xeaf8
 *(.dynbss)
 *(.bss .bss.* .gnu.linkonce.b.*)
 .bss           0x00000000000173a4        0x0 /tmp/ccvZYcP2.o
 .bss           0x00000000000173a4        0x0 /tmp/cc7vsvpZ.o
 .bss           0x00000000000173a4        0x0 /tmp/ccmHbJEe.ltrans0.ltrans.o
 .bss.results   0x00000000000173a4     0xea60 /tmp/ccmHbJEe.ltrans0.ltrans.o
 .bss.timer     0x0000000000025e04        0xc /tmp/ccmHbJEe.ltrans0.ltrans.o
 .bss           0x0000000000025e10        0x0 /home/saverio/tools/riscv/riscv32-unknown-elf/lib/libc_nano.a(lib_a-atexit.o)
 .bss           0x0000000000025e10        0x0 /home/saverio/tools/riscv/riscv32-unknown-elf/lib/libc_nano.a(lib_a-exit.o)
 .bss           0x0000000000025e10        0x0 /home/saverio/tools/riscv/riscv32-unknown-elf/lib/libc_nano.a(lib_a-fini.o)
 .bss           0x0000000000025e10        0x0 /home/saverio/tools/riscv/riscv32-unknown-elf/lib/libc_nano.a(lib_a-impure.o)
 .bss           0x0000000000025e10        0x0 /home/saverio/tools/riscv/riscv32-unknown-elf/lib/libc_nano.a(lib_a-init.o)
 .bss           0x0000000000025e10        0x0 /home/saverio/tools/riscv/riscv32-unknown-elf/lib/libc_nano.a(lib_a-memset.o)
 .bss           0x0000000000025e10        0x0 /home/saverio/tools/riscv/riscv32-unknown-elf/lib/libc_nano.a(lib_a-puts.o)
 .bss           0x0000000000025e10        0x0 /home/saverio/tools/riscv/riscv32-unknown-elf/lib/libc_nano.a(lib_a-reent.o)
 .bss           0x0000000000025e10        0x0 /home/saverio/tools/riscv/riscv32-unknown-elf/lib/libc_nano.a(lib_a-wbuf.o)
 .bss           0x0000000000025e10        0x0 /home/saverio/tools/riscv/riscv32-unknown-elf/lib/libc_nano.a(lib_a-wsetup.o)
 .bss           0x0000000000025e10        0x0 /home/saverio/tools/riscv/riscv32-unknown-elf/lib/libc_nano.a(lib_a-__atexit.o)
 .bss._global_atexit0
                0x0000000000025e10       0x8c /home/saverio/tools/riscv/riscv32-unknown-elf/lib/libc_nano.a(lib_a-__atexit.o)
 .bss           0x0000000000025e9c        0x0 /home/saverio/tools/riscv/riscv32-unknown-elf/lib/libc_nano.a(lib_a-__call_atexit.o)
 .bss           0x0000000000025e9c        0x0 /home/saverio/tools/riscv/riscv32-unknown-elf/lib/libc_nano.a(lib_a-fflush.o)
 .bss           0x0000000000025e9c        0x0 /home/saverio/tools/riscv/riscv32-unknown-elf/lib/libc_nano.a(lib_a-findfp.o)
 .bss           0x0000000000025e9c        0x0 /home/saverio/tools/riscv/riscv32-unknown-elf/lib/libc_nano.a(lib_a-fwalk.o)
 .bss           0x0000000000025e9c        0x0 /home/saverio/tools/riscv/riscv32-unknown-elf/lib/libc_nano.a(lib_a-makebuf.o)
 .bss           0x0000000000025e9c        0x0 /home/saverio/tools/riscv/riscv32-unknown-elf/lib/libc_nano.a(lib_a-nano-freer.o)
 .bss           0x0000000000025e9c        0x0 /home/saverio/tools/riscv/riscv32-unknown-elf/lib/libc_nano.a(lib_a-nano-mallocr.o)
 .bss           0x0000000000025e9c        0x0 /home/saverio/tools/riscv/riscv32-unknown-elf/lib/libc_nano.a(lib_a-sbrkr.o)
 .bss           0x0000000000025e9c        0x0 /home/saverio/tools/riscv/riscv32-unknown-elf/lib/libc_nano.a(lib_a-stdio.o)
 .bss           0x0000000000025e9c        0x0 /home/saverio/tools/riscv/riscv32-unknown-elf/lib/libc_nano.a(lib_a-writer.o)
 .bss           0x0000000000025e9c        0x0 /home/saverio/tools/riscv/riscv32-unknown-elf/lib/libc_nano.a(lib_a-closer.o)
 .bss           0x0000000000025e9c        0x0 /home/saverio/tools/riscv/riscv32-unknown-elf/lib/libc_nano.a(lib_a-fstatr.o)
 .bss           0x0000000000025e9c        0x0 /home/saverio/tools/riscv/riscv32-unknown-elf/lib/libc_nano.a(lib_a-isattyr.o)
 .bss           0x0000000000025e9c        0x0 /home/saverio/tools/riscv/riscv32-unknown-elf/lib/libc_nano.a(lib_a-lseekr.o)
 .bss           0x0000000000025e9c        0x0 /home/saverio/tools/riscv/riscv32-unknown-elf/lib/libc_nano.a(lib_a-mlock.o)
 .bss           0x0000000000025e9c        0x0 /home/saverio/tools/riscv/riscv32-unknown-elf/lib/libc_nano.a(lib_a-readr.o)
 .bss           0x0000000000025e9c        0x0 /home/saverio/tools/riscv/riscv32-unknown-elf/lib/libc_nano.a(lib_a-memcpy-asm.o)
 .bss           0x0000000000025e9c        0x0 /home/saverio/tools/riscv/riscv32-unknown-elf/lib/libc_nano.a(lib_a-printf.o)
 .bss           0x0000000000025e9c        0x0 /home/saverio/tools/riscv/riscv32-unknown-elf/lib/libc_nano.a(lib_a-nano-vfprintf.o)
 .bss           0x0000000000025e9c        0x0 /home/saverio/tools/riscv/riscv32-unknown-elf/lib/libc_nano.a(lib_a-fvwrite.o)
 .bss           0x0000000000025e9c        0x0 /home/saverio/tools/riscv/riscv32-unknown-elf/lib/libc_nano.a(lib_a-memchr.o)
 .bss           0x0000000000025e9c        0x0 /home/saverio/tools/riscv/riscv32-unknown-elf/lib/libc_nano.a(lib_a-memmove.o)
 .bss           0x0000000000025e9c        0x0 /home/saverio/tools/riscv/riscv32-unknown-elf/lib/libc_nano.a(lib_a-nano-reallocr.o)
 .bss           0x0000000000025e9c        0x0 /home/saverio/tools/riscv/riscv32-unknown-elf/lib/libc_nano.a(lib_a-nano-vfprintf_i.o)
 .bss           0x0000000000025e9c        0x0 /home/saverio/tools/riscv/riscv32-unknown-elf/lib/libc_nano.a(lib_a-nano-msizer.o)
 .bss           0x0000000000025e9c        0x0 /home/saverio/tools/riscv/riscv32-unknown-elf/lib/libm_nano.a(lib_a-s_round.o)
 .bss           0x0000000000025e9c        0x0 /home/saverio/tools/riscv/riscv32-unknown-elf/lib/libm_nano.a(lib_a-s_sin.o)
 .bss           0x0000000000025e9c        0x0 /home/saverio/tools/riscv/riscv32-unknown-elf/lib/libm_nano.a(lib_a-e_rem_pio2.o)
 .bss           0x0000000000025e9c        0x0 /home/saverio/tools/riscv/riscv32-unknown-elf/lib/libm_nano.a(lib_a-k_cos.o)
 .bss           0x0000000000025e9c        0x0 /home/saverio/tools/riscv/riscv32-unknown-elf/lib/libm_nano.a(lib_a-k_rem_pio2.o)
 .bss           0x0000000000025e9c        0x0 /home/saverio/tools/riscv/riscv32-unknown-elf/lib/libm_nano.a(lib_a-k_sin.o)
 .bss           0x0000000000025e9c        0x0 /home/saverio/tools/riscv/riscv32-unknown-elf/lib/libm_nano.a(lib_a-s_fabs.o)
 .bss           0x0000000000025e9c        0x0 /home/saverio/tools/riscv/riscv32-unknown-elf/lib/libm_nano.a(lib_a-s_floor.o)
 .bss           0x0000000000025e9c        0x0 /home/saverio/tools/riscv/riscv32-unknown-elf/lib/libm_nano.a(lib_a-s_scalbn.o)
 .bss           0x0000000000025e9c        0x0 /home/saverio/tools/riscv/lib/gcc/riscv32-unknown-elf/11.1.0/libgcc.a(adddf3.o)
 .bss           0x0000000000025e9c        0x0 /home/saverio/tools/riscv/lib/gcc/riscv32-unknown-elf/11.1.0/libgcc.a(eqdf2.o)
 .bss           0x0000000000025e9c        0x0 /home/saverio/tools/riscv/lib/gcc/riscv32-unknown-elf/11.1.0/libgcc.a(gedf2.o)
 .bss           0x0000000000025e9c        0x0 /home/saverio/tools/riscv/lib/gcc/riscv32-unknown-elf/11.1.0/libgcc.a(muldf3.o)
 .bss           0x0000000000025e9c        0x0 /home/saverio/tools/riscv/lib/gcc/riscv32-unknown-elf/11.1.0/libgcc.a(subdf3.o)
 .bss           0x0000000000025e9c        0x0 /home/saverio/tools/riscv/lib/gcc/riscv32-unknown-elf/11.1.0/libgcc.a(fixdfsi.o)
 .bss           0x0000000000025e9c        0x0 /home/saverio/tools/riscv/lib/gcc/riscv32-unknown-elf/11.1.0/libgcc.a(floatsidf.o)
 .bss           0x0000000000025e9c        0x0 /home/saverio/tools/riscv/lib/gcc/riscv32-unknown-elf/11.1.0/libgcc.a(_clzsi2.o)
 .bss           0x0000000000025e9c        0x0 /home/saverio/tools/riscv/lib/gcc/riscv32-unknown-elf/11.1.0/libgcc.a(_clz.o)
 .bss           0x0000000000025e9c        0x0 /home/saverio/tools/riscv/lib/gcc/riscv32-unknown-elf/11.1.0/libgcc.a(_bswapsi2.o)
 .bss           0x0000000000025e9c        0x0 /home/saverio/tools/riscv/lib/gcc/riscv32-unknown-elf/11.1.0/libgcc.a(_divdi3.o)
 .bss           0x0000000000025e9c        0x0 /home/saverio/tools/riscv/lib/gcc/riscv32-unknown-elf/11.1.0/libgcc.a(_moddi3.o)
 .bss           0x0000000000025e9c        0x0 /home/saverio/tools/riscv/lib/gcc/riscv32-unknown-elf/11.1.0/libgcc.a(_udivdi3.o)
 .bss           0x0000000000025e9c        0x0 /home/saverio/tools/riscv/lib/gcc/riscv32-unknown-elf/11.1.0/libgcc.a(_umoddi3.o)
 *(COMMON)
                0x0000000000025e9c                . = ALIGN ((. != 0x0)?0x4:0x1)
                0x0000000000025e9c                . = ALIGN (0x4)
                0x0000000000025e9c                . = SEGMENT_START ("ldata-segment", .)
                0x0000000000025e9c                . = ALIGN (0x4)
                0x0000000000025e9c                __BSS_END__ = .
                0x0000000000025e9c                __bss_end = .
                0x0000000000017a70                __global_pointer$ = MIN ((__SDATA_BEGIN__ + 0x800), MAX ((__DATA_BEGIN__ + 0x800), (__BSS_END__ - 0x800)))
                0x0000000000025e9c                _end = .
                [!provide]                        PROVIDE (end = .)
                0x0000000000025e9c                . = DATA_SEGMENT_END (.)

.heap           0x0000000000025e9c     0x1000
                0x0000000000025e9c                PROVIDE (__heap_start = .)
                0x0000000000001000                . = __heap_size
 *fill*         0x0000000000025e9c     0x1000 
                0x0000000000026e9c                PROVIDE (__heap_end = .)

.stack          0x0000000000026ea0     0x1000
                [!provide]                        PROVIDE (__stack_start = .)
                0x0000000000001000                . = __stack_size
 *fill*         0x0000000000026ea0     0x1000 
                0x0000000000027ea0                PROVIDE (_sp = .)
                [!provide]                        PROVIDE (__stack_end = .)

.stab
 *(.stab)

.stabstr
 *(.stabstr)

.stab.excl
 *(.stab.excl)

.stab.exclstr
 *(.stab.exclstr)

.stab.index
 *(.stab.index)

.stab.indexstr
 *(.stab.indexstr)

.comment        0x0000000000000000       0x12
 *(.comment)
 .comment       0x0000000000000000       0x13 /tmp/ccmHbJEe.ltrans0.ltrans.o
 .comment       0x0000000000000000       0x13 /tmp/ccF51K4f.debug.temp.o
 .comment       0x0000000000000000       0x13 /tmp/cc7KY7pg.debug.temp.o
 .comment       0x0000000000000000       0x13 /tmp/ccRXeqbg.debug.temp.o
 .comment       0x0000000000000000       0x13 /tmp/ccgpTvUh.debug.temp.o
 .comment       0x0000000000000000       0x13 /tmp/ccHQiZXh.debug.temp.o
 .comment       0x0000000000000000       0x13 /tmp/ccguugsf.debug.temp.o
 .comment       0x0000000000000000       0x13 /tmp/cc8z5Hjg.debug.temp.o
 .comment       0x0000000000000000       0x13 /tmp/ccca1aZe.debug.temp.o
 .comment       0x0000000000000000       0x13 /tmp/ccOw5Luh.debug.temp.o
 .comment       0x0000000000000000       0x13 /tmp/ccGzsXWh.debug.temp.o
 .comment       0x0000000000000000       0x13 /tmp/cc2pN8Qe.debug.temp.o
 .comment       0x0000000000000000       0x13 /tmp/ccNJjdrh.debug.temp.o
 .comment       0x0000000000000000       0x13 /tmp/cc11aXTh.debug.temp.o
 .comment       0x0000000000000000       0x13 /tmp/ccHVCHeg.debug.temp.o
 .comment       0x0000000000000000       0x13 /tmp/cc0dhuNd.debug.temp.o
 .comment       0x0000000000000000       0x13 /tmp/cc5d3oWf.debug.temp.o
 .comment       0x0000000000000000       0x13 /tmp/cc45OPGf.debug.temp.o
 .comment       0x0000000000000000       0x13 /tmp/cc47ZKje.debug.temp.o
 .comment       0x0000000000000000       0x12 /home/saverio/tools/riscv/riscv32-unknown-elf/lib/libc_nano.a(lib_a-atexit.o)
                                         0x13 (size before relaxing)
 .comment       0x0000000000000012       0x13 /home/saverio/tools/riscv/riscv32-unknown-elf/lib/libc_nano.a(lib_a-exit.o)
 .comment       0x0000000000000012       0x13 /home/saverio/tools/riscv/riscv32-unknown-elf/lib/libc_nano.a(lib_a-fini.o)
 .comment       0x0000000000000012       0x13 /home/saverio/tools/riscv/riscv32-unknown-elf/lib/libc_nano.a(lib_a-impure.o)
 .comment       0x0000000000000012       0x13 /home/saverio/tools/riscv/riscv32-unknown-elf/lib/libc_nano.a(lib_a-init.o)
 .comment       0x0000000000000012       0x13 /home/saverio/tools/riscv/riscv32-unknown-elf/lib/libc_nano.a(lib_a-puts.o)
 .comment       0x0000000000000012       0x13 /home/saverio/tools/riscv/riscv32-unknown-elf/lib/libc_nano.a(lib_a-reent.o)
 .comment       0x0000000000000012       0x13 /home/saverio/tools/riscv/riscv32-unknown-elf/lib/libc_nano.a(lib_a-wbuf.o)
 .comment       0x0000000000000012       0x13 /home/saverio/tools/riscv/riscv32-unknown-elf/lib/libc_nano.a(lib_a-wsetup.o)
 .comment       0x0000000000000012       0x13 /home/saverio/tools/riscv/riscv32-unknown-elf/lib/libc_nano.a(lib_a-__atexit.o)
 .comment       0x0000000000000012       0x13 /home/saverio/tools/riscv/riscv32-unknown-elf/lib/libc_nano.a(lib_a-__call_atexit.o)
 .comment       0x0000000000000012       0x13 /home/saverio/tools/riscv/riscv32-unknown-elf/lib/libc_nano.a(lib_a-fflush.o)
 .comment       0x0000000000000012       0x13 /home/saverio/tools/riscv/riscv32-unknown-elf/lib/libc_nano.a(lib_a-findfp.o)
 .comment       0x0000000000000012       0x13 /home/saverio/tools/riscv/riscv32-unknown-elf/lib/libc_nano.a(lib_a-fwalk.o)
 .comment       0x0000000000000012       0x13 /home/saverio/tools/riscv/riscv32-unknown-elf/lib/libc_nano.a(lib_a-makebuf.o)
 .comment       0x0000000000000012       0x13 /home/saverio/tools/riscv/riscv32-unknown-elf/lib/libc_nano.a(lib_a-nano-freer.o)
 .comment       0x0000000000000012       0x13 /home/saverio/tools/riscv/riscv32-unknown-elf/lib/libc_nano.a(lib_a-nano-mallocr.o)
 .comment       0x0000000000000012       0x13 /home/saverio/tools/riscv/riscv32-unknown-elf/lib/libc_nano.a(lib_a-sbrkr.o)
 .comment       0x0000000000000012       0x13 /home/saverio/tools/riscv/riscv32-unknown-elf/lib/libc_nano.a(lib_a-stdio.o)
 .comment       0x0000000000000012       0x13 /home/saverio/tools/riscv/riscv32-unknown-elf/lib/libc_nano.a(lib_a-writer.o)
 .comment       0x0000000000000012       0x13 /home/saverio/tools/riscv/riscv32-unknown-elf/lib/libc_nano.a(lib_a-closer.o)
 .comment       0x0000000000000012       0x13 /home/saverio/tools/riscv/riscv32-unknown-elf/lib/libc_nano.a(lib_a-fstatr.o)
 .comment       0x0000000000000012       0x13 /home/saverio/tools/riscv/riscv32-unknown-elf/lib/libc_nano.a(lib_a-isattyr.o)
 .comment       0x0000000000000012       0x13 /home/saverio/tools/riscv/riscv32-unknown-elf/lib/libc_nano.a(lib_a-lseekr.o)
 .comment       0x0000000000000012       0x13 /home/saverio/tools/riscv/riscv32-unknown-elf/lib/libc_nano.a(lib_a-mlock.o)
 .comment       0x0000000000000012       0x13 /home/saverio/tools/riscv/riscv32-unknown-elf/lib/libc_nano.a(lib_a-readr.o)
 .comment       0x0000000000000012       0x13 /home/saverio/tools/riscv/riscv32-unknown-elf/lib/libc_nano.a(lib_a-printf.o)
 .comment       0x0000000000000012       0x13 /home/saverio/tools/riscv/riscv32-unknown-elf/lib/libc_nano.a(lib_a-nano-vfprintf.o)
 .comment       0x0000000000000012       0x13 /home/saverio/tools/riscv/riscv32-unknown-elf/lib/libc_nano.a(lib_a-fvwrite.o)
 .comment       0x0000000000000012       0x13 /home/saverio/tools/riscv/riscv32-unknown-elf/lib/libc_nano.a(lib_a-memchr.o)
 .comment       0x0000000000000012       0x13 /home/saverio/tools/riscv/riscv32-unknown-elf/lib/libc_nano.a(lib_a-nano-reallocr.o)
 .comment       0x0000000000000012       0x13 /home/saverio/tools/riscv/riscv32-unknown-elf/lib/libc_nano.a(lib_a-nano-vfprintf_i.o)
 .comment       0x0000000000000012       0x13 /home/saverio/tools/riscv/riscv32-unknown-elf/lib/libc_nano.a(lib_a-nano-msizer.o)
 .comment       0x0000000000000012       0x13 /home/saverio/tools/riscv/riscv32-unknown-elf/lib/libm_nano.a(lib_a-s_round.o)
 .comment       0x0000000000000012       0x13 /home/saverio/tools/riscv/riscv32-unknown-elf/lib/libm_nano.a(lib_a-s_sin.o)
 .comment       0x0000000000000012       0x13 /home/saverio/tools/riscv/riscv32-unknown-elf/lib/libm_nano.a(lib_a-e_rem_pio2.o)
 .comment       0x0000000000000012       0x13 /home/saverio/tools/riscv/riscv32-unknown-elf/lib/libm_nano.a(lib_a-k_cos.o)
 .comment       0x0000000000000012       0x13 /home/saverio/tools/riscv/riscv32-unknown-elf/lib/libm_nano.a(lib_a-k_rem_pio2.o)
 .comment       0x0000000000000012       0x13 /home/saverio/tools/riscv/riscv32-unknown-elf/lib/libm_nano.a(lib_a-k_sin.o)
 .comment       0x0000000000000012       0x13 /home/saverio/tools/riscv/riscv32-unknown-elf/lib/libm_nano.a(lib_a-s_fabs.o)
 .comment       0x0000000000000012       0x13 /home/saverio/tools/riscv/riscv32-unknown-elf/lib/libm_nano.a(lib_a-s_floor.o)
 .comment       0x0000000000000012       0x13 /home/saverio/tools/riscv/riscv32-unknown-elf/lib/libm_nano.a(lib_a-s_scalbn.o)
 .comment       0x0000000000000012       0x13 /home/saverio/tools/riscv/lib/gcc/riscv32-unknown-elf/11.1.0/libgcc.a(adddf3.o)
 .comment       0x0000000000000012       0x13 /home/saverio/tools/riscv/lib/gcc/riscv32-unknown-elf/11.1.0/libgcc.a(eqdf2.o)
 .comment       0x0000000000000012       0x13 /home/saverio/tools/riscv/lib/gcc/riscv32-unknown-elf/11.1.0/libgcc.a(gedf2.o)
 .comment       0x0000000000000012       0x13 /home/saverio/tools/riscv/lib/gcc/riscv32-unknown-elf/11.1.0/libgcc.a(muldf3.o)
 .comment       0x0000000000000012       0x13 /home/saverio/tools/riscv/lib/gcc/riscv32-unknown-elf/11.1.0/libgcc.a(subdf3.o)
 .comment       0x0000000000000012       0x13 /home/saverio/tools/riscv/lib/gcc/riscv32-unknown-elf/11.1.0/libgcc.a(fixdfsi.o)
 .comment       0x0000000000000012       0x13 /home/saverio/tools/riscv/lib/gcc/riscv32-unknown-elf/11.1.0/libgcc.a(floatsidf.o)
 .comment       0x0000000000000012       0x13 /home/saverio/tools/riscv/lib/gcc/riscv32-unknown-elf/11.1.0/libgcc.a(_clzsi2.o)
 .comment       0x0000000000000012       0x13 /home/saverio/tools/riscv/lib/gcc/riscv32-unknown-elf/11.1.0/libgcc.a(_clz.o)
 .comment       0x0000000000000012       0x13 /home/saverio/tools/riscv/lib/gcc/riscv32-unknown-elf/11.1.0/libgcc.a(_bswapsi2.o)
 .comment       0x0000000000000012       0x13 /home/saverio/tools/riscv/lib/gcc/riscv32-unknown-elf/11.1.0/libgcc.a(_divdi3.o)
 .comment       0x0000000000000012       0x13 /home/saverio/tools/riscv/lib/gcc/riscv32-unknown-elf/11.1.0/libgcc.a(_moddi3.o)
 .comment       0x0000000000000012       0x13 /home/saverio/tools/riscv/lib/gcc/riscv32-unknown-elf/11.1.0/libgcc.a(_udivdi3.o)
 .comment       0x0000000000000012       0x13 /home/saverio/tools/riscv/lib/gcc/riscv32-unknown-elf/11.1.0/libgcc.a(_umoddi3.o)

.riscv.attributes
                0x0000000000000000       0x2a
 .riscv.attributes
                0x0000000000000000       0x28 /tmp/ccvZYcP2.o
 .riscv.attributes
                0x0000000000000028       0x28 /tmp/cc7vsvpZ.o
 .riscv.attributes
                0x0000000000000050       0x2a /tmp/ccmHbJEe.ltrans0.ltrans.o
 .riscv.attributes
                0x000000000000007a       0x26 /home/saverio/tools/riscv/riscv32-unknown-elf/lib/libc_nano.a(lib_a-atexit.o)
 .riscv.attributes
                0x00000000000000a0       0x26 /home/saverio/tools/riscv/riscv32-unknown-elf/lib/libc_nano.a(lib_a-exit.o)
 .riscv.attributes
                0x00000000000000c6       0x26 /home/saverio/tools/riscv/riscv32-unknown-elf/lib/libc_nano.a(lib_a-fini.o)
 .riscv.attributes
                0x00000000000000ec       0x26 /home/saverio/tools/riscv/riscv32-unknown-elf/lib/libc_nano.a(lib_a-impure.o)
 .riscv.attributes
                0x0000000000000112       0x26 /home/saverio/tools/riscv/riscv32-unknown-elf/lib/libc_nano.a(lib_a-init.o)
 .riscv.attributes
                0x0000000000000138       0x24 /home/saverio/tools/riscv/riscv32-unknown-elf/lib/libc_nano.a(lib_a-memset.o)
 .riscv.attributes
                0x000000000000015c       0x26 /home/saverio/tools/riscv/riscv32-unknown-elf/lib/libc_nano.a(lib_a-puts.o)
 .riscv.attributes
                0x0000000000000182       0x26 /home/saverio/tools/riscv/riscv32-unknown-elf/lib/libc_nano.a(lib_a-reent.o)
 .riscv.attributes
                0x00000000000001a8       0x26 /home/saverio/tools/riscv/riscv32-unknown-elf/lib/libc_nano.a(lib_a-wbuf.o)
 .riscv.attributes
                0x00000000000001ce       0x26 /home/saverio/tools/riscv/riscv32-unknown-elf/lib/libc_nano.a(lib_a-wsetup.o)
 .riscv.attributes
                0x00000000000001f4       0x26 /home/saverio/tools/riscv/riscv32-unknown-elf/lib/libc_nano.a(lib_a-__atexit.o)
 .riscv.attributes
                0x000000000000021a       0x26 /home/saverio/tools/riscv/riscv32-unknown-elf/lib/libc_nano.a(lib_a-__call_atexit.o)
 .riscv.attributes
                0x0000000000000240       0x26 /home/saverio/tools/riscv/riscv32-unknown-elf/lib/libc_nano.a(lib_a-fflush.o)
 .riscv.attributes
                0x0000000000000266       0x26 /home/saverio/tools/riscv/riscv32-unknown-elf/lib/libc_nano.a(lib_a-findfp.o)
 .riscv.attributes
                0x000000000000028c       0x26 /home/saverio/tools/riscv/riscv32-unknown-elf/lib/libc_nano.a(lib_a-fwalk.o)
 .riscv.attributes
                0x00000000000002b2       0x26 /home/saverio/tools/riscv/riscv32-unknown-elf/lib/libc_nano.a(lib_a-makebuf.o)
 .riscv.attributes
                0x00000000000002d8       0x26 /home/saverio/tools/riscv/riscv32-unknown-elf/lib/libc_nano.a(lib_a-nano-freer.o)
 .riscv.attributes
                0x00000000000002fe       0x26 /home/saverio/tools/riscv/riscv32-unknown-elf/lib/libc_nano.a(lib_a-nano-mallocr.o)
 .riscv.attributes
                0x0000000000000324       0x26 /home/saverio/tools/riscv/riscv32-unknown-elf/lib/libc_nano.a(lib_a-sbrkr.o)
 .riscv.attributes
                0x000000000000034a       0x26 /home/saverio/tools/riscv/riscv32-unknown-elf/lib/libc_nano.a(lib_a-stdio.o)
 .riscv.attributes
                0x0000000000000370       0x26 /home/saverio/tools/riscv/riscv32-unknown-elf/lib/libc_nano.a(lib_a-writer.o)
 .riscv.attributes
                0x0000000000000396       0x26 /home/saverio/tools/riscv/riscv32-unknown-elf/lib/libc_nano.a(lib_a-closer.o)
 .riscv.attributes
                0x00000000000003bc       0x26 /home/saverio/tools/riscv/riscv32-unknown-elf/lib/libc_nano.a(lib_a-fstatr.o)
 .riscv.attributes
                0x00000000000003e2       0x26 /home/saverio/tools/riscv/riscv32-unknown-elf/lib/libc_nano.a(lib_a-isattyr.o)
 .riscv.attributes
                0x0000000000000408       0x26 /home/saverio/tools/riscv/riscv32-unknown-elf/lib/libc_nano.a(lib_a-lseekr.o)
 .riscv.attributes
                0x000000000000042e       0x26 /home/saverio/tools/riscv/riscv32-unknown-elf/lib/libc_nano.a(lib_a-mlock.o)
 .riscv.attributes
                0x0000000000000454       0x26 /home/saverio/tools/riscv/riscv32-unknown-elf/lib/libc_nano.a(lib_a-readr.o)
 .riscv.attributes
                0x000000000000047a       0x24 /home/saverio/tools/riscv/riscv32-unknown-elf/lib/libc_nano.a(lib_a-memcpy-asm.o)
 .riscv.attributes
                0x000000000000049e       0x26 /home/saverio/tools/riscv/riscv32-unknown-elf/lib/libc_nano.a(lib_a-printf.o)
 .riscv.attributes
                0x00000000000004c4       0x26 /home/saverio/tools/riscv/riscv32-unknown-elf/lib/libc_nano.a(lib_a-nano-vfprintf.o)
 .riscv.attributes
                0x00000000000004ea       0x26 /home/saverio/tools/riscv/riscv32-unknown-elf/lib/libc_nano.a(lib_a-fvwrite.o)
 .riscv.attributes
                0x0000000000000510       0x26 /home/saverio/tools/riscv/riscv32-unknown-elf/lib/libc_nano.a(lib_a-memchr.o)
 .riscv.attributes
                0x0000000000000536       0x24 /home/saverio/tools/riscv/riscv32-unknown-elf/lib/libc_nano.a(lib_a-memmove.o)
 .riscv.attributes
                0x000000000000055a       0x26 /home/saverio/tools/riscv/riscv32-unknown-elf/lib/libc_nano.a(lib_a-nano-reallocr.o)
 .riscv.attributes
                0x0000000000000580       0x26 /home/saverio/tools/riscv/riscv32-unknown-elf/lib/libc_nano.a(lib_a-nano-vfprintf_i.o)
 .riscv.attributes
                0x00000000000005a6       0x26 /home/saverio/tools/riscv/riscv32-unknown-elf/lib/libc_nano.a(lib_a-nano-msizer.o)
 .riscv.attributes
                0x00000000000005cc       0x26 /home/saverio/tools/riscv/riscv32-unknown-elf/lib/libm_nano.a(lib_a-s_round.o)
 .riscv.attributes
                0x00000000000005f2       0x26 /home/saverio/tools/riscv/riscv32-unknown-elf/lib/libm_nano.a(lib_a-s_sin.o)
 .riscv.attributes
                0x0000000000000618       0x26 /home/saverio/tools/riscv/riscv32-unknown-elf/lib/libm_nano.a(lib_a-e_rem_pio2.o)
 .riscv.attributes
                0x000000000000063e       0x26 /home/saverio/tools/riscv/riscv32-unknown-elf/lib/libm_nano.a(lib_a-k_cos.o)
 .riscv.attributes
                0x0000000000000664       0x26 /home/saverio/tools/riscv/riscv32-unknown-elf/lib/libm_nano.a(lib_a-k_rem_pio2.o)
 .riscv.attributes
                0x000000000000068a       0x26 /home/saverio/tools/riscv/riscv32-unknown-elf/lib/libm_nano.a(lib_a-k_sin.o)
 .riscv.attributes
                0x00000000000006b0       0x26 /home/saverio/tools/riscv/riscv32-unknown-elf/lib/libm_nano.a(lib_a-s_fabs.o)
 .riscv.attributes
                0x00000000000006d6       0x26 /home/saverio/tools/riscv/riscv32-unknown-elf/lib/libm_nano.a(lib_a-s_floor.o)
 .riscv.attributes
                0x00000000000006fc       0x26 /home/saverio/tools/riscv/riscv32-unknown-elf/lib/libm_nano.a(lib_a-s_scalbn.o)
 .riscv.attributes
                0x0000000000000722       0x26 /home/saverio/tools/riscv/lib/gcc/riscv32-unknown-elf/11.1.0/libgcc.a(adddf3.o)
 .riscv.attributes
                0x0000000000000748       0x26 /home/saverio/tools/riscv/lib/gcc/riscv32-unknown-elf/11.1.0/libgcc.a(eqdf2.o)
 .riscv.attributes
                0x000000000000076e       0x26 /home/saverio/tools/riscv/lib/gcc/riscv32-unknown-elf/11.1.0/libgcc.a(gedf2.o)
 .riscv.attributes
                0x0000000000000794       0x26 /home/saverio/tools/riscv/lib/gcc/riscv32-unknown-elf/11.1.0/libgcc.a(muldf3.o)
 .riscv.attributes
                0x00000000000007ba       0x26 /home/saverio/tools/riscv/lib/gcc/riscv32-unknown-elf/11.1.0/libgcc.a(subdf3.o)
 .riscv.attributes
                0x00000000000007e0       0x26 /home/saverio/tools/riscv/lib/gcc/riscv32-unknown-elf/11.1.0/libgcc.a(fixdfsi.o)
 .riscv.attributes
                0x0000000000000806       0x26 /home/saverio/tools/riscv/lib/gcc/riscv32-unknown-elf/11.1.0/libgcc.a(floatsidf.o)
 .riscv.attributes
                0x000000000000082c       0x26 /home/saverio/tools/riscv/lib/gcc/riscv32-unknown-elf/11.1.0/libgcc.a(_clzsi2.o)
 .riscv.attributes
                0x0000000000000852       0x26 /home/saverio/tools/riscv/lib/gcc/riscv32-unknown-elf/11.1.0/libgcc.a(_clz.o)
 .riscv.attributes
                0x0000000000000878       0x26 /home/saverio/tools/riscv/lib/gcc/riscv32-unknown-elf/11.1.0/libgcc.a(_bswapsi2.o)
 .riscv.attributes
                0x000000000000089e       0x26 /home/saverio/tools/riscv/lib/gcc/riscv32-unknown-elf/11.1.0/libgcc.a(_divdi3.o)
 .riscv.attributes
                0x00000000000008c4       0x26 /home/saverio/tools/riscv/lib/gcc/riscv32-unknown-elf/11.1.0/libgcc.a(_moddi3.o)
 .riscv.attributes
                0x00000000000008ea       0x26 /home/saverio/tools/riscv/lib/gcc/riscv32-unknown-elf/11.1.0/libgcc.a(_udivdi3.o)
 .riscv.attributes
                0x0000000000000910       0x26 /home/saverio/tools/riscv/lib/gcc/riscv32-unknown-elf/11.1.0/libgcc.a(_umoddi3.o)

.debug
 *(.debug)

.line
 *(.line)

.debug_srcinfo
 *(.debug_srcinfo)

.debug_sfnames
 *(.debug_sfnames)

.debug_aranges  0x0000000000000000      0x330
 *(.debug_aranges)
 .debug_aranges
                0x0000000000000000       0x20 /tmp/ccvZYcP2.o
 .debug_aranges
                0x0000000000000020       0x28 /tmp/cc7vsvpZ.o
 .debug_aranges
                0x0000000000000048      0x130 /tmp/ccmHbJEe.ltrans0.ltrans.o
 .debug_aranges
                0x0000000000000178       0x20 /home/saverio/tools/riscv/lib/gcc/riscv32-unknown-elf/11.1.0/libgcc.a(adddf3.o)
 .debug_aranges
                0x0000000000000198       0x20 /home/saverio/tools/riscv/lib/gcc/riscv32-unknown-elf/11.1.0/libgcc.a(eqdf2.o)
 .debug_aranges
                0x00000000000001b8       0x20 /home/saverio/tools/riscv/lib/gcc/riscv32-unknown-elf/11.1.0/libgcc.a(gedf2.o)
 .debug_aranges
                0x00000000000001d8       0x20 /home/saverio/tools/riscv/lib/gcc/riscv32-unknown-elf/11.1.0/libgcc.a(muldf3.o)
 .debug_aranges
                0x00000000000001f8       0x20 /home/saverio/tools/riscv/lib/gcc/riscv32-unknown-elf/11.1.0/libgcc.a(subdf3.o)
 .debug_aranges
                0x0000000000000218       0x20 /home/saverio/tools/riscv/lib/gcc/riscv32-unknown-elf/11.1.0/libgcc.a(fixdfsi.o)
 .debug_aranges
                0x0000000000000238       0x20 /home/saverio/tools/riscv/lib/gcc/riscv32-unknown-elf/11.1.0/libgcc.a(floatsidf.o)
 .debug_aranges
                0x0000000000000258       0x20 /home/saverio/tools/riscv/lib/gcc/riscv32-unknown-elf/11.1.0/libgcc.a(_clzsi2.o)
 .debug_aranges
                0x0000000000000278       0x18 /home/saverio/tools/riscv/lib/gcc/riscv32-unknown-elf/11.1.0/libgcc.a(_clz.o)
 .debug_aranges
                0x0000000000000290       0x20 /home/saverio/tools/riscv/lib/gcc/riscv32-unknown-elf/11.1.0/libgcc.a(_bswapsi2.o)
 .debug_aranges
                0x00000000000002b0       0x20 /home/saverio/tools/riscv/lib/gcc/riscv32-unknown-elf/11.1.0/libgcc.a(_divdi3.o)
 .debug_aranges
                0x00000000000002d0       0x20 /home/saverio/tools/riscv/lib/gcc/riscv32-unknown-elf/11.1.0/libgcc.a(_moddi3.o)
 .debug_aranges
                0x00000000000002f0       0x20 /home/saverio/tools/riscv/lib/gcc/riscv32-unknown-elf/11.1.0/libgcc.a(_udivdi3.o)
 .debug_aranges
                0x0000000000000310       0x20 /home/saverio/tools/riscv/lib/gcc/riscv32-unknown-elf/11.1.0/libgcc.a(_umoddi3.o)

.debug_pubnames
 *(.debug_pubnames)

.debug_info     0x0000000000000000     0xde86
 *(.debug_info .gnu.linkonce.wi.*)
 .debug_info    0x0000000000000000       0x25 /tmp/ccvZYcP2.o
 .debug_info    0x0000000000000025       0x23 /tmp/cc7vsvpZ.o
 .debug_info    0x0000000000000048     0x3563 /tmp/ccmHbJEe.ltrans0.ltrans.o
 .debug_info    0x00000000000035ab     0x1146 /tmp/ccF51K4f.debug.temp.o
                0x00000000000035ab                heep_ultrasound.c.14f1b095
 .debug_info    0x00000000000046f1      0x3d2 /tmp/cc7KY7pg.debug.temp.o
                0x00000000000046f1                handler.c.c6d49519
 .debug_info    0x0000000000004ac3       0x32 /tmp/ccRXeqbg.debug.temp.o
                0x0000000000004ac3                init.c.ac37bd60
 .debug_info    0x0000000000004af5      0xb52 /tmp/ccgpTvUh.debug.temp.o
                0x0000000000004af5                syscalls.c.35a4f21c
 .debug_info    0x0000000000005647      0x244 /tmp/ccHQiZXh.debug.temp.o
                0x0000000000005647                bitfield.c.bb3b8569
 .debug_info    0x000000000000588b      0x164 /tmp/ccguugsf.debug.temp.o
                0x000000000000588b                memory.c.e33276ea
 .debug_info    0x00000000000059ef      0x6b9 /tmp/cc8z5Hjg.debug.temp.o
                0x00000000000059ef                mmio.c.43d28e82
 .debug_info    0x00000000000060a8      0x245 /tmp/ccca1aZe.debug.temp.o
                0x00000000000060a8                soc_ctrl.c.d6c0dc6c
 .debug_info    0x00000000000062ed      0x52d /tmp/ccOw5Luh.debug.temp.o
                0x00000000000062ed                uart.c.91a03cfd
 .debug_info    0x000000000000681a      0x8cc /tmp/ccGzsXWh.debug.temp.o
                0x000000000000681a                rv_plic.c.3fe3bdb7
 .debug_info    0x00000000000070e6      0x8f0 /tmp/cc2pN8Qe.debug.temp.o
                0x00000000000070e6                rv_timer.c.fcb1c010
 .debug_info    0x00000000000079d6      0x976 /tmp/ccNJjdrh.debug.temp.o
                0x00000000000079d6                gpio.c.08b30353
 .debug_info    0x000000000000834c      0xb7d /tmp/cc11aXTh.debug.temp.o
                0x000000000000834c                i2c.c.99649ba2
 .debug_info    0x0000000000008ec9      0x272 /tmp/ccHVCHeg.debug.temp.o
                0x0000000000008ec9                dma.c.7e4f0197
 .debug_info    0x000000000000913b      0x7d9 /tmp/cc0dhuNd.debug.temp.o
                0x000000000000913b                power_manager.c.a43e5eba
 .debug_info    0x0000000000009914      0x2ac /tmp/cc5d3oWf.debug.temp.o
                0x0000000000009914                fast_intr_ctrl.c.d433dd61
 .debug_info    0x0000000000009bc0      0x629 /tmp/cc45OPGf.debug.temp.o
                0x0000000000009bc0                spi_host.c.ae78def2
 .debug_info    0x000000000000a1e9      0x206 /tmp/cc47ZKje.debug.temp.o
                0x000000000000a1e9                pad_control.c.d58a0035
 .debug_info    0x000000000000a3ef      0x4fc /home/saverio/tools/riscv/lib/gcc/riscv32-unknown-elf/11.1.0/libgcc.a(adddf3.o)
 .debug_info    0x000000000000a8eb      0x221 /home/saverio/tools/riscv/lib/gcc/riscv32-unknown-elf/11.1.0/libgcc.a(eqdf2.o)
 .debug_info    0x000000000000ab0c      0x21e /home/saverio/tools/riscv/lib/gcc/riscv32-unknown-elf/11.1.0/libgcc.a(gedf2.o)
 .debug_info    0x000000000000ad2a      0x6b6 /home/saverio/tools/riscv/lib/gcc/riscv32-unknown-elf/11.1.0/libgcc.a(muldf3.o)
 .debug_info    0x000000000000b3e0      0x4fc /home/saverio/tools/riscv/lib/gcc/riscv32-unknown-elf/11.1.0/libgcc.a(subdf3.o)
 .debug_info    0x000000000000b8dc      0x1ca /home/saverio/tools/riscv/lib/gcc/riscv32-unknown-elf/11.1.0/libgcc.a(fixdfsi.o)
 .debug_info    0x000000000000baa6      0x268 /home/saverio/tools/riscv/lib/gcc/riscv32-unknown-elf/11.1.0/libgcc.a(floatsidf.o)
 .debug_info    0x000000000000bd0e      0x142 /home/saverio/tools/riscv/lib/gcc/riscv32-unknown-elf/11.1.0/libgcc.a(_clzsi2.o)
 .debug_info    0x000000000000be50       0xd8 /home/saverio/tools/riscv/lib/gcc/riscv32-unknown-elf/11.1.0/libgcc.a(_clz.o)
 .debug_info    0x000000000000bf28       0xd1 /home/saverio/tools/riscv/lib/gcc/riscv32-unknown-elf/11.1.0/libgcc.a(_bswapsi2.o)
 .debug_info    0x000000000000bff9      0x793 /home/saverio/tools/riscv/lib/gcc/riscv32-unknown-elf/11.1.0/libgcc.a(_divdi3.o)
 .debug_info    0x000000000000c78c      0x7e4 /home/saverio/tools/riscv/lib/gcc/riscv32-unknown-elf/11.1.0/libgcc.a(_moddi3.o)
 .debug_info    0x000000000000cf70      0x761 /home/saverio/tools/riscv/lib/gcc/riscv32-unknown-elf/11.1.0/libgcc.a(_udivdi3.o)
 .debug_info    0x000000000000d6d1      0x7b5 /home/saverio/tools/riscv/lib/gcc/riscv32-unknown-elf/11.1.0/libgcc.a(_umoddi3.o)

.debug_abbrev   0x0000000000000000     0x2b9b
 *(.debug_abbrev)
 .debug_abbrev  0x0000000000000000       0x14 /tmp/ccvZYcP2.o
 .debug_abbrev  0x0000000000000014       0x12 /tmp/cc7vsvpZ.o
 .debug_abbrev  0x0000000000000026      0x1c1 /tmp/ccmHbJEe.ltrans0.ltrans.o
 .debug_abbrev  0x00000000000001e7      0x2fa /tmp/ccF51K4f.debug.temp.o
 .debug_abbrev  0x00000000000004e1      0x105 /tmp/cc7KY7pg.debug.temp.o
 .debug_abbrev  0x00000000000005e6       0x2c /tmp/ccRXeqbg.debug.temp.o
 .debug_abbrev  0x0000000000000612      0x25d /tmp/ccgpTvUh.debug.temp.o
 .debug_abbrev  0x000000000000086f       0xb6 /tmp/ccHQiZXh.debug.temp.o
 .debug_abbrev  0x0000000000000925       0xc8 /tmp/ccguugsf.debug.temp.o
 .debug_abbrev  0x00000000000009ed      0x160 /tmp/cc8z5Hjg.debug.temp.o
 .debug_abbrev  0x0000000000000b4d       0xba /tmp/ccca1aZe.debug.temp.o
 .debug_abbrev  0x0000000000000c07      0x13c /tmp/ccOw5Luh.debug.temp.o
 .debug_abbrev  0x0000000000000d43      0x1b5 /tmp/ccGzsXWh.debug.temp.o
 .debug_abbrev  0x0000000000000ef8      0x1a0 /tmp/cc2pN8Qe.debug.temp.o
 .debug_abbrev  0x0000000000001098      0x16b /tmp/ccNJjdrh.debug.temp.o
 .debug_abbrev  0x0000000000001203      0x1f6 /tmp/cc11aXTh.debug.temp.o
 .debug_abbrev  0x00000000000013f9       0xd9 /tmp/ccHVCHeg.debug.temp.o
 .debug_abbrev  0x00000000000014d2      0x18c /tmp/cc0dhuNd.debug.temp.o
 .debug_abbrev  0x000000000000165e       0xe2 /tmp/cc5d3oWf.debug.temp.o
 .debug_abbrev  0x0000000000001740      0x12b /tmp/cc45OPGf.debug.temp.o
 .debug_abbrev  0x000000000000186b       0xbc /tmp/cc47ZKje.debug.temp.o
 .debug_abbrev  0x0000000000001927      0x176 /home/saverio/tools/riscv/lib/gcc/riscv32-unknown-elf/11.1.0/libgcc.a(adddf3.o)
 .debug_abbrev  0x0000000000001a9d      0x153 /home/saverio/tools/riscv/lib/gcc/riscv32-unknown-elf/11.1.0/libgcc.a(eqdf2.o)
 .debug_abbrev  0x0000000000001bf0      0x166 /home/saverio/tools/riscv/lib/gcc/riscv32-unknown-elf/11.1.0/libgcc.a(gedf2.o)
 .debug_abbrev  0x0000000000001d56      0x185 /home/saverio/tools/riscv/lib/gcc/riscv32-unknown-elf/11.1.0/libgcc.a(muldf3.o)
 .debug_abbrev  0x0000000000001edb      0x176 /home/saverio/tools/riscv/lib/gcc/riscv32-unknown-elf/11.1.0/libgcc.a(subdf3.o)
 .debug_abbrev  0x0000000000002051      0x15d /home/saverio/tools/riscv/lib/gcc/riscv32-unknown-elf/11.1.0/libgcc.a(fixdfsi.o)
 .debug_abbrev  0x00000000000021ae      0x164 /home/saverio/tools/riscv/lib/gcc/riscv32-unknown-elf/11.1.0/libgcc.a(floatsidf.o)
 .debug_abbrev  0x0000000000002312       0xca /home/saverio/tools/riscv/lib/gcc/riscv32-unknown-elf/11.1.0/libgcc.a(_clzsi2.o)
 .debug_abbrev  0x00000000000023dc       0x70 /home/saverio/tools/riscv/lib/gcc/riscv32-unknown-elf/11.1.0/libgcc.a(_clz.o)
 .debug_abbrev  0x000000000000244c       0x65 /home/saverio/tools/riscv/lib/gcc/riscv32-unknown-elf/11.1.0/libgcc.a(_bswapsi2.o)
 .debug_abbrev  0x00000000000024b1      0x1bf /home/saverio/tools/riscv/lib/gcc/riscv32-unknown-elf/11.1.0/libgcc.a(_divdi3.o)
 .debug_abbrev  0x0000000000002670      0x1ca /home/saverio/tools/riscv/lib/gcc/riscv32-unknown-elf/11.1.0/libgcc.a(_moddi3.o)
 .debug_abbrev  0x000000000000283a      0x1a6 /home/saverio/tools/riscv/lib/gcc/riscv32-unknown-elf/11.1.0/libgcc.a(_udivdi3.o)
 .debug_abbrev  0x00000000000029e0      0x1bb /home/saverio/tools/riscv/lib/gcc/riscv32-unknown-elf/11.1.0/libgcc.a(_umoddi3.o)

.debug_line     0x0000000000000000     0x7ff1
 *(.debug_line .debug_line.* .debug_line_end)
 .debug_line    0x0000000000000000       0xd4 /tmp/ccvZYcP2.o
 .debug_line    0x00000000000000d4      0x1ed /tmp/cc7vsvpZ.o
 .debug_line    0x00000000000002c1     0x1e4e /tmp/ccmHbJEe.ltrans0.ltrans.o
 .debug_line    0x000000000000210f       0xb9 /tmp/ccF51K4f.debug.temp.o
 .debug_line    0x00000000000021c8       0x56 /tmp/cc7KY7pg.debug.temp.o
 .debug_line    0x000000000000221e       0x3a /tmp/ccRXeqbg.debug.temp.o
 .debug_line    0x0000000000002258       0x9d /tmp/ccgpTvUh.debug.temp.o
 .debug_line    0x00000000000022f5       0x4c /tmp/ccHQiZXh.debug.temp.o
 .debug_line    0x0000000000002341       0x5a /tmp/ccguugsf.debug.temp.o
 .debug_line    0x000000000000239b       0x64 /tmp/cc8z5Hjg.debug.temp.o
 .debug_line    0x00000000000023ff       0x63 /tmp/ccca1aZe.debug.temp.o
 .debug_line    0x0000000000002462       0x71 /tmp/ccOw5Luh.debug.temp.o
 .debug_line    0x00000000000024d3       0x68 /tmp/ccGzsXWh.debug.temp.o
 .debug_line    0x000000000000253b       0x68 /tmp/cc2pN8Qe.debug.temp.o
 .debug_line    0x00000000000025a3       0x68 /tmp/ccNJjdrh.debug.temp.o
 .debug_line    0x000000000000260b       0x68 /tmp/cc11aXTh.debug.temp.o
 .debug_line    0x0000000000002673       0x63 /tmp/ccHVCHeg.debug.temp.o
 .debug_line    0x00000000000026d6       0x68 /tmp/cc0dhuNd.debug.temp.o
 .debug_line    0x000000000000273e       0x68 /tmp/cc5d3oWf.debug.temp.o
 .debug_line    0x00000000000027a6       0x68 /tmp/cc45OPGf.debug.temp.o
 .debug_line    0x000000000000280e       0x63 /tmp/cc47ZKje.debug.temp.o
 .debug_line    0x0000000000002871      0xff9 /home/saverio/tools/riscv/lib/gcc/riscv32-unknown-elf/11.1.0/libgcc.a(adddf3.o)
 .debug_line    0x000000000000386a      0x227 /home/saverio/tools/riscv/lib/gcc/riscv32-unknown-elf/11.1.0/libgcc.a(eqdf2.o)
 .debug_line    0x0000000000003a91      0x2bc /home/saverio/tools/riscv/lib/gcc/riscv32-unknown-elf/11.1.0/libgcc.a(gedf2.o)
 .debug_line    0x0000000000003d4d      0xda9 /home/saverio/tools/riscv/lib/gcc/riscv32-unknown-elf/11.1.0/libgcc.a(muldf3.o)
 .debug_line    0x0000000000004af6     0x1054 /home/saverio/tools/riscv/lib/gcc/riscv32-unknown-elf/11.1.0/libgcc.a(subdf3.o)
 .debug_line    0x0000000000005b4a      0x1eb /home/saverio/tools/riscv/lib/gcc/riscv32-unknown-elf/11.1.0/libgcc.a(fixdfsi.o)
 .debug_line    0x0000000000005d35      0x223 /home/saverio/tools/riscv/lib/gcc/riscv32-unknown-elf/11.1.0/libgcc.a(floatsidf.o)
 .debug_line    0x0000000000005f58       0xcb /home/saverio/tools/riscv/lib/gcc/riscv32-unknown-elf/11.1.0/libgcc.a(_clzsi2.o)
 .debug_line    0x0000000000006023       0x3f /home/saverio/tools/riscv/lib/gcc/riscv32-unknown-elf/11.1.0/libgcc.a(_clz.o)
 .debug_line    0x0000000000006062       0x9b /home/saverio/tools/riscv/lib/gcc/riscv32-unknown-elf/11.1.0/libgcc.a(_bswapsi2.o)
 .debug_line    0x00000000000060fd      0x7ca /home/saverio/tools/riscv/lib/gcc/riscv32-unknown-elf/11.1.0/libgcc.a(_divdi3.o)
 .debug_line    0x00000000000068c7      0x862 /home/saverio/tools/riscv/lib/gcc/riscv32-unknown-elf/11.1.0/libgcc.a(_moddi3.o)
 .debug_line    0x0000000000007129      0x727 /home/saverio/tools/riscv/lib/gcc/riscv32-unknown-elf/11.1.0/libgcc.a(_udivdi3.o)
 .debug_line    0x0000000000007850      0x7a1 /home/saverio/tools/riscv/lib/gcc/riscv32-unknown-elf/11.1.0/libgcc.a(_umoddi3.o)

.debug_frame    0x0000000000000000      0x714
 *(.debug_frame)
 .debug_frame   0x0000000000000000      0x560 /tmp/ccmHbJEe.ltrans0.ltrans.o
 .debug_frame   0x0000000000000560       0x44 /home/saverio/tools/riscv/lib/gcc/riscv32-unknown-elf/11.1.0/libgcc.a(adddf3.o)
 .debug_frame   0x00000000000005a4       0x20 /home/saverio/tools/riscv/lib/gcc/riscv32-unknown-elf/11.1.0/libgcc.a(eqdf2.o)
 .debug_frame   0x00000000000005c4       0x20 /home/saverio/tools/riscv/lib/gcc/riscv32-unknown-elf/11.1.0/libgcc.a(gedf2.o)
 .debug_frame   0x00000000000005e4       0x54 /home/saverio/tools/riscv/lib/gcc/riscv32-unknown-elf/11.1.0/libgcc.a(muldf3.o)
 .debug_frame   0x0000000000000638       0x44 /home/saverio/tools/riscv/lib/gcc/riscv32-unknown-elf/11.1.0/libgcc.a(subdf3.o)
 .debug_frame   0x000000000000067c       0x20 /home/saverio/tools/riscv/lib/gcc/riscv32-unknown-elf/11.1.0/libgcc.a(fixdfsi.o)
 .debug_frame   0x000000000000069c       0x38 /home/saverio/tools/riscv/lib/gcc/riscv32-unknown-elf/11.1.0/libgcc.a(floatsidf.o)
 .debug_frame   0x00000000000006d4       0x20 /home/saverio/tools/riscv/lib/gcc/riscv32-unknown-elf/11.1.0/libgcc.a(_clzsi2.o)