Archive member included to satisfy reference by file (symbol)

/home/saverio/tools/riscv/riscv32-unknown-elf/lib/libc_nano.a(lib_a-atexit.o)
                              /tmp/ccMHRcfT.o (atexit)
/home/saverio/tools/riscv/riscv32-unknown-elf/lib/libc_nano.a(lib_a-exit.o)
                              /tmp/ccMHRcfT.o (exit)
/home/saverio/tools/riscv/riscv32-unknown-elf/lib/libc_nano.a(lib_a-fini.o)
                              /tmp/ccMHRcfT.o (__libc_fini_array)
/home/saverio/tools/riscv/riscv32-unknown-elf/lib/libc_nano.a(lib_a-impure.o)
                              /home/saverio/tools/riscv/riscv32-unknown-elf/lib/libc_nano.a(lib_a-exit.o) (_global_impure_ptr)
/home/saverio/tools/riscv/riscv32-unknown-elf/lib/libc_nano.a(lib_a-init.o)
                              /tmp/ccMHRcfT.o (__libc_init_array)
/home/saverio/tools/riscv/riscv32-unknown-elf/lib/libc_nano.a(lib_a-memset.o)
                              /tmp/ccMHRcfT.o (memset)
/home/saverio/tools/riscv/riscv32-unknown-elf/lib/libc_nano.a(lib_a-puts.o)
                              /tmp/ccNEz1vU.o (puts)
/home/saverio/tools/riscv/riscv32-unknown-elf/lib/libc_nano.a(lib_a-reent.o)
                              /tmp/ccipnaDT.o (symbol from plugin) (errno)
/home/saverio/tools/riscv/riscv32-unknown-elf/lib/libc_nano.a(lib_a-wbuf.o)
                              /home/saverio/tools/riscv/riscv32-unknown-elf/lib/libc_nano.a(lib_a-puts.o) (__swbuf_r)
/home/saverio/tools/riscv/riscv32-unknown-elf/lib/libc_nano.a(lib_a-wsetup.o)
                              /home/saverio/tools/riscv/riscv32-unknown-elf/lib/libc_nano.a(lib_a-puts.o) (__swsetup_r)
/home/saverio/tools/riscv/riscv32-unknown-elf/lib/libc_nano.a(lib_a-__atexit.o)
                              /home/saverio/tools/riscv/riscv32-unknown-elf/lib/libc_nano.a(lib_a-atexit.o) (__register_exitproc)
/home/saverio/tools/riscv/riscv32-unknown-elf/lib/libc_nano.a(lib_a-__call_atexit.o)
                              /home/saverio/tools/riscv/riscv32-unknown-elf/lib/libc_nano.a(lib_a-__atexit.o) (__call_exitprocs)
/home/saverio/tools/riscv/riscv32-unknown-elf/lib/libc_nano.a(lib_a-fflush.o)
                              /home/saverio/tools/riscv/riscv32-unknown-elf/lib/libc_nano.a(lib_a-wbuf.o) (_fflush_r)
/home/saverio/tools/riscv/riscv32-unknown-elf/lib/libc_nano.a(lib_a-findfp.o)
                              /home/saverio/tools/riscv/riscv32-unknown-elf/lib/libc_nano.a(lib_a-puts.o) (__sinit)
/home/saverio/tools/riscv/riscv32-unknown-elf/lib/libc_nano.a(lib_a-fwalk.o)
                              /home/saverio/tools/riscv/riscv32-unknown-elf/lib/libc_nano.a(lib_a-findfp.o) (_fwalk)
/home/saverio/tools/riscv/riscv32-unknown-elf/lib/libc_nano.a(lib_a-makebuf.o)
                              /home/saverio/tools/riscv/riscv32-unknown-elf/lib/libc_nano.a(lib_a-wsetup.o) (__smakebuf_r)
/home/saverio/tools/riscv/riscv32-unknown-elf/lib/libc_nano.a(lib_a-nano-freer.o)
                              /home/saverio/tools/riscv/riscv32-unknown-elf/lib/libc_nano.a(lib_a-reent.o) (_free_r)
/home/saverio/tools/riscv/riscv32-unknown-elf/lib/libc_nano.a(lib_a-nano-mallocr.o)
                              /home/saverio/tools/riscv/riscv32-unknown-elf/lib/libc_nano.a(lib_a-findfp.o) (_malloc_r)
/home/saverio/tools/riscv/riscv32-unknown-elf/lib/libc_nano.a(lib_a-sbrkr.o)
                              /home/saverio/tools/riscv/riscv32-unknown-elf/lib/libc_nano.a(lib_a-nano-mallocr.o) (_sbrk_r)
/home/saverio/tools/riscv/riscv32-unknown-elf/lib/libc_nano.a(lib_a-stdio.o)
                              /home/saverio/tools/riscv/riscv32-unknown-elf/lib/libc_nano.a(lib_a-findfp.o) (__sread)
/home/saverio/tools/riscv/riscv32-unknown-elf/lib/libc_nano.a(lib_a-writer.o)
                              /home/saverio/tools/riscv/riscv32-unknown-elf/lib/libc_nano.a(lib_a-stdio.o) (_write_r)
/home/saverio/tools/riscv/riscv32-unknown-elf/lib/libc_nano.a(lib_a-closer.o)
                              /home/saverio/tools/riscv/riscv32-unknown-elf/lib/libc_nano.a(lib_a-stdio.o) (_close_r)
/home/saverio/tools/riscv/riscv32-unknown-elf/lib/libc_nano.a(lib_a-fstatr.o)
                              /home/saverio/tools/riscv/riscv32-unknown-elf/lib/libc_nano.a(lib_a-makebuf.o) (_fstat_r)
/home/saverio/tools/riscv/riscv32-unknown-elf/lib/libc_nano.a(lib_a-isattyr.o)
                              /home/saverio/tools/riscv/riscv32-unknown-elf/lib/libc_nano.a(lib_a-makebuf.o) (_isatty_r)
/home/saverio/tools/riscv/riscv32-unknown-elf/lib/libc_nano.a(lib_a-lseekr.o)
                              /home/saverio/tools/riscv/riscv32-unknown-elf/lib/libc_nano.a(lib_a-stdio.o) (_lseek_r)
/home/saverio/tools/riscv/riscv32-unknown-elf/lib/libc_nano.a(lib_a-mlock.o)
                              /home/saverio/tools/riscv/riscv32-unknown-elf/lib/libc_nano.a(lib_a-nano-freer.o) (__malloc_lock)
/home/saverio/tools/riscv/riscv32-unknown-elf/lib/libc_nano.a(lib_a-readr.o)
[...]
Memory Configuration

Name             Origin             Length             Attributes
ram0             0x0000000000000000 0x0000000000008000 axrwl
ram1             0x0000000000008000 0x0000000000038000 axrwl
*default*        0x0000000000000000 0xffffffffffffffff

Linker script and memory map

LOAD /tmp/ccMHRcfT.o
LOAD /tmp/ccNEz1vU.o
LOAD /tmp/cczwdPRT.o
LOAD /tmp/ccrXcNhh.ltrans0.ltrans.o
LOAD /tmp/ccQt2p1j.debug.temp.o
LOAD /tmp/cc7FI0zg.debug.temp.o
LOAD /tmp/cctND8rg.debug.temp.o
LOAD /tmp/ccx2X02h.debug.temp.o
LOAD /tmp/ccj4Dqyh.debug.temp.o
LOAD /tmp/cc4gP7ck.debug.temp.o
LOAD /tmp/ccmNkIyk.debug.temp.o
LOAD /tmp/ccaBRjrg.debug.temp.o
LOAD /tmp/ccyFOyEk.debug.temp.o
LOAD /tmp/ccFfbmMh.debug.temp.o
LOAD /tmp/ccQqGaej.debug.temp.o
LOAD /tmp/ccFzhCfh.debug.temp.o
LOAD /tmp/ccXNnYSg.debug.temp.o
LOAD /tmp/cc7G0kwg.debug.temp.o
LOAD /tmp/cc9IiQyj.debug.temp.o
LOAD /tmp/cc4xEKvh.debug.temp.o
LOAD /tmp/cc1fzxyi.debug.temp.o
LOAD /tmp/ccxeWzIk.debug.temp.o
LOAD /tmp/ccy8pG5R.o
LOAD /tmp/ccx9i1FS.o
LOAD /tmp/ccipnaDT.o
LOAD /tmp/ccNvhZvV.o
LOAD /tmp/ccOxMtUV.o
LOAD /tmp/ccoBfaBS.o
LOAD /tmp/ccnWWc5R.o
LOAD /tmp/ccnMYh9T.o
LOAD /tmp/ccerQlBS.o
LOAD /tmp/ccFCSl5T.o
LOAD /tmp/cc5h378T.o
LOAD /tmp/ccOaknNU.o
LOAD /tmp/ccR5litT.o
LOAD /tmp/ccgstYHU.o
LOAD /tmp/ccsMQ7RR.o
LOAD /tmp/cclk7P2S.o
LOAD /tmp/cczAeZjU.o
LOAD /home/saverio/tools/riscv/riscv32-unknown-elf/lib/libc_nano.a
LOAD /home/saverio/tools/riscv/riscv32-unknown-elf/lib/libm_nano.a
LOAD /home/saverio/tools/riscv/lib/gcc/riscv32-unknown-elf/11.1.0/libgcc.a
                0x0000000000000180                PROVIDE (__boot_address = 0x180)
                0x0000000000001000                __stack_size = DEFINED (__stack_size)?__stack_size:0x1000
                [!provide]                        PROVIDE (__stack_size = __stack_size)
                0x0000000000001000                __heap_size = DEFINED (__heap_size)?__heap_size:0x1000
                [!provide]                        PROVIDE (__executable_start = SEGMENT_START ("text-segment", 0x10000))
                0x0000000000010074                . = (SEGMENT_START ("text-segment", 0x10000) + SIZEOF_HEADERS)

.vectors        0x0000000000000000      0x104
                0x0000000000000000                PROVIDE (__vector_start = .)
 *(.vectors)
 .vectors       0x0000000000000000      0x104 /tmp/ccNEz1vU.o

.init           0x0000000000000180       0x62
 *(SORT_NONE(.init))
 *(.text.start)
 .text.start    0x0000000000000180       0x62 /tmp/ccMHRcfT.o
                0x0000000000000180                _start
                0x00000000000001dc                _init
                0x00000000000001e0                _fini

.text           0x00000000000001e4     0x570e
 *(.text.unlikely .text.*_unlikely .text.unlikely.*)
 *(.text.exit .text.exit.*)
 .text.exit     0x00000000000001e4       0x26 /home/saverio/tools/riscv/riscv32-unknown-elf/lib/libc_nano.a(lib_a-exit.o)
                0x00000000000001e4                exit
 *(.text.startup .text.startup.*)
 .text.startup.main
                0x000000000000020a      0x3ec /tmp/ccrXcNhh.ltrans0.ltrans.o
                0x000000000000020a                main
 *(.text.hot .text.hot.*)
 *(.text .stub .text.* .gnu.linkonce.t.*)
 .text          0x00000000000005f6        0x0 /tmp/ccMHRcfT.o
 .text          0x00000000000005f6        0x0 /tmp/ccNEz1vU.o
 .text.vecs     0x00000000000005f6       0x14 /tmp/ccNEz1vU.o
 .text          0x000000000000060a        0x0 /tmp/ccrXcNhh.ltrans0.ltrans.o
 .text.spi_set_enable.constprop.0
                0x000000000000060a       0x1a /tmp/ccrXcNhh.ltrans0.ltrans.o
 .text.spi_output_enable.constprop.0
                0x0000000000000624       0x22 /tmp/ccrXcNhh.ltrans0.ltrans.o
 .text.rv_timer_reset.part.0.constprop.0
                0x0000000000000646       0x80 /tmp/ccrXcNhh.ltrans0.ltrans.o
 .text.print_exc_msg
                0x00000000000006c6       0x20 /tmp/ccrXcNhh.ltrans0.ltrans.o
 .text.write_to_flash_256_bytes_max.constprop.0
                0x00000000000006e6      0x118 /tmp/ccrXcNhh.ltrans0.ltrans.o
 *fill*         0x00000000000007fe        0x2 
 .text.handler_irq_timer
                0x0000000000000800        0x6 /tmp/ccrXcNhh.ltrans0.ltrans.o
                0x0000000000000800                handler_irq_timer
 *fill*         0x0000000000000806        0x2 
 .text.handler_irq_fast_spi_flash
                0x0000000000000808       0x46 /tmp/ccrXcNhh.ltrans0.ltrans.o
                0x0000000000000808                handler_irq_fast_spi_flash
 *fill*         0x000000000000084e        0x2 
 .text.handler_irq_fast_dma
                0x0000000000000850       0x22 /tmp/ccrXcNhh.ltrans0.ltrans.o
                0x0000000000000850                handler_irq_fast_dma
 *fill*         0x0000000000000872        0x2 
 .text.handler_exception
                0x0000000000000874      0x17e /tmp/ccrXcNhh.ltrans0.ltrans.o
                0x0000000000000874                handler_exception
 *fill*         0x00000000000009f2        0x2 
 .text.handler_irq_software
                0x00000000000009f4       0x2e /tmp/ccrXcNhh.ltrans0.ltrans.o
                0x00000000000009f4                handler_irq_software
 *fill*         0x0000000000000a22        0x2 
 .text.handler_irq_external
                0x0000000000000a24       0x2e /tmp/ccrXcNhh.ltrans0.ltrans.o
                0x0000000000000a24                handler_irq_external
 *fill*         0x0000000000000a52        0x2 
 .text.handler_irq_fast_timer_1
                0x0000000000000a54       0x2e /tmp/ccrXcNhh.ltrans0.ltrans.o
                0x0000000000000a54                handler_irq_fast_timer_1
 *fill*         0x0000000000000a82        0x2 
 .text.handler_irq_fast_timer_2
                0x0000000000000a84       0x2e /tmp/ccrXcNhh.ltrans0.ltrans.o
                0x0000000000000a84                handler_irq_fast_timer_2
 *fill*         0x0000000000000ab2        0x2 
 .text.handler_irq_fast_timer_3
                0x0000000000000ab4       0x2e /tmp/ccrXcNhh.ltrans0.ltrans.o
                0x0000000000000ab4                handler_irq_fast_timer_3
 *fill*         0x0000000000000ae2        0x2 
 .text.handler_irq_fast_spi
                0x0000000000000ae4       0x2e /tmp/ccrXcNhh.ltrans0.ltrans.o
                0x0000000000000ae4                handler_irq_fast_spi
 *fill*         0x0000000000000b12        0x2 
 .text.handler_irq_fast_gpio_0
                0x0000000000000b14       0x2e /tmp/ccrXcNhh.ltrans0.ltrans.o
                0x0000000000000b14                handler_irq_fast_gpio_0
 *fill*         0x0000000000000b42        0x2 
 .text.handler_irq_fast_gpio_1
                0x0000000000000b44       0x2e /tmp/ccrXcNhh.ltrans0.ltrans.o
                0x0000000000000b44                handler_irq_fast_gpio_1
 *fill*         0x0000000000000b72        0x2 
 .text.handler_irq_fast_gpio_2
                0x0000000000000b74       0x2e /tmp/ccrXcNhh.ltrans0.ltrans.o
                0x0000000000000b74                handler_irq_fast_gpio_2
 *fill*         0x0000000000000ba2        0x2 
 .text.handler_irq_fast_gpio_3
                0x0000000000000ba4       0x2e /tmp/ccrXcNhh.ltrans0.ltrans.o
                0x0000000000000ba4                handler_irq_fast_gpio_3
 *fill*         0x0000000000000bd2        0x2 
 .text.handler_irq_fast_gpio_4
                0x0000000000000bd4       0x2e /tmp/ccrXcNhh.ltrans0.ltrans.o
                0x0000000000000bd4                handler_irq_fast_gpio_4
 *fill*         0x0000000000000c02        0x2 
 .text.handler_irq_fast_gpio_5
                0x0000000000000c04       0x2e /tmp/ccrXcNhh.ltrans0.ltrans.o
                0x0000000000000c04                handler_irq_fast_gpio_5
 *fill*         0x0000000000000c32        0x2 
 .text.handler_irq_fast_gpio_6
                0x0000000000000c34       0x2e /tmp/ccrXcNhh.ltrans0.ltrans.o
                0x0000000000000c34                handler_irq_fast_gpio_6
 *fill*         0x0000000000000c62        0x2 
 .text.handler_irq_fast_gpio_7
                0x0000000000000c64       0x2e /tmp/ccrXcNhh.ltrans0.ltrans.o
                0x0000000000000c64                handler_irq_fast_gpio_7
 .text.init     0x0000000000000c92        0x4 /tmp/ccrXcNhh.ltrans0.ltrans.o
                0x0000000000000c92                init
 .text._close   0x0000000000000c96        0x4 /tmp/ccrXcNhh.ltrans0.ltrans.o
                0x0000000000000c96                _close
 .text._exit    0x0000000000000c9a       0x10 /tmp/ccrXcNhh.ltrans0.ltrans.o
                0x0000000000000c9a                _exit
 .text._fstat   0x0000000000000caa        0x8 /tmp/ccrXcNhh.ltrans0.ltrans.o
                0x0000000000000caa                _fstat
 .text._isatty  0x0000000000000cb2        0x8 /tmp/ccrXcNhh.ltrans0.ltrans.o
                0x0000000000000cb2                _isatty
 .text._lseek   0x0000000000000cba        0x4 /tmp/ccrXcNhh.ltrans0.ltrans.o
                0x0000000000000cba                _lseek
 .text._read    0x0000000000000cbe        0x4 /tmp/ccrXcNhh.ltrans0.ltrans.o
                0x0000000000000cbe                _read
 .text._write   0x0000000000000cc2       0xa0 /tmp/ccrXcNhh.ltrans0.ltrans.o
                0x0000000000000cc2                _write
 .text._sbrk    0x0000000000000d62       0x32 /tmp/ccrXcNhh.ltrans0.ltrans.o
                0x0000000000000d62                _sbrk
 .text          0x0000000000000d94        0x0 /home/saverio/tools/riscv/riscv32-unknown-elf/lib/libc_nano.a(lib_a-atexit.o)
 .text.atexit   0x0000000000000d94        0xa /home/saverio/tools/riscv/riscv32-unknown-elf/lib/libc_nano.a(lib_a-atexit.o)
                0x0000000000000d94                atexit
 .text          0x0000000000000d9e        0x0 /home/saverio/tools/riscv/riscv32-unknown-elf/lib/libc_nano.a(lib_a-exit.o)
 .text          0x0000000000000d9e        0x0 /home/saverio/tools/riscv/riscv32-unknown-elf/lib/libc_nano.a(lib_a-fini.o)
 .text.__libc_fini_array
                0x0000000000000d9e       0x36 /home/saverio/tools/riscv/riscv32-unknown-elf/lib/libc_nano.a(lib_a-fini.o)
                0x0000000000000d9e                __libc_fini_array
 .text          0x0000000000000dd4        0x0 /home/saverio/tools/riscv/riscv32-unknown-elf/lib/libc_nano.a(lib_a-impure.o)
 .text          0x0000000000000dd4        0x0 /home/saverio/tools/riscv/riscv32-unknown-elf/lib/libc_nano.a(lib_a-init.o)
 .text.__libc_init_array
                0x0000000000000dd4       0x5e /home/saverio/tools/riscv/riscv32-unknown-elf/lib/libc_nano.a(lib_a-init.o)
                0x0000000000000dd4                __libc_init_array
 .text          0x0000000000000e32       0x10 /home/saverio/tools/riscv/riscv32-unknown-elf/lib/libc_nano.a(lib_a-memset.o)
                0x0000000000000e32                memset
 .text          0x0000000000000e42        0x0 /home/saverio/tools/riscv/riscv32-unknown-elf/lib/libc_nano.a(lib_a-puts.o)
 .text._puts_r  0x0000000000000e42       0xd8 /home/saverio/tools/riscv/riscv32-unknown-elf/lib/libc_nano.a(lib_a-puts.o)
                0x0000000000000e42                _puts_r
 .text.puts     0x0000000000000f1a        0x8 /home/saverio/tools/riscv/riscv32-unknown-elf/lib/libc_nano.a(lib_a-puts.o)
                0x0000000000000f1a                puts
 .text          0x0000000000000f22        0x0 /home/saverio/tools/riscv/riscv32-unknown-elf/lib/libc_nano.a(lib_a-reent.o)
 .text.cleanup_glue
                0x0000000000000f22       0x22 /home/saverio/tools/riscv/riscv32-unknown-elf/lib/libc_nano.a(lib_a-reent.o)
                0x0000000000000f22                cleanup_glue
 .text._reclaim_reent
                0x0000000000000f44       0xd4 /home/saverio/tools/riscv/riscv32-unknown-elf/lib/libc_nano.a(lib_a-reent.o)
                0x0000000000000f44                _reclaim_reent
 .text          0x0000000000001018        0x0 /home/saverio/tools/riscv/riscv32-unknown-elf/lib/libc_nano.a(lib_a-wbuf.o)
 .text.__swbuf_r
                0x0000000000001018       0xba /home/saverio/tools/riscv/riscv32-unknown-elf/lib/libc_nano.a(lib_a-wbuf.o)
                0x0000000000001018                __swbuf_r
 .text.__swbuf  0x00000000000010d2        0xa /home/saverio/tools/riscv/riscv32-unknown-elf/lib/libc_nano.a(lib_a-wbuf.o)
                0x00000000000010d2                __swbuf
 .text          0x00000000000010dc        0x0 /home/saverio/tools/riscv/riscv32-unknown-elf/lib/libc_nano.a(lib_a-wsetup.o)
 .text.__swsetup_r
                0x00000000000010dc      0x102 /home/saverio/tools/riscv/riscv32-unknown-elf/lib/libc_nano.a(lib_a-wsetup.o)
                0x00000000000010dc                __swsetup_r
 .text          0x00000000000011de        0x0 /home/saverio/tools/riscv/riscv32-unknown-elf/lib/libc_nano.a(lib_a-__atexit.o)
 .text.__register_exitproc
                0x00000000000011de       0x80 /home/saverio/tools/riscv/riscv32-unknown-elf/lib/libc_nano.a(lib_a-__atexit.o)
                0x00000000000011de                __register_exitproc
 .text          0x000000000000125e        0x0 /home/saverio/tools/riscv/riscv32-unknown-elf/lib/libc_nano.a(lib_a-__call_atexit.o)
 .text.__call_exitprocs
                0x000000000000125e       0xc4 /home/saverio/tools/riscv/riscv32-unknown-elf/lib/libc_nano.a(lib_a-__call_atexit.o)
                0x000000000000125e                __call_exitprocs
 .text          0x0000000000001322        0x0 /home/saverio/tools/riscv/riscv32-unknown-elf/lib/libc_nano.a(lib_a-fflush.o)
 .text.__sflush_r
                0x0000000000001322      0x146 /home/saverio/tools/riscv/riscv32-unknown-elf/lib/libc_nano.a(lib_a-fflush.o)
                0x0000000000001322                __sflush_r
 .text._fflush_r
                0x0000000000001468       0x5e /home/saverio/tools/riscv/riscv32-unknown-elf/lib/libc_nano.a(lib_a-fflush.o)
                0x0000000000001468                _fflush_r
 .text.fflush   0x00000000000014c6       0x16 /home/saverio/tools/riscv/riscv32-unknown-elf/lib/libc_nano.a(lib_a-fflush.o)
                0x00000000000014c6                fflush
 .text          0x00000000000014dc        0x0 /home/saverio/tools/riscv/riscv32-unknown-elf/lib/libc_nano.a(lib_a-findfp.o)
 .text.__fp_lock
                0x00000000000014dc        0x4 /home/saverio/tools/riscv/riscv32-unknown-elf/lib/libc_nano.a(lib_a-findfp.o)
 .text.std      0x00000000000014e0       0x62 /home/saverio/tools/riscv/riscv32-unknown-elf/lib/libc_nano.a(lib_a-findfp.o)
 .text._cleanup_r
                0x0000000000001542        0x8 /home/saverio/tools/riscv/riscv32-unknown-elf/lib/libc_nano.a(lib_a-findfp.o)
                0x0000000000001542                _cleanup_r
 .text.__fp_unlock
                0x000000000000154a        0x4 /home/saverio/tools/riscv/riscv32-unknown-elf/lib/libc_nano.a(lib_a-findfp.o)
 .text.__sfmoreglue
                0x000000000000154e       0x46 /home/saverio/tools/riscv/riscv32-unknown-elf/lib/libc_nano.a(lib_a-findfp.o)
                0x000000000000154e                __sfmoreglue
 .text._cleanup
                0x0000000000001594        0x6 /home/saverio/tools/riscv/riscv32-unknown-elf/lib/libc_nano.a(lib_a-findfp.o)
                0x0000000000001594                _cleanup
 .text.__sinit  0x000000000000159a       0x64 /home/saverio/tools/riscv/riscv32-unknown-elf/lib/libc_nano.a(lib_a-findfp.o)
                0x000000000000159a                __sinit
 .text.__sfp    0x00000000000015fe       0x9a /home/saverio/tools/riscv/riscv32-unknown-elf/lib/libc_nano.a(lib_a-findfp.o)
                0x00000000000015fe                __sfp
 .text.__sfp_lock_acquire
                0x0000000000001698        0x2 /home/saverio/tools/riscv/riscv32-unknown-elf/lib/libc_nano.a(lib_a-findfp.o)
                0x0000000000001698                __sfp_lock_acquire
 .text.__sfp_lock_release
                0x000000000000169a        0x2 /home/saverio/tools/riscv/riscv32-unknown-elf/lib/libc_nano.a(lib_a-findfp.o)
                0x000000000000169a                __sfp_lock_release
 .text.__sinit_lock_acquire
                0x000000000000169c        0x2 /home/saverio/tools/riscv/riscv32-unknown-elf/lib/libc_nano.a(lib_a-findfp.o)
                0x000000000000169c                __sinit_lock_acquire
 .text.__sinit_lock_release
                0x000000000000169e        0x2 /home/saverio/tools/riscv/riscv32-unknown-elf/lib/libc_nano.a(lib_a-findfp.o)
                0x000000000000169e                __sinit_lock_release
 .text.__fp_lock_all
                0x00000000000016a0        0xc /home/saverio/tools/riscv/riscv32-unknown-elf/lib/libc_nano.a(lib_a-findfp.o)
                0x00000000000016a0                __fp_lock_all
 .text.__fp_unlock_all
                0x00000000000016ac        0xc /home/saverio/tools/riscv/riscv32-unknown-elf/lib/libc_nano.a(lib_a-findfp.o)
                0x00000000000016ac                __fp_unlock_all
 .text          0x00000000000016b8        0x0 /home/saverio/tools/riscv/riscv32-unknown-elf/lib/libc_nano.a(lib_a-fwalk.o)
 .text._fwalk   0x00000000000016b8       0x62 /home/saverio/tools/riscv/riscv32-unknown-elf/lib/libc_nano.a(lib_a-fwalk.o)
                0x00000000000016b8                _fwalk
 .text._fwalk_reent
                0x000000000000171a       0x6a /home/saverio/tools/riscv/riscv32-unknown-elf/lib/libc_nano.a(lib_a-fwalk.o)
                0x000000000000171a                _fwalk_reent
 .text          0x0000000000001784        0x0 /home/saverio/tools/riscv/riscv32-unknown-elf/lib/libc_nano.a(lib_a-makebuf.o)
 .text.__swhatbuf_r
                0x0000000000001784       0x5c /home/saverio/tools/riscv/riscv32-unknown-elf/lib/libc_nano.a(lib_a-makebuf.o)
                0x0000000000001784                __swhatbuf_r
 .text.__smakebuf_r
                0x00000000000017e0       0x9a /home/saverio/tools/riscv/riscv32-unknown-elf/lib/libc_nano.a(lib_a-makebuf.o)
                0x00000000000017e0                __smakebuf_r
 .text          0x000000000000187a        0x0 /home/saverio/tools/riscv/riscv32-unknown-elf/lib/libc_nano.a(lib_a-nano-freer.o)
 .text._free_r  0x000000000000187a       0x9e /home/saverio/tools/riscv/riscv32-unknown-elf/lib/libc_nano.a(lib_a-nano-freer.o)
                0x000000000000187a                _free_r
 .text          0x0000000000001918        0x0 /home/saverio/tools/riscv/riscv32-unknown-elf/lib/libc_nano.a(lib_a-nano-mallocr.o)
 .text._malloc_r
                0x0000000000001918       0xd4 /home/saverio/tools/riscv/riscv32-unknown-elf/lib/libc_nano.a(lib_a-nano-mallocr.o)
                0x0000000000001918                _malloc_r
 .text          0x00000000000019ec        0x0 /home/saverio/tools/riscv/riscv32-unknown-elf/lib/libc_nano.a(lib_a-sbrkr.o)
 .text._sbrk_r  0x00000000000019ec       0x2c /home/saverio/tools/riscv/riscv32-unknown-elf/lib/libc_nano.a(lib_a-sbrkr.o)
                0x00000000000019ec                _sbrk_r
 .text          0x0000000000001a18        0x0 /home/saverio/tools/riscv/riscv32-unknown-elf/lib/libc_nano.a(lib_a-stdio.o)
 .text.__sread  0x0000000000001a18       0x30 /home/saverio/tools/riscv/riscv32-unknown-elf/lib/libc_nano.a(lib_a-stdio.o)
                0x0000000000001a18                __sread
 .text.__seofread
                0x0000000000001a48        0x4 /home/saverio/tools/riscv/riscv32-unknown-elf/lib/libc_nano.a(lib_a-stdio.o)
                0x0000000000001a48                __seofread
 .text.__swrite
                0x0000000000001a4c       0x4e /home/saverio/tools/riscv/riscv32-unknown-elf/lib/libc_nano.a(lib_a-stdio.o)
                0x0000000000001a4c                __swrite
 .text.__sseek  0x0000000000001a9a       0x36 /home/saverio/tools/riscv/riscv32-unknown-elf/lib/libc_nano.a(lib_a-stdio.o)
                0x0000000000001a9a                __sseek
 .text.__sclose
                0x0000000000001ad0        0x6 /home/saverio/tools/riscv/riscv32-unknown-elf/lib/libc_nano.a(lib_a-stdio.o)
                0x0000000000001ad0                __sclose
 .text          0x0000000000001ad6        0x0 /home/saverio/tools/riscv/riscv32-unknown-elf/lib/libc_nano.a(lib_a-writer.o)
 .text._write_r
                0x0000000000001ad6       0x30 /home/saverio/tools/riscv/riscv32-unknown-elf/lib/libc_nano.a(lib_a-writer.o)
                0x0000000000001ad6                _write_r
 .text          0x0000000000001b06        0x0 /home/saverio/tools/riscv/riscv32-unknown-elf/lib/libc_nano.a(lib_a-closer.o)
 .text._close_r
                0x0000000000001b06       0x2c /home/saverio/tools/riscv/riscv32-unknown-elf/lib/libc_nano.a(lib_a-closer.o)
                0x0000000000001b06                _close_r
 .text          0x0000000000001b32        0x0 /home/saverio/tools/riscv/riscv32-unknown-elf/lib/libc_nano.a(lib_a-fstatr.o)
 .text._fstat_r
                0x0000000000001b32       0x2e /home/saverio/tools/riscv/riscv32-unknown-elf/lib/libc_nano.a(lib_a-fstatr.o)
                0x0000000000001b32                _fstat_r
 .text          0x0000000000001b60        0x0 /home/saverio/tools/riscv/riscv32-unknown-elf/lib/libc_nano.a(lib_a-isattyr.o)
 .text._isatty_r
                0x0000000000001b60       0x2c /home/saverio/tools/riscv/riscv32-unknown-elf/lib/libc_nano.a(lib_a-isattyr.o)
                0x0000000000001b60                _isatty_r
 .text          0x0000000000001b8c        0x0 /home/saverio/tools/riscv/riscv32-unknown-elf/lib/libc_nano.a(lib_a-lseekr.o)
 .text._lseek_r
                0x0000000000001b8c       0x30 /home/saverio/tools/riscv/riscv32-unknown-elf/lib/libc_nano.a(lib_a-lseekr.o)
                0x0000000000001b8c                _lseek_r
 .text          0x0000000000001bbc        0x0 /home/saverio/tools/riscv/riscv32-unknown-elf/lib/libc_nano.a(lib_a-mlock.o)
 .text.__malloc_lock
                0x0000000000001bbc        0x2 /home/saverio/tools/riscv/riscv32-unknown-elf/lib/libc_nano.a(lib_a-mlock.o)
                0x0000000000001bbc                __malloc_lock
 .text.__malloc_unlock
                0x0000000000001bbe        0x2 /home/saverio/tools/riscv/riscv32-unknown-elf/lib/libc_nano.a(lib_a-mlock.o)
                0x0000000000001bbe                __malloc_unlock
 .text          0x0000000000001bc0        0x0 /home/saverio/tools/riscv/riscv32-unknown-elf/lib/libc_nano.a(lib_a-readr.o)
 .text._read_r  0x0000000000001bc0       0x30 /home/saverio/tools/riscv/riscv32-unknown-elf/lib/libc_nano.a(lib_a-readr.o)
                0x0000000000001bc0                _read_r
 .text          0x0000000000001bf0        0x0 /home/saverio/tools/riscv/riscv32-unknown-elf/lib/libc_nano.a(lib_a-printf.o)
 .text._printf_r
                0x0000000000001bf0       0x38 /home/saverio/tools/riscv/riscv32-unknown-elf/lib/libc_nano.a(lib_a-printf.o)
                0x0000000000001bf0                _printf_r
                0x0000000000001bf0                _iprintf_r
 .text.printf   0x0000000000001c28       0x3a /home/saverio/tools/riscv/riscv32-unknown-elf/lib/libc_nano.a(lib_a-printf.o)
                0x0000000000001c28                printf
                0x0000000000001c28                iprintf
 .text          0x0000000000001c62        0x0 /home/saverio/tools/riscv/riscv32-unknown-elf/lib/libc_nano.a(lib_a-nano-vfprintf.o)
 .text.__sfputc_r
                0x0000000000001c62       0x2a /home/saverio/tools/riscv/riscv32-unknown-elf/lib/libc_nano.a(lib_a-nano-vfprintf.o)
 .text.__sfputs_r
                0x0000000000001c8c       0x42 /home/saverio/tools/riscv/riscv32-unknown-elf/lib/libc_nano.a(lib_a-nano-vfprintf.o)
                0x0000000000001c8c                __sfputs_r
 .text.__sprint_r
                0x0000000000001cce       0x22 /home/saverio/tools/riscv/riscv32-unknown-elf/lib/libc_nano.a(lib_a-nano-vfprintf.o)
                0x0000000000001cce                __sprint_r
 .text._vfprintf_r
                0x0000000000001cf0      0x292 /home/saverio/tools/riscv/riscv32-unknown-elf/lib/libc_nano.a(lib_a-nano-vfprintf.o)
                0x0000000000001cf0                _vfiprintf_r
                0x0000000000001cf0                _vfprintf_r
 .text.vfprintf
                0x0000000000001f82        0xc /home/saverio/tools/riscv/riscv32-unknown-elf/lib/libc_nano.a(lib_a-nano-vfprintf.o)
                0x0000000000001f82                vfiprintf
                0x0000000000001f82                vfprintf
 .text          0x0000000000001f8e        0x0 /home/saverio/tools/riscv/riscv32-unknown-elf/lib/libc_nano.a(lib_a-fvwrite.o)
 .text.__sfvwrite_r
                0x0000000000001f8e      0x2ca /home/saverio/tools/riscv/riscv32-unknown-elf/lib/libc_nano.a(lib_a-fvwrite.o)
                0x0000000000001f8e                __sfvwrite_r
 .text          0x0000000000002258        0x0 /home/saverio/tools/riscv/riscv32-unknown-elf/lib/libc_nano.a(lib_a-memchr.o)
 .text.memchr   0x0000000000002258       0x1a /home/saverio/tools/riscv/riscv32-unknown-elf/lib/libc_nano.a(lib_a-memchr.o)
                0x0000000000002258                memchr
 .text          0x0000000000002272       0x16 /home/saverio/tools/riscv/riscv32-unknown-elf/lib/libc_nano.a(lib_a-memcpy-asm.o)
                0x0000000000002272                memcpy
 .text          0x0000000000002288       0x26 /home/saverio/tools/riscv/riscv32-unknown-elf/lib/libc_nano.a(lib_a-memmove.o)
                0x0000000000002288                memmove
 .text          0x00000000000022ae        0x0 /home/saverio/tools/riscv/riscv32-unknown-elf/lib/libc_nano.a(lib_a-nano-reallocr.o)
 .text._realloc_r
                0x00000000000022ae       0x7a /home/saverio/tools/riscv/riscv32-unknown-elf/lib/libc_nano.a(lib_a-nano-reallocr.o)
                0x00000000000022ae                _realloc_r
 .text          0x0000000000002328        0x0 /home/saverio/tools/riscv/riscv32-unknown-elf/lib/libc_nano.a(lib_a-nano-vfprintf_i.o)
 .text._printf_common
                0x0000000000002328      0x110 /home/saverio/tools/riscv/riscv32-unknown-elf/lib/libc_nano.a(lib_a-nano-vfprintf_i.o)
                0x0000000000002328                _printf_common
 .text._printf_i
                0x0000000000002438      0x25a /home/saverio/tools/riscv/riscv32-unknown-elf/lib/libc_nano.a(lib_a-nano-vfprintf_i.o)
                0x0000000000002438                _printf_i
 .text          0x0000000000002692        0x0 /home/saverio/tools/riscv/riscv32-unknown-elf/lib/libc_nano.a(lib_a-nano-msizer.o)
 .text._malloc_usable_size_r
                0x0000000000002692       0x14 /home/saverio/tools/riscv/riscv32-unknown-elf/lib/libc_nano.a(lib_a-nano-msizer.o)
                0x0000000000002692                _malloc_usable_size_r
 .text          0x00000000000026a6        0x0 /home/saverio/tools/riscv/riscv32-unknown-elf/lib/libm_nano.a(lib_a-s_round.o)
 .text.round    0x00000000000026a6       0xb6 /home/saverio/tools/riscv/riscv32-unknown-elf/lib/libm_nano.a(lib_a-s_round.o)
                0x00000000000026a6                round
 .text          0x000000000000275c        0x0 /home/saverio/tools/riscv/riscv32-unknown-elf/lib/libm_nano.a(lib_a-s_sin.o)
 .text.sin      0x000000000000275c       0x7c /home/saverio/tools/riscv/riscv32-unknown-elf/lib/libm_nano.a(lib_a-s_sin.o)
                0x000000000000275c                sin
 .text          0x00000000000027d8        0x0 /home/saverio/tools/riscv/riscv32-unknown-elf/lib/libm_nano.a(lib_a-e_rem_pio2.o)
 .text.__ieee754_rem_pio2
                0x00000000000027d8      0x41a /home/saverio/tools/riscv/riscv32-unknown-elf/lib/libm_nano.a(lib_a-e_rem_pio2.o)
                0x00000000000027d8                __ieee754_rem_pio2
 .text          0x0000000000002bf2        0x0 /home/saverio/tools/riscv/riscv32-unknown-elf/lib/libm_nano.a(lib_a-k_cos.o)
 .text.__kernel_cos
                0x0000000000002bf2      0x190 /home/saverio/tools/riscv/riscv32-unknown-elf/lib/libm_nano.a(lib_a-k_cos.o)
                0x0000000000002bf2                __kernel_cos
 .text          0x0000000000002d82        0x0 /home/saverio/tools/riscv/riscv32-unknown-elf/lib/libm_nano.a(lib_a-k_rem_pio2.o)
 .text.__kernel_rem_pio2
                0x0000000000002d82      0x752 /home/saverio/tools/riscv/riscv32-unknown-elf/lib/libm_nano.a(lib_a-k_rem_pio2.o)
                0x0000000000002d82                __kernel_rem_pio2
 .text          0x00000000000034d4        0x0 /home/saverio/tools/riscv/riscv32-unknown-elf/lib/libm_nano.a(lib_a-k_sin.o)
 .text.__kernel_sin
                0x00000000000034d4      0x172 /home/saverio/tools/riscv/riscv32-unknown-elf/lib/libm_nano.a(lib_a-k_sin.o)
                0x00000000000034d4                __kernel_sin
 .text          0x0000000000003646        0x0 /home/saverio/tools/riscv/riscv32-unknown-elf/lib/libm_nano.a(lib_a-s_fabs.o)
 .text.fabs     0x0000000000003646        0xe /home/saverio/tools/riscv/riscv32-unknown-elf/lib/libm_nano.a(lib_a-s_fabs.o)
                0x0000000000003646                fabs
 .text          0x0000000000003654        0x0 /home/saverio/tools/riscv/riscv32-unknown-elf/lib/libm_nano.a(lib_a-s_floor.o)
 .text.floor    0x0000000000003654      0x12e /home/saverio/tools/riscv/riscv32-unknown-elf/lib/libm_nano.a(lib_a-s_floor.o)
                0x0000000000003654                floor
 .text          0x0000000000003782        0x0 /home/saverio/tools/riscv/riscv32-unknown-elf/lib/libm_nano.a(lib_a-s_scalbn.o)
 .text.scalbn   0x0000000000003782       0xea /home/saverio/tools/riscv/riscv32-unknown-elf/lib/libm_nano.a(lib_a-s_scalbn.o)
                0x0000000000003782                scalbn
 .text          0x000000000000386c      0x622 /home/saverio/tools/riscv/lib/gcc/riscv32-unknown-elf/11.1.0/libgcc.a(adddf3.o)
                0x000000000000386c                __adddf3
 .text          0x0000000000003e8e       0x6a /home/saverio/tools/riscv/lib/gcc/riscv32-unknown-elf/11.1.0/libgcc.a(eqdf2.o)
                0x0000000000003e8e                __eqdf2
                0x0000000000003e8e                __nedf2
 .text          0x0000000000003ef8       0xa6 /home/saverio/tools/riscv/lib/gcc/riscv32-unknown-elf/11.1.0/libgcc.a(gedf2.o)
                0x0000000000003ef8                __gtdf2
                0x0000000000003ef8                __gedf2
 .text          0x0000000000003f9e      0x476 /home/saverio/tools/riscv/lib/gcc/riscv32-unknown-elf/11.1.0/libgcc.a(muldf3.o)
                0x0000000000003f9e                __muldf3
 .text          0x0000000000004414      0x630 /home/saverio/tools/riscv/lib/gcc/riscv32-unknown-elf/11.1.0/libgcc.a(subdf3.o)
                0x0000000000004414                __subdf3
 .text          0x0000000000004a44       0x66 /home/saverio/tools/riscv/lib/gcc/riscv32-unknown-elf/11.1.0/libgcc.a(fixdfsi.o)
                0x0000000000004a44                __fixdfsi
 .text          0x0000000000004aaa       0x66 /home/saverio/tools/riscv/lib/gcc/riscv32-unknown-elf/11.1.0/libgcc.a(floatsidf.o)
                0x0000000000004aaa                __floatsidf
 .text          0x0000000000004b10       0x3a /home/saverio/tools/riscv/lib/gcc/riscv32-unknown-elf/11.1.0/libgcc.a(_clzsi2.o)
                0x0000000000004b10                __clzsi2
 .text          0x0000000000004b4a        0x0 /home/saverio/tools/riscv/lib/gcc/riscv32-unknown-elf/11.1.0/libgcc.a(_clz.o)
 .text          0x0000000000004b4a       0x24 /home/saverio/tools/riscv/lib/gcc/riscv32-unknown-elf/11.1.0/libgcc.a(_bswapsi2.o)
                0x0000000000004b4a                __bswapsi2
 .text          0x0000000000004b6e      0x39a /home/saverio/tools/riscv/lib/gcc/riscv32-unknown-elf/11.1.0/libgcc.a(_divdi3.o)
                0x0000000000004b6e                __divdi3
 .text          0x0000000000004f08      0x376 /home/saverio/tools/riscv/lib/gcc/riscv32-unknown-elf/11.1.0/libgcc.a(_moddi3.o)
                0x0000000000004f08                __moddi3
 .text          0x000000000000527e      0x35a /home/saverio/tools/riscv/lib/gcc/riscv32-unknown-elf/11.1.0/libgcc.a(_udivdi3.o)
                0x000000000000527e                __udivdi3
 .text          0x00000000000055d8      0x31a /home/saverio/tools/riscv/lib/gcc/riscv32-unknown-elf/11.1.0/libgcc.a(_umoddi3.o)
                0x00000000000055d8                __umoddi3
 *(.gnu.warning)

.power_manager  0x00000000000058f4      0x100
                [!provide]                        PROVIDE (__power_manager_start = .)
                0x00000000000059f4                . = (. + 0x100)
 *fill*         0x00000000000058f4      0x100 

.fini
 *(SORT_NONE(.fini))
                [!provide]                        PROVIDE (__etext = .)
                [!provide]                        PROVIDE (_etext = .)
                [!provide]                        PROVIDE (etext = .)

.rodata         0x0000000000008000    0x11950
 *(.rodata .rodata.* .gnu.linkonce.r.*)
 .rodata        0x0000000000008000       0x20 /tmp/ccNEz1vU.o
 .rodata.print_exc_msg.str1.4
                0x0000000000008020       0x19 /tmp/ccrXcNhh.ltrans0.ltrans.o
 *fill*         0x0000000000008039        0x3 
 .rodata.write_to_flash_256_bytes_max.constprop.0.str1.4
                0x000000000000803c       0x79 /tmp/ccrXcNhh.ltrans0.ltrans.o
 *fill*         0x00000000000080b5        0x3 
 .rodata.main.str1.4
                0x00000000000080b8       0xa8 /tmp/ccrXcNhh.ltrans0.ltrans.o
 .rodata.handler_exception.str1.4
                0x0000000000008160      0x101 /tmp/ccrXcNhh.ltrans0.ltrans.o
 *fill*         0x0000000000008261        0x3 
 .rodata.handler_exception
                0x0000000000008264       0x30 /tmp/ccrXcNhh.ltrans0.ltrans.o
 .rodata.handler_irq_software.str1.4
                0x0000000000008294       0x18 /tmp/ccrXcNhh.ltrans0.ltrans.o
 .rodata.handler_irq_external.str1.4
                0x00000000000082ac       0x18 /tmp/ccrXcNhh.ltrans0.ltrans.o
 .rodata.handler_irq_fast_timer_1.str1.4
                0x00000000000082c4       0x1c /tmp/ccrXcNhh.ltrans0.ltrans.o
 .rodata.handler_irq_fast_timer_2.str1.4
                0x00000000000082e0       0x1c /tmp/ccrXcNhh.ltrans0.ltrans.o
 .rodata.handler_irq_fast_timer_3.str1.4
                0x00000000000082fc       0x1c /tmp/ccrXcNhh.ltrans0.ltrans.o
 .rodata.handler_irq_fast_spi.str1.4
                0x0000000000008318       0x18 /tmp/ccrXcNhh.ltrans0.ltrans.o
 .rodata.handler_irq_fast_gpio_0.str1.4
                0x0000000000008330       0x1b /tmp/ccrXcNhh.ltrans0.ltrans.o
 *fill*         0x000000000000834b        0x1 
 .rodata.handler_irq_fast_gpio_1.str1.4
                0x000000000000834c       0x1b /tmp/ccrXcNhh.ltrans0.ltrans.o
 *fill*         0x0000000000008367        0x1 
 .rodata.handler_irq_fast_gpio_2.str1.4
                0x0000000000008368       0x1b /tmp/ccrXcNhh.ltrans0.ltrans.o
 *fill*         0x0000000000008383        0x1 
 .rodata.handler_irq_fast_gpio_3.str1.4
                0x0000000000008384       0x1b /tmp/ccrXcNhh.ltrans0.ltrans.o
 *fill*         0x000000000000839f        0x1 
 .rodata.handler_irq_fast_gpio_4.str1.4
                0x00000000000083a0       0x1b /tmp/ccrXcNhh.ltrans0.ltrans.o
 *fill*         0x00000000000083bb        0x1 
 .rodata.handler_irq_fast_gpio_5.str1.4
                0x00000000000083bc       0x1b /tmp/ccrXcNhh.ltrans0.ltrans.o
 *fill*         0x00000000000083d7        0x1 
 .rodata.handler_irq_fast_gpio_6.str1.4
                0x00000000000083d8       0x1b /tmp/ccrXcNhh.ltrans0.ltrans.o
 *fill*         0x00000000000083f3        0x1 
 .rodata.handler_irq_fast_gpio_7.str1.4
                0x00000000000083f4       0x1b /tmp/ccrXcNhh.ltrans0.ltrans.o
 *fill*         0x000000000000840f        0x1 
 .rodata.chirp  0x0000000000008410    0x11170 /tmp/ccrXcNhh.ltrans0.ltrans.o
 .rodata.__sf_fake_stderr
                0x0000000000019580       0x20 /home/saverio/tools/riscv/riscv32-unknown-elf/lib/libc_nano.a(lib_a-findfp.o)
                0x0000000000019580                __sf_fake_stderr
 .rodata.__sf_fake_stdin
                0x00000000000195a0       0x20 /home/saverio/tools/riscv/riscv32-unknown-elf/lib/libc_nano.a(lib_a-findfp.o)
                0x00000000000195a0                __sf_fake_stdin
 .rodata.__sf_fake_stdout
                0x00000000000195c0       0x20 /home/saverio/tools/riscv/riscv32-unknown-elf/lib/libc_nano.a(lib_a-findfp.o)
                0x00000000000195c0                __sf_fake_stdout
 .rodata._vfprintf_r.str1.4
                0x00000000000195e0       0x13 /home/saverio/tools/riscv/riscv32-unknown-elf/lib/libc_nano.a(lib_a-nano-vfprintf.o)
 *fill*         0x00000000000195f3        0x1 
 .rodata._printf_i.str1.4
                0x00000000000195f4       0x25 /home/saverio/tools/riscv/riscv32-unknown-elf/lib/libc_nano.a(lib_a-nano-vfprintf_i.o)
 *fill*         0x0000000000019619        0x3 
 .rodata._printf_i
                0x000000000001961c       0x58 /home/saverio/tools/riscv/riscv32-unknown-elf/lib/libc_nano.a(lib_a-nano-vfprintf_i.o)
 .rodata.npio2_hw
                0x0000000000019674       0x80 /home/saverio/tools/riscv/riscv32-unknown-elf/lib/libm_nano.a(lib_a-e_rem_pio2.o)
 .rodata.two_over_pi
                0x00000000000196f4      0x108 /home/saverio/tools/riscv/riscv32-unknown-elf/lib/libm_nano.a(lib_a-e_rem_pio2.o)
 *fill*         0x00000000000197fc        0x4 
 .rodata.PIo2   0x0000000000019800       0x40 /home/saverio/tools/riscv/riscv32-unknown-elf/lib/libm_nano.a(lib_a-k_rem_pio2.o)
 .rodata.init_jk
                0x0000000000019840       0x10 /home/saverio/tools/riscv/riscv32-unknown-elf/lib/libm_nano.a(lib_a-k_rem_pio2.o)
 .rodata        0x0000000000019850      0x100 /home/saverio/tools/riscv/lib/gcc/riscv32-unknown-elf/11.1.0/libgcc.a(_clz.o)
                0x0000000000019850                __clz_tab

.rodata1
 *(.rodata1)

.eh_frame_hdr
 *(.eh_frame_hdr)
 *(.eh_frame_entry .eh_frame_entry.*)

.eh_frame       0x00000000000059f4       0x64
 *(.eh_frame)
 .eh_frame      0x00000000000059f4       0x28 /home/saverio/tools/riscv/lib/gcc/riscv32-unknown-elf/11.1.0/libgcc.a(_divdi3.o)
 .eh_frame      0x0000000000005a1c       0x14 /home/saverio/tools/riscv/lib/gcc/riscv32-unknown-elf/11.1.0/libgcc.a(_moddi3.o)
                                         0x28 (size before relaxing)
 .eh_frame      0x0000000000005a30       0x14 /home/saverio/tools/riscv/lib/gcc/riscv32-unknown-elf/11.1.0/libgcc.a(_udivdi3.o)
                                         0x28 (size before relaxing)
 .eh_frame      0x0000000000005a44       0x14 /home/saverio/tools/riscv/lib/gcc/riscv32-unknown-elf/11.1.0/libgcc.a(_umoddi3.o)
                                         0x28 (size before relaxing)
 *(.eh_frame.*)

.rela.dyn       0x0000000000005a58        0x0
 .rela.text.start
                0x0000000000005a58        0x0 /tmp/ccMHRcfT.o
 .rela.text.__libc_fini_array
                0x0000000000005a58        0x0 /tmp/ccMHRcfT.o
 .rela.text.__libc_init_array
                0x0000000000005a58        0x0 /tmp/ccMHRcfT.o
 .rela.text.__register_exitproc
                0x0000000000005a58        0x0 /tmp/ccMHRcfT.o
 .rela.text._sbrk
                0x0000000000005a58        0x0 /tmp/ccMHRcfT.o
 .rela.sdata.brk
                0x0000000000005a58        0x0 /tmp/ccMHRcfT.o
 .rela.text._vfprintf_r
                0x0000000000005a58        0x0 /tmp/ccMHRcfT.o

.gcc_except_table
 *(.gcc_except_table .gcc_except_table.*)

.gnu_extab
 *(.gnu_extab*)
                0x0000000000006a58                . = DATA_SEGMENT_ALIGN (CONSTANT (MAXPAGESIZE), CONSTANT (COMMONPAGESIZE))

.eh_frame
 *(.eh_frame)
 *(.eh_frame.*)

.gnu_extab
 *(.gnu_extab)

.gcc_except_table
 *(.gcc_except_table .gcc_except_table.*)

.exception_ranges
 *(.exception_ranges .exception_ranges*)

.tdata          0x0000000000019950        0x0
                [!provide]                        PROVIDE (__tdata_start = .)
 *(.tdata .tdata.* .gnu.linkonce.td.*)

.tbss
 *(.tbss .tbss.* .gnu.linkonce.tb.*)
 *(.tcommon)

.preinit_array  0x0000000000019950        0x0
                0x0000000000019950                PROVIDE (__preinit_array_start = .)
 *(.preinit_array)
                0x0000000000019950                PROVIDE (__preinit_array_end = .)

.init_array     0x0000000000019950        0x0
                0x0000000000019950                PROVIDE (__init_array_start = .)
 *(SORT_BY_INIT_PRIORITY(.init_array.*) SORT_BY_INIT_PRIORITY(.ctors.*))
 *(.init_array EXCLUDE_FILE(*crtend?.o *crtend.o *crtbegin?.o *crtbegin.o) .ctors)
                0x0000000000019950                PROVIDE (__init_array_end = .)

.fini_array     0x0000000000019950        0x0
                0x0000000000019950                PROVIDE (__fini_array_start = .)
 *(SORT_BY_INIT_PRIORITY(.fini_array.*) SORT_BY_INIT_PRIORITY(.dtors.*))
 *(.fini_array EXCLUDE_FILE(*crtend?.o *crtend.o *crtbegin?.o *crtbegin.o) .dtors)
                0x0000000000019950                PROVIDE (__fini_array_end = .)

.ctors
 *crtbegin.o(.ctors)
 *crtbegin?.o(.ctors)
 *(EXCLUDE_FILE(*crtend?.o *crtend.o) .ctors)
 *(SORT_BY_NAME(.ctors.*))
 *(.ctors)

.dtors
 *crtbegin.o(.dtors)
 *crtbegin?.o(.dtors)
 *(EXCLUDE_FILE(*crtend?.o *crtend.o) .dtors)
 *(SORT_BY_NAME(.dtors.*))
 *(.dtors)
                0x0000000000019950                . = DATA_SEGMENT_RELRO_END (., 0x0)

.data           0x0000000000019950       0x60
                0x0000000000019950                __DATA_BEGIN__ = .
 *(.data .data.* .gnu.linkonce.d.*)
 .data          0x0000000000019950        0x0 /tmp/ccMHRcfT.o
 .data          0x0000000000019950        0x0 /tmp/ccNEz1vU.o
 .data          0x0000000000019950        0x0 /tmp/ccrXcNhh.ltrans0.ltrans.o
 .data          0x0000000000019950        0x0 /home/saverio/tools/riscv/riscv32-unknown-elf/lib/libc_nano.a(lib_a-atexit.o)
 .data          0x0000000000019950        0x0 /home/saverio/tools/riscv/riscv32-unknown-elf/lib/libc_nano.a(lib_a-exit.o)
 .data          0x0000000000019950        0x0 /home/saverio/tools/riscv/riscv32-unknown-elf/lib/libc_nano.a(lib_a-fini.o)
 .data          0x0000000000019950        0x0 /home/saverio/tools/riscv/riscv32-unknown-elf/lib/libc_nano.a(lib_a-impure.o)
 .data.impure_data
                0x0000000000019950       0x60 /home/saverio/tools/riscv/riscv32-unknown-elf/lib/libc_nano.a(lib_a-impure.o)
 .data          0x00000000000199b0        0x0 /home/saverio/tools/riscv/riscv32-unknown-elf/lib/libc_nano.a(lib_a-init.o)
 .data          0x00000000000199b0        0x0 /home/saverio/tools/riscv/riscv32-unknown-elf/lib/libc_nano.a(lib_a-memset.o)
 .data          0x00000000000199b0        0x0 /home/saverio/tools/riscv/riscv32-unknown-elf/lib/libc_nano.a(lib_a-puts.o)
 .data          0x00000000000199b0        0x0 /home/saverio/tools/riscv/riscv32-unknown-elf/lib/libc_nano.a(lib_a-reent.o)
 .data          0x00000000000199b0        0x0 /home/saverio/tools/riscv/riscv32-unknown-elf/lib/libc_nano.a(lib_a-wbuf.o)
 .data          0x00000000000199b0        0x0 /home/saverio/tools/riscv/riscv32-unknown-elf/lib/libc_nano.a(lib_a-wsetup.o)
 .data          0x00000000000199b0        0x0 /home/saverio/tools/riscv/riscv32-unknown-elf/lib/libc_nano.a(lib_a-__atexit.o)
 .data          0x00000000000199b0        0x0 /home/saverio/tools/riscv/riscv32-unknown-elf/lib/libc_nano.a(lib_a-__call_atexit.o)
 .data          0x00000000000199b0        0x0 /home/saverio/tools/riscv/riscv32-unknown-elf/lib/libc_nano.a(lib_a-fflush.o)
 .data          0x00000000000199b0        0x0 /home/saverio/tools/riscv/riscv32-unknown-elf/lib/libc_nano.a(lib_a-findfp.o)
 .data          0x00000000000199b0        0x0 /home/saverio/tools/riscv/riscv32-unknown-elf/lib/libc_nano.a(lib_a-fwalk.o)
 .data          0x00000000000199b0        0x0 /home/saverio/tools/riscv/riscv32-unknown-elf/lib/libc_nano.a(lib_a-makebuf.o)
 .data          0x00000000000199b0        0x0 /home/saverio/tools/riscv/riscv32-unknown-elf/lib/libc_nano.a(lib_a-nano-freer.o)
 .data          0x00000000000199b0        0x0 /home/saverio/tools/riscv/riscv32-unknown-elf/lib/libc_nano.a(lib_a-nano-mallocr.o)
 .data          0x00000000000199b0        0x0 /home/saverio/tools/riscv/riscv32-unknown-elf/lib/libc_nano.a(lib_a-sbrkr.o)
 .data          0x00000000000199b0        0x0 /home/saverio/tools/riscv/riscv32-unknown-elf/lib/libc_nano.a(lib_a-stdio.o)
 .data          0x00000000000199b0        0x0 /home/saverio/tools/riscv/riscv32-unknown-elf/lib/libc_nano.a(lib_a-writer.o)
 .data          0x00000000000199b0        0x0 /home/saverio/tools/riscv/riscv32-unknown-elf/lib/libc_nano.a(lib_a-closer.o)
 .data          0x00000000000199b0        0x0 /home/saverio/tools/riscv/riscv32-unknown-elf/lib/libc_nano.a(lib_a-fstatr.o)
 .data          0x00000000000199b0        0x0 /home/saverio/tools/riscv/riscv32-unknown-elf/lib/libc_nano.a(lib_a-isattyr.o)
 .data          0x00000000000199b0        0x0 /home/saverio/tools/riscv/riscv32-unknown-elf/lib/libc_nano.a(lib_a-lseekr.o)
 .data          0x00000000000199b0        0x0 /home/saverio/tools/riscv/riscv32-unknown-elf/lib/libc_nano.a(lib_a-mlock.o)
 .data          0x00000000000199b0        0x0 /home/saverio/tools/riscv/riscv32-unknown-elf/lib/libc_nano.a(lib_a-readr.o)
 .data          0x00000000000199b0        0x0 /home/saverio/tools/riscv/riscv32-unknown-elf/lib/libc_nano.a(lib_a-printf.o)
 .data          0x00000000000199b0        0x0 /home/saverio/tools/riscv/riscv32-unknown-elf/lib/libc_nano.a(lib_a-nano-vfprintf.o)
 .data          0x00000000000199b0        0x0 /home/saverio/tools/riscv/riscv32-unknown-elf/lib/libc_nano.a(lib_a-fvwrite.o)
 .data          0x00000000000199b0        0x0 /home/saverio/tools/riscv/riscv32-unknown-elf/lib/libc_nano.a(lib_a-memchr.o)
 .data          0x00000000000199b0        0x0 /home/saverio/tools/riscv/riscv32-unknown-elf/lib/libc_nano.a(lib_a-memcpy-asm.o)
 .data          0x00000000000199b0        0x0 /home/saverio/tools/riscv/riscv32-unknown-elf/lib/libc_nano.a(lib_a-memmove.o)
 .data          0x00000000000199b0        0x0 /home/saverio/tools/riscv/riscv32-unknown-elf/lib/libc_nano.a(lib_a-nano-reallocr.o)
 .data          0x00000000000199b0        0x0 /home/saverio/tools/riscv/riscv32-unknown-elf/lib/libc_nano.a(lib_a-nano-vfprintf_i.o)
 .data          0x00000000000199b0        0x0 /home/saverio/tools/riscv/riscv32-unknown-elf/lib/libc_nano.a(lib_a-nano-msizer.o)
 .data          0x00000000000199b0        0x0 /home/saverio/tools/riscv/riscv32-unknown-elf/lib/libm_nano.a(lib_a-s_round.o)
 .data          0x00000000000199b0        0x0 /home/saverio/tools/riscv/riscv32-unknown-elf/lib/libm_nano.a(lib_a-s_sin.o)
 .data          0x00000000000199b0        0x0 /home/saverio/tools/riscv/riscv32-unknown-elf/lib/libm_nano.a(lib_a-e_rem_pio2.o)
 .data          0x00000000000199b0        0x0 /home/saverio/tools/riscv/riscv32-unknown-elf/lib/libm_nano.a(lib_a-k_cos.o)
 .data          0x00000000000199b0        0x0 /home/saverio/tools/riscv/riscv32-unknown-elf/lib/libm_nano.a(lib_a-k_rem_pio2.o)
 .data          0x00000000000199b0        0x0 /home/saverio/tools/riscv/riscv32-unknown-elf/lib/libm_nano.a(lib_a-k_sin.o)
 .data          0x00000000000199b0        0x0 /home/saverio/tools/riscv/riscv32-unknown-elf/lib/libm_nano.a(lib_a-s_fabs.o)
 .data          0x00000000000199b0        0x0 /home/saverio/tools/riscv/riscv32-unknown-elf/lib/libm_nano.a(lib_a-s_floor.o)
 .data          0x00000000000199b0        0x0 /home/saverio/tools/riscv/riscv32-unknown-elf/lib/libm_nano.a(lib_a-s_scalbn.o)
 .data          0x00000000000199b0        0x0 /home/saverio/tools/riscv/lib/gcc/riscv32-unknown-elf/11.1.0/libgcc.a(adddf3.o)
 .data          0x00000000000199b0        0x0 /home/saverio/tools/riscv/lib/gcc/riscv32-unknown-elf/11.1.0/libgcc.a(eqdf2.o)
 .data          0x00000000000199b0        0x0 /home/saverio/tools/riscv/lib/gcc/riscv32-unknown-elf/11.1.0/libgcc.a(gedf2.o)
 .data          0x00000000000199b0        0x0 /home/saverio/tools/riscv/lib/gcc/riscv32-unknown-elf/11.1.0/libgcc.a(muldf3.o)
 .data          0x00000000000199b0        0x0 /home/saverio/tools/riscv/lib/gcc/riscv32-unknown-elf/11.1.0/libgcc.a(subdf3.o)
 .data          0x00000000000199b0        0x0 /home/saverio/tools/riscv/lib/gcc/riscv32-unknown-elf/11.1.0/libgcc.a(fixdfsi.o)
 .data          0x00000000000199b0        0x0 /home/saverio/tools/riscv/lib/gcc/riscv32-unknown-elf/11.1.0/libgcc.a(floatsidf.o)
 .data          0x00000000000199b0        0x0 /home/saverio/tools/riscv/lib/gcc/riscv32-unknown-elf/11.1.0/libgcc.a(_clzsi2.o)
 .data          0x00000000000199b0        0x0 /home/saverio/tools/riscv/lib/gcc/riscv32-unknown-elf/11.1.0/libgcc.a(_clz.o)
 .data          0x00000000000199b0        0x0 /home/saverio/tools/riscv/lib/gcc/riscv32-unknown-elf/11.1.0/libgcc.a(_bswapsi2.o)
 .data          0x00000000000199b0        0x0 /home/saverio/tools/riscv/lib/gcc/riscv32-unknown-elf/11.1.0/libgcc.a(_divdi3.o)
 .data          0x00000000000199b0        0x0 /home/saverio/tools/riscv/lib/gcc/riscv32-unknown-elf/11.1.0/libgcc.a(_moddi3.o)
 .data          0x00000000000199b0        0x0 /home/saverio/tools/riscv/lib/gcc/riscv32-unknown-elf/11.1.0/libgcc.a(_udivdi3.o)
 .data          0x00000000000199b0        0x0 /home/saverio/tools/riscv/lib/gcc/riscv32-unknown-elf/11.1.0/libgcc.a(_umoddi3.o)

.data1
 *(.data1)

.sdata          0x00000000000199b0      0x110
                0x00000000000199b0                __SDATA_BEGIN__ = .
 *(.srodata.cst16)
 *(.srodata.cst8)
 .srodata.cst8  0x00000000000199b0       0x48 /home/saverio/tools/riscv/riscv32-unknown-elf/lib/libm_nano.a(lib_a-e_rem_pio2.o)
 .srodata.cst8  0x00000000000199f8       0x40 /home/saverio/tools/riscv/riscv32-unknown-elf/lib/libm_nano.a(lib_a-k_cos.o)
                                         0x48 (size before relaxing)
 .srodata.cst8  0x0000000000019a38       0x18 /home/saverio/tools/riscv/riscv32-unknown-elf/lib/libm_nano.a(lib_a-k_rem_pio2.o)
                                         0x30 (size before relaxing)
 .srodata.cst8  0x0000000000019a50       0x30 /home/saverio/tools/riscv/riscv32-unknown-elf/lib/libm_nano.a(lib_a-k_sin.o)
                                         0x38 (size before relaxing)
 .srodata.cst8  0x0000000000019a80        0x8 /home/saverio/tools/riscv/riscv32-unknown-elf/lib/libm_nano.a(lib_a-s_floor.o)
 .srodata.cst8  0x0000000000019a88       0x28 /home/saverio/tools/riscv/riscv32-unknown-elf/lib/libm_nano.a(lib_a-s_scalbn.o)
                                         0x30 (size before relaxing)
 *(.srodata.cst4)
 *(.srodata.cst2)
 *(.srodata .srodata.*)
 .srodata._global_impure_ptr
                0x0000000000019ab0        0x4 /home/saverio/tools/riscv/riscv32-unknown-elf/lib/libc_nano.a(lib_a-impure.o)
                0x0000000000019ab0                _global_impure_ptr
 *(.sdata .sdata.* .gnu.linkonce.s.*)
 .sdata.brk     0x0000000000019ab4        0x4 /tmp/ccrXcNhh.ltrans0.ltrans.o
 .sdata._impure_ptr
                0x0000000000019ab8        0x4 /home/saverio/tools/riscv/riscv32-unknown-elf/lib/libc_nano.a(lib_a-impure.o)
                0x0000000000019ab8                _impure_ptr
 .sdata.__atexit_dummy
                0x0000000000019abc        0x4 /home/saverio/tools/riscv/riscv32-unknown-elf/lib/libc_nano.a(lib_a-__atexit.o)
                0x0000000000019abc                __atexit_dummy
                0x0000000000019ac0                _edata = .
                [!provide]                        PROVIDE (edata = .)
                0x0000000000019ac0                . = .
                0x0000000000019ac0                __bss_start = .

.sbss           0x0000000000019ac0       0x24
 *(.dynsbss)
 *(.sbss .sbss.* .gnu.linkonce.sb.*)
 .sbss.dma_intr_flag
                0x0000000000019ac0        0x1 /tmp/ccrXcNhh.ltrans0.ltrans.o
 *fill*         0x0000000000019ac1        0x3 
 .sbss.spi_host_adc
                0x0000000000019ac4        0x4 /tmp/ccrXcNhh.ltrans0.ltrans.o
 .sbss.spi_host_dac
                0x0000000000019ac8        0x4 /tmp/ccrXcNhh.ltrans0.ltrans.o
 .sbss.spi_host_flash
                0x0000000000019acc        0x4 /tmp/ccrXcNhh.ltrans0.ltrans.o
 .sbss.spi_intr_flag
                0x0000000000019ad0        0x1 /tmp/ccrXcNhh.ltrans0.ltrans.o
 *fill*         0x0000000000019ad1        0x3 
 .sbss.errno    0x0000000000019ad4        0x4 /home/saverio/tools/riscv/riscv32-unknown-elf/lib/libc_nano.a(lib_a-reent.o)
                0x0000000000019ad4                errno
 .sbss._global_atexit
                0x0000000000019ad8        0x4 /home/saverio/tools/riscv/riscv32-unknown-elf/lib/libc_nano.a(lib_a-__call_atexit.o)
                0x0000000000019ad8                _global_atexit
 .sbss.__malloc_free_list
                0x0000000000019adc        0x4 /home/saverio/tools/riscv/riscv32-unknown-elf/lib/libc_nano.a(lib_a-nano-mallocr.o)
                0x0000000000019adc                __malloc_free_list
 .sbss.__malloc_sbrk_start
                0x0000000000019ae0        0x4 /home/saverio/tools/riscv/riscv32-unknown-elf/lib/libc_nano.a(lib_a-nano-mallocr.o)
                0x0000000000019ae0                __malloc_sbrk_start
 *(.scommon)

.bss            0x0000000000019ae4    0x11208
 *(.dynbss)
 *(.bss .bss.* .gnu.linkonce.b.*)
 .bss           0x0000000000019ae4        0x0 /tmp/ccMHRcfT.o
 .bss           0x0000000000019ae4        0x0 /tmp/ccNEz1vU.o
 .bss           0x0000000000019ae4        0x0 /tmp/ccrXcNhh.ltrans0.ltrans.o
 .bss.results   0x0000000000019ae4    0x11170 /tmp/ccrXcNhh.ltrans0.ltrans.o
 .bss.timer     0x000000000002ac54        0xc /tmp/ccrXcNhh.ltrans0.ltrans.o
 .bss           0x000000000002ac60        0x0 /home/saverio/tools/riscv/riscv32-unknown-elf/lib/libc_nano.a(lib_a-atexit.o)
 .bss           0x000000000002ac60        0x0 /home/saverio/tools/riscv/riscv32-unknown-elf/lib/libc_nano.a(lib_a-exit.o)
 .bss           0x000000000002ac60        0x0 /home/saverio/tools/riscv/riscv32-unknown-elf/lib/libc_nano.a(lib_a-fini.o)
 .bss           0x000000000002ac60        0x0 /home/saverio/tools/riscv/riscv32-unknown-elf/lib/libc_nano.a(lib_a-impure.o)
 .bss           0x000000000002ac60        0x0 /home/saverio/tools/riscv/riscv32-unknown-elf/lib/libc_nano.a(lib_a-init.o)
 .bss           0x000000000002ac60        0x0 /home/saverio/tools/riscv/riscv32-unknown-elf/lib/libc_nano.a(lib_a-memset.o)
 .bss           0x000000000002ac60        0x0 /home/saverio/tools/riscv/riscv32-unknown-elf/lib/libc_nano.a(lib_a-puts.o)
 .bss           0x000000000002ac60        0x0 /home/saverio/tools/riscv/riscv32-unknown-elf/lib/libc_nano.a(lib_a-reent.o)
 .bss           0x000000000002ac60        0x0 /home/saverio/tools/riscv/riscv32-unknown-elf/lib/libc_nano.a(lib_a-wbuf.o)
 .bss           0x000000000002ac60        0x0 /home/saverio/tools/riscv/riscv32-unknown-elf/lib/libc_nano.a(lib_a-wsetup.o)
 .bss           0x000000000002ac60        0x0 /home/saverio/tools/riscv/riscv32-unknown-elf/lib/libc_nano.a(lib_a-__atexit.o)
 .bss._global_atexit0
                0x000000000002ac60       0x8c /home/saverio/tools/riscv/riscv32-unknown-elf/lib/libc_nano.a(lib_a-__atexit.o)
 .bss           0x000000000002acec        0x0 /home/saverio/tools/riscv/riscv32-unknown-elf/lib/libc_nano.a(lib_a-__call_atexit.o)
 .bss           0x000000000002acec        0x0 /home/saverio/tools/riscv/riscv32-unknown-elf/lib/libc_nano.a(lib_a-fflush.o)
 .bss           0x000000000002acec        0x0 /home/saverio/tools/riscv/riscv32-unknown-elf/lib/libc_nano.a(lib_a-findfp.o)
 .bss           0x000000000002acec        0x0 /home/saverio/tools/riscv/riscv32-unknown-elf/lib/libc_nano.a(lib_a-fwalk.o)
 .bss           0x000000000002acec        0x0 /home/saverio/tools/riscv/riscv32-unknown-elf/lib/libc_nano.a(lib_a-makebuf.o)
 .bss           0x000000000002acec        0x0 /home/saverio/tools/riscv/riscv32-unknown-elf/lib/libc_nano.a(lib_a-nano-freer.o)
 .bss           0x000000000002acec        0x0 /home/saverio/tools/riscv/riscv32-unknown-elf/lib/libc_nano.a(lib_a-nano-mallocr.o)
 .bss           0x000000000002acec        0x0 /home/saverio/tools/riscv/riscv32-unknown-elf/lib/libc_nano.a(lib_a-sbrkr.o)
 .bss           0x000000000002acec        0x0 /home/saverio/tools/riscv/riscv32-unknown-elf/lib/libc_nano.a(lib_a-stdio.o)
 .bss           0x000000000002acec        0x0 /home/saverio/tools/riscv/riscv32-unknown-elf/lib/libc_nano.a(lib_a-writer.o)
 .bss           0x000000000002acec        0x0 /home/saverio/tools/riscv/riscv32-unknown-elf/lib/libc_nano.a(lib_a-closer.o)
 .bss           0x000000000002acec        0x0 /home/saverio/tools/riscv/riscv32-unknown-elf/lib/libc_nano.a(lib_a-fstatr.o)
 .bss           0x000000000002acec        0x0 /home/saverio/tools/riscv/riscv32-unknown-elf/lib/libc_nano.a(lib_a-isattyr.o)
 .bss           0x000000000002acec        0x0 /home/saverio/tools/riscv/riscv32-unknown-elf/lib/libc_nano.a(lib_a-lseekr.o)
 .bss           0x000000000002acec        0x0 /home/saverio/tools/riscv/riscv32-unknown-elf/lib/libc_nano.a(lib_a-mlock.o)
 .bss           0x000000000002acec        0x0 /home/saverio/tools/riscv/riscv32-unknown-elf/lib/libc_nano.a(lib_a-readr.o)
 .bss           0x000000000002acec        0x0 /home/saverio/tools/riscv/riscv32-unknown-elf/lib/libc_nano.a(lib_a-printf.o)
 .bss           0x000000000002acec        0x0 /home/saverio/tools/riscv/riscv32-unknown-elf/lib/libc_nano.a(lib_a-nano-vfprintf.o)
 .bss           0x000000000002acec        0x0 /home/saverio/tools/riscv/riscv32-unknown-elf/lib/libc_nano.a(lib_a-fvwrite.o)
 .bss           0x000000000002acec        0x0 /home/saverio/tools/riscv/riscv32-unknown-elf/lib/libc_nano.a(lib_a-memchr.o)
 .bss           0x000000000002acec        0x0 /home/saverio/tools/riscv/riscv32-unknown-elf/lib/libc_nano.a(lib_a-memcpy-asm.o)
 .bss           0x000000000002acec        0x0 /home/saverio/tools/riscv/riscv32-unknown-elf/lib/libc_nano.a(lib_a-memmove.o)
 .bss           0x000000000002acec        0x0 /home/saverio/tools/riscv/riscv32-unknown-elf/lib/libc_nano.a(lib_a-nano-reallocr.o)
 .bss           0x000000000002acec        0x0 /home/saverio/tools/riscv/riscv32-unknown-elf/lib/libc_nano.a(lib_a-nano-vfprintf_i.o)
 .bss           0x000000000002acec        0x0 /home/saverio/tools/riscv/riscv32-unknown-elf/lib/libc_nano.a(lib_a-nano-msizer.o)
 .bss           0x000000000002acec        0x0 /home/saverio/tools/riscv/riscv32-unknown-elf/lib/libm_nano.a(lib_a-s_round.o)
 .bss           0x000000000002acec        0x0 /home/saverio/tools/riscv/riscv32-unknown-elf/lib/libm_nano.a(lib_a-s_sin.o)
 .bss           0x000000000002acec        0x0 /home/saverio/tools/riscv/riscv32-unknown-elf/lib/libm_nano.a(lib_a-e_rem_pio2.o)
 .bss           0x000000000002acec        0x0 /home/saverio/tools/riscv/riscv32-unknown-elf/lib/libm_nano.a(lib_a-k_cos.o)
 .bss           0x000000000002acec        0x0 /home/saverio/tools/riscv/riscv32-unknown-elf/lib/libm_nano.a(lib_a-k_rem_pio2.o)
 .bss           0x000000000002acec        0x0 /home/saverio/tools/riscv/riscv32-unknown-elf/lib/libm_nano.a(lib_a-k_sin.o)
 .bss           0x000000000002acec        0x0 /home/saverio/tools/riscv/riscv32-unknown-elf/lib/libm_nano.a(lib_a-s_fabs.o)
 .bss           0x000000000002acec        0x0 /home/saverio/tools/riscv/riscv32-unknown-elf/lib/libm_nano.a(lib_a-s_floor.o)
 .bss           0x000000000002acec        0x0 /home/saverio/tools/riscv/riscv32-unknown-elf/lib/libm_nano.a(lib_a-s_scalbn.o)
 .bss           0x000000000002acec        0x0 /home/saverio/tools/riscv/lib/gcc/riscv32-unknown-elf/11.1.0/libgcc.a(adddf3.o)
 .bss           0x000000000002acec        0x0 /home/saverio/tools/riscv/lib/gcc/riscv32-unknown-elf/11.1.0/libgcc.a(eqdf2.o)
 .bss           0x000000000002acec        0x0 /home/saverio/tools/riscv/lib/gcc/riscv32-unknown-elf/11.1.0/libgcc.a(gedf2.o)
 .bss           0x000000000002acec        0x0 /home/saverio/tools/riscv/lib/gcc/riscv32-unknown-elf/11.1.0/libgcc.a(muldf3.o)
 .bss           0x000000000002acec        0x0 /home/saverio/tools/riscv/lib/gcc/riscv32-unknown-elf/11.1.0/libgcc.a(subdf3.o)
 .bss           0x000000000002acec        0x0 /home/saverio/tools/riscv/lib/gcc/riscv32-unknown-elf/11.1.0/libgcc.a(fixdfsi.o)
 .bss           0x000000000002acec        0x0 /home/saverio/tools/riscv/lib/gcc/riscv32-unknown-elf/11.1.0/libgcc.a(floatsidf.o)
 .bss           0x000000000002acec        0x0 /home/saverio/tools/riscv/lib/gcc/riscv32-unknown-elf/11.1.0/libgcc.a(_clzsi2.o)
 .bss           0x000000000002acec        0x0 /home/saverio/tools/riscv/lib/gcc/riscv32-unknown-elf/11.1.0/libgcc.a(_clz.o)
 .bss           0x000000000002acec        0x0 /home/saverio/tools/riscv/lib/gcc/riscv32-unknown-elf/11.1.0/libgcc.a(_bswapsi2.o)
 .bss           0x000000000002acec        0x0 /home/saverio/tools/riscv/lib/gcc/riscv32-unknown-elf/11.1.0/libgcc.a(_divdi3.o)
 .bss           0x000000000002acec        0x0 /home/saverio/tools/riscv/lib/gcc/riscv32-unknown-elf/11.1.0/libgcc.a(_moddi3.o)
 .bss           0x000000000002acec        0x0 /home/saverio/tools/riscv/lib/gcc/riscv32-unknown-elf/11.1.0/libgcc.a(_udivdi3.o)
 .bss           0x000000000002acec        0x0 /home/saverio/tools/riscv/lib/gcc/riscv32-unknown-elf/11.1.0/libgcc.a(_umoddi3.o)
 *(COMMON)
                0x000000000002acec                . = ALIGN ((. != 0x0)?0x4:0x1)
                0x000000000002acec                . = ALIGN (0x4)
                0x000000000002acec                . = SEGMENT_START ("ldata-segment", .)
                0x000000000002acec                . = ALIGN (0x4)
                0x000000000002acec                __BSS_END__ = .
                0x000000000002acec                __bss_end = .
                0x000000000001a1b0                __global_pointer$ = MIN ((__SDATA_BEGIN__ + 0x800), MAX ((__DATA_BEGIN__ + 0x800), (__BSS_END__ - 0x800)))
                0x000000000002acec                _end = .
                [!provide]                        PROVIDE (end = .)
                0x000000000002acec                . = DATA_SEGMENT_END (.)

.heap           0x000000000002acec     0x1000
                0x000000000002acec                PROVIDE (__heap_start = .)
                0x0000000000001000                . = __heap_size
 *fill*         0x000000000002acec     0x1000 
                0x000000000002bcec                PROVIDE (__heap_end = .)

.stack          0x000000000002bcf0     0x1000
                [!provide]                        PROVIDE (__stack_start = .)
                0x0000000000001000                . = __stack_size
 *fill*         0x000000000002bcf0     0x1000 
                0x000000000002ccf0                PROVIDE (_sp = .)
                [!provide]                        PROVIDE (__stack_end = .)

.stab
 *(.stab)

.stabstr
 *(.stabstr)

.stab.excl
 *(.stab.excl)

.stab.exclstr
 *(.stab.exclstr)

.stab.index
 *(.stab.index)

.stab.indexstr
 *(.stab.indexstr)

.comment        0x0000000000000000       0x12
 *(.comment)
 .comment       0x0000000000000000       0x13 /tmp/ccrXcNhh.ltrans0.ltrans.o
 .comment       0x0000000000000000       0x13 /tmp/ccQt2p1j.debug.temp.o
 .comment       0x0000000000000000       0x13 /tmp/cc7FI0zg.debug.temp.o
 .comment       0x0000000000000000       0x13 /tmp/cctND8rg.debug.temp.o
 .comment       0x0000000000000000       0x13 /tmp/ccx2X02h.debug.temp.o
 .comment       0x0000000000000000       0x13 /tmp/ccj4Dqyh.debug.temp.o
 .comment       0x0000000000000000       0x13 /tmp/cc4gP7ck.debug.temp.o
 .comment       0x0000000000000000       0x13 /tmp/ccmNkIyk.debug.temp.o
 .comment       0x0000000000000000       0x13 /tmp/ccaBRjrg.debug.temp.o
 .comment       0x0000000000000000       0x13 /tmp/ccyFOyEk.debug.temp.o
 .comment       0x0000000000000000       0x13 /tmp/ccFfbmMh.debug.temp.o
 .comment       0x0000000000000000       0x13 /tmp/ccQqGaej.debug.temp.o
 .comment       0x0000000000000000       0x13 /tmp/ccFzhCfh.debug.temp.o
 .comment       0x0000000000000000       0x13 /tmp/ccXNnYSg.debug.temp.o
 .comment       0x0000000000000000       0x13 /tmp/cc7G0kwg.debug.temp.o
 .comment       0x0000000000000000       0x13 /tmp/cc9IiQyj.debug.temp.o
 .comment       0x0000000000000000       0x13 /tmp/cc4xEKvh.debug.temp.o
 .comment       0x0000000000000000       0x13 /tmp/cc1fzxyi.debug.temp.o
 .comment       0x0000000000000000       0x13 /tmp/ccxeWzIk.debug.temp.o
 .comment       0x0000000000000000       0x12 /home/saverio/tools/riscv/riscv32-unknown-elf/lib/libc_nano.a(lib_a-atexit.o)
                                         0x13 (size before relaxing)
 .comment       0x0000000000000012       0x13 /home/saverio/tools/riscv/riscv32-unknown-elf/lib/libc_nano.a(lib_a-exit.o)
 .comment       0x0000000000000012       0x13 /home/saverio/tools/riscv/riscv32-unknown-elf/lib/libc_nano.a(lib_a-fini.o)
 .comment       0x0000000000000012       0x13 /home/saverio/tools/riscv/riscv32-unknown-elf/lib/libc_nano.a(lib_a-impure.o)
 .comment       0x0000000000000012       0x13 /home/saverio/tools/riscv/riscv32-unknown-elf/lib/libc_nano.a(lib_a-init.o)
 .comment       0x0000000000000012       0x13 /home/saverio/tools/riscv/riscv32-unknown-elf/lib/libc_nano.a(lib_a-puts.o)
 .comment       0x0000000000000012       0x13 /home/saverio/tools/riscv/riscv32-unknown-elf/lib/libc_nano.a(lib_a-reent.o)
 .comment       0x0000000000000012       0x13 /home/saverio/tools/riscv/riscv32-unknown-elf/lib/libc_nano.a(lib_a-wbuf.o)
 .comment       0x0000000000000012       0x13 /home/saverio/tools/riscv/riscv32-unknown-elf/lib/libc_nano.a(lib_a-wsetup.o)
 .comment       0x0000000000000012       0x13 /home/saverio/tools/riscv/riscv32-unknown-elf/lib/libc_nano.a(lib_a-__atexit.o)
 .comment       0x0000000000000012       0x13 /home/saverio/tools/riscv/riscv32-unknown-elf/lib/libc_nano.a(lib_a-__call_atexit.o)
 .comment       0x0000000000000012       0x13 /home/saverio/tools/riscv/riscv32-unknown-elf/lib/libc_nano.a(lib_a-fflush.o)
 .comment       0x0000000000000012       0x13 /home/saverio/tools/riscv/riscv32-unknown-elf/lib/libc_nano.a(lib_a-findfp.o)
 .comment       0x0000000000000012       0x13 /home/saverio/tools/riscv/riscv32-unknown-elf/lib/libc_nano.a(lib_a-fwalk.o)
 .comment       0x0000000000000012       0x13 /home/saverio/tools/riscv/riscv32-unknown-elf/lib/libc_nano.a(lib_a-makebuf.o)
 .comment       0x0000000000000012       0x13 /home/saverio/tools/riscv/riscv32-unknown-elf/lib/libc_nano.a(lib_a-nano-freer.o)
 .comment       0x0000000000000012       0x13 /home/saverio/tools/riscv/riscv32-unknown-elf/lib/libc_nano.a(lib_a-nano-mallocr.o)
 .comment       0x0000000000000012       0x13 /home/saverio/tools/riscv/riscv32-unknown-elf/lib/libc_nano.a(lib_a-sbrkr.o)
 .comment       0x0000000000000012       0x13 /home/saverio/tools/riscv/riscv32-unknown-elf/lib/libc_nano.a(lib_a-stdio.o)
 .comment       0x0000000000000012       0x13 /home/saverio/tools/riscv/riscv32-unknown-elf/lib/libc_nano.a(lib_a-writer.o)
 .comment       0x0000000000000012       0x13 /home/saverio/tools/riscv/riscv32-unknown-elf/lib/libc_nano.a(lib_a-closer.o)
 .comment       0x0000000000000012       0x13 /home/saverio/tools/riscv/riscv32-unknown-elf/lib/libc_nano.a(lib_a-fstatr.o)
 .comment       0x0000000000000012       0x13 /home/saverio/tools/riscv/riscv32-unknown-elf/lib/libc_nano.a(lib_a-isattyr.o)
 .comment       0x0000000000000012       0x13 /home/saverio/tools/riscv/riscv32-unknown-elf/lib/libc_nano.a(lib_a-lseekr.o)
 .comment       0x0000000000000012       0x13 /home/saverio/tools/riscv/riscv32-unknown-elf/lib/libc_nano.a(lib_a-mlock.o)
 .comment       0x0000000000000012       0x13 /home/saverio/tools/riscv/riscv32-unknown-elf/lib/libc_nano.a(lib_a-readr.o)
 .comment       0x0000000000000012       0x13 /home/saverio/tools/riscv/riscv32-unknown-elf/lib/libc_nano.a(lib_a-printf.o)
 .comment       0x0000000000000012       0x13 /home/saverio/tools/riscv/riscv32-unknown-elf/lib/libc_nano.a(lib_a-nano-vfprintf.o)
 .comment       0x0000000000000012       0x13 /home/saverio/tools/riscv/riscv32-unknown-elf/lib/libc_nano.a(lib_a-fvwrite.o)
 .comment       0x0000000000000012       0x13 /home/saverio/tools/riscv/riscv32-unknown-elf/lib/libc_nano.a(lib_a-memchr.o)
 .comment       0x0000000000000012       0x13 /home/saverio/tools/riscv/riscv32-unknown-elf/lib/libc_nano.a(lib_a-nano-reallocr.o)
 .comment       0x0000000000000012       0x13 /home/saverio/tools/riscv/riscv32-unknown-elf/lib/libc_nano.a(lib_a-nano-vfprintf_i.o)
 .comment       0x0000000000000012       0x13 /home/saverio/tools/riscv/riscv32-unknown-elf/lib/libc_nano.a(lib_a-nano-msizer.o)
 .comment       0x0000000000000012       0x13 /home/saverio/tools/riscv/riscv32-unknown-elf/lib/libm_nano.a(lib_a-s_round.o)
 .comment       0x0000000000000012       0x13 /home/saverio/tools/riscv/riscv32-unknown-elf/lib/libm_nano.a(lib_a-s_sin.o)
 .comment       0x0000000000000012       0x13 /home/saverio/tools/riscv/riscv32-unknown-elf/lib/libm_nano.a(lib_a-e_rem_pio2.o)
 .comment       0x0000000000000012       0x13 /home/saverio/tools/riscv/riscv32-unknown-elf/lib/libm_nano.a(lib_a-k_cos.o)
 .comment       0x0000000000000012       0x13 /home/saverio/tools/riscv/riscv32-unknown-elf/lib/libm_nano.a(lib_a-k_rem_pio2.o)
 .comment       0x0000000000000012       0x13 /home/saverio/tools/riscv/riscv32-unknown-elf/lib/libm_nano.a(lib_a-k_sin.o)
 .comment       0x0000000000000012       0x13 /home/saverio/tools/riscv/riscv32-unknown-elf/lib/libm_nano.a(lib_a-s_fabs.o)
 .comment       0x0000000000000012       0x13 /home/saverio/tools/riscv/riscv32-unknown-elf/lib/libm_nano.a(lib_a-s_floor.o)
 .comment       0x0000000000000012       0x13 /home/saverio/tools/riscv/riscv32-unknown-elf/lib/libm_nano.a(lib_a-s_scalbn.o)
 .comment       0x0000000000000012       0x13 /home/saverio/tools/riscv/lib/gcc/riscv32-unknown-elf/11.1.0/libgcc.a(adddf3.o)
 .comment       0x0000000000000012       0x13 /home/saverio/tools/riscv/lib/gcc/riscv32-unknown-elf/11.1.0/libgcc.a(eqdf2.o)
 .comment       0x0000000000000012       0x13 /home/saverio/tools/riscv/lib/gcc/riscv32-unknown-elf/11.1.0/libgcc.a(gedf2.o)
 .comment       0x0000000000000012       0x13 /home/saverio/tools/riscv/lib/gcc/riscv32-unknown-elf/11.1.0/libgcc.a(muldf3.o)
 .comment       0x0000000000000012       0x13 /home/saverio/tools/riscv/lib/gcc/riscv32-unknown-elf/11.1.0/libgcc.a(subdf3.o)
 .comment       0x0000000000000012       0x13 /home/saverio/tools/riscv/lib/gcc/riscv32-unknown-elf/11.1.0/libgcc.a(fixdfsi.o)
 .comment       0x0000000000000012       0x13 /home/saverio/tools/riscv/lib/gcc/riscv32-unknown-elf/11.1.0/libgcc.a(floatsidf.o)
 .comment       0x0000000000000012       0x13 /home/saverio/tools/riscv/lib/gcc/riscv32-unknown-elf/11.1.0/libgcc.a(_clzsi2.o)
 .comment       0x0000000000000012       0x13 /home/saverio/tools/riscv/lib/gcc/riscv32-unknown-elf/11.1.0/libgcc.a(_clz.o)
 .comment       0x0000000000000012       0x13 /home/saverio/tools/riscv/lib/gcc/riscv32-unknown-elf/11.1.0/libgcc.a(_bswapsi2.o)
 .comment       0x0000000000000012       0x13 /home/saverio/tools/riscv/lib/gcc/riscv32-unknown-elf/11.1.0/libgcc.a(_divdi3.o)
 .comment       0x0000000000000012       0x13 /home/saverio/tools/riscv/lib/gcc/riscv32-unknown-elf/11.1.0/libgcc.a(_moddi3.o)
 .comment       0x0000000000000012       0x13 /home/saverio/tools/riscv/lib/gcc/riscv32-unknown-elf/11.1.0/libgcc.a(_udivdi3.o)
 .comment       0x0000000000000012       0x13 /home/saverio/tools/riscv/lib/gcc/riscv32-unknown-elf/11.1.0/libgcc.a(_umoddi3.o)

.riscv.attributes
                0x0000000000000000       0x2a
 .riscv.attributes
                0x0000000000000000       0x28 /tmp/ccMHRcfT.o
 .riscv.attributes
                0x0000000000000028       0x28 /tmp/ccNEz1vU.o
 .riscv.attributes
                0x0000000000000050       0x2a /tmp/ccrXcNhh.ltrans0.ltrans.o
 .riscv.attributes
                0x000000000000007a       0x26 /home/saverio/tools/riscv/riscv32-unknown-elf/lib/libc_nano.a(lib_a-atexit.o)
 .riscv.attributes
                0x00000000000000a0       0x26 /home/saverio/tools/riscv/riscv32-unknown-elf/lib/libc_nano.a(lib_a-exit.o)
 .riscv.attributes
                0x00000000000000c6       0x26 /home/saverio/tools/riscv/riscv32-unknown-elf/lib/libc_nano.a(lib_a-fini.o)
 .riscv.attributes
                0x00000000000000ec       0x26 /home/saverio/tools/riscv/riscv32-unknown-elf/lib/libc_nano.a(lib_a-impure.o)
 .riscv.attributes
                0x0000000000000112       0x26 /home/saverio/tools/riscv/riscv32-unknown-elf/lib/libc_nano.a(lib_a-init.o)
 .riscv.attributes
                0x0000000000000138       0x24 /home/saverio/tools/riscv/riscv32-unknown-elf/lib/libc_nano.a(lib_a-memset.o)
 .riscv.attributes
                0x000000000000015c       0x26 /home/saverio/tools/riscv/riscv32-unknown-elf/lib/libc_nano.a(lib_a-puts.o)
 .riscv.attributes
                0x0000000000000182       0x26 /home/saverio/tools/riscv/riscv32-unknown-elf/lib/libc_nano.a(lib_a-reent.o)
 .riscv.attributes
                0x00000000000001a8       0x26 /home/saverio/tools/riscv/riscv32-unknown-elf/lib/libc_nano.a(lib_a-wbuf.o)
 .riscv.attributes
                0x00000000000001ce       0x26 /home/saverio/tools/riscv/riscv32-unknown-elf/lib/libc_nano.a(lib_a-wsetup.o)
 .riscv.attributes
                0x00000000000001f4       0x26 /home/saverio/tools/riscv/riscv32-unknown-elf/lib/libc_nano.a(lib_a-__atexit.o)
 .riscv.attributes
                0x000000000000021a       0x26 /home/saverio/tools/riscv/riscv32-unknown-elf/lib/libc_nano.a(lib_a-__call_atexit.o)
 .riscv.attributes
                0x0000000000000240       0x26 /home/saverio/tools/riscv/riscv32-unknown-elf/lib/libc_nano.a(lib_a-fflush.o)
 .riscv.attributes
                0x0000000000000266       0x26 /home/saverio/tools/riscv/riscv32-unknown-elf/lib/libc_nano.a(lib_a-findfp.o)
 .riscv.attributes
                0x000000000000028c       0x26 /home/saverio/tools/riscv/riscv32-unknown-elf/lib/libc_nano.a(lib_a-fwalk.o)
 .riscv.attributes
                0x00000000000002b2       0x26 /home/saverio/tools/riscv/riscv32-unknown-elf/lib/libc_nano.a(lib_a-makebuf.o)
 .riscv.attributes
                0x00000000000002d8       0x26 /home/saverio/tools/riscv/riscv32-unknown-elf/lib/libc_nano.a(lib_a-nano-freer.o)
 .riscv.attributes
                0x00000000000002fe       0x26 /home/saverio/tools/riscv/riscv32-unknown-elf/lib/libc_nano.a(lib_a-nano-mallocr.o)
 .riscv.attributes
                0x0000000000000324       0x26 /home/saverio/tools/riscv/riscv32-unknown-elf/lib/libc_nano.a(lib_a-sbrkr.o)
 .riscv.attributes
                0x000000000000034a       0x26 /home/saverio/tools/riscv/riscv32-unknown-elf/lib/libc_nano.a(lib_a-stdio.o)
 .riscv.attributes
                0x0000000000000370       0x26 /home/saverio/tools/riscv/riscv32-unknown-elf/lib/libc_nano.a(lib_a-writer.o)
 .riscv.attributes
                0x0000000000000396       0x26 /home/saverio/tools/riscv/riscv32-unknown-elf/lib/libc_nano.a(lib_a-closer.o)
 .riscv.attributes
                0x00000000000003bc       0x26 /home/saverio/tools/riscv/riscv32-unknown-elf/lib/libc_nano.a(lib_a-fstatr.o)
 .riscv.attributes
                0x00000000000003e2       0x26 /home/saverio/tools/riscv/riscv32-unknown-elf/lib/libc_nano.a(lib_a-isattyr.o)
 .riscv.attributes
                0x0000000000000408       0x26 /home/saverio/tools/riscv/riscv32-unknown-elf/lib/libc_nano.a(lib_a-lseekr.o)
 .riscv.attributes
                0x000000000000042e       0x26 /home/saverio/tools/riscv/riscv32-unknown-elf/lib/libc_nano.a(lib_a-mlock.o)
 .riscv.attributes
                0x0000000000000454       0x26 /home/saverio/tools/riscv/riscv32-unknown-elf/lib/libc_nano.a(lib_a-readr.o)
 .riscv.attributes
                0x000000000000047a       0x26 /home/saverio/tools/riscv/riscv32-unknown-elf/lib/libc_nano.a(lib_a-printf.o)
 .riscv.attributes
                0x00000000000004a0       0x26 /home/saverio/tools/riscv/riscv32-unknown-elf/lib/libc_nano.a(lib_a-nano-vfprintf.o)
 .riscv.attributes
                0x00000000000004c6       0x26 /home/saverio/tools/riscv/riscv32-unknown-elf/lib/libc_nano.a(lib_a-fvwrite.o)
 .riscv.attributes
                0x00000000000004ec       0x26 /home/saverio/tools/riscv/riscv32-unknown-elf/lib/libc_nano.a(lib_a-memchr.o)
 .riscv.attributes
                0x0000000000000512       0x24 /home/saverio/tools/riscv/riscv32-unknown-elf/lib/libc_nano.a(lib_a-memcpy-asm.o)
 .riscv.attributes
                0x0000000000000536       0x24 /home/saverio/tools/riscv/riscv32-unknown-elf/lib/libc_nano.a(lib_a-memmove.o)
 .riscv.attributes
                0x000000000000055a       0x26 /home/saverio/tools/riscv/riscv32-unknown-elf/lib/libc_nano.a(lib_a-nano-reallocr.o)
 .riscv.attributes
                0x0000000000000580       0x26 /home/saverio/tools/riscv/riscv32-unknown-elf/lib/libc_nano.a(lib_a-nano-vfprintf_i.o)
 .riscv.attributes
                0x00000000000005a6       0x26 /home/saverio/tools/riscv/riscv32-unknown-elf/lib/libc_nano.a(lib_a-nano-msizer.o)
 .riscv.attributes
                0x00000000000005cc       0x26 /home/saverio/tools/riscv/riscv32-unknown-elf/lib/libm_nano.a(lib_a-s_round.o)
 .riscv.attributes
                0x00000000000005f2       0x26 /home/saverio/tools/riscv/riscv32-unknown-elf/lib/libm_nano.a(lib_a-s_sin.o)
 .riscv.attributes
                0x0000000000000618       0x26 /home/saverio/tools/riscv/riscv32-unknown-elf/lib/libm_nano.a(lib_a-e_rem_pio2.o)
 .riscv.attributes
                0x000000000000063e       0x26 /home/saverio/tools/riscv/riscv32-unknown-elf/lib/libm_nano.a(lib_a-k_cos.o)
 .riscv.attributes
                0x0000000000000664       0x26 /home/saverio/tools/riscv/riscv32-unknown-elf/lib/libm_nano.a(lib_a-k_rem_pio2.o)
 .riscv.attributes
                0x000000000000068a       0x26 /home/saverio/tools/riscv/riscv32-unknown-elf/lib/libm_nano.a(lib_a-k_sin.o)
 .riscv.attributes
                0x00000000000006b0       0x26 /home/saverio/tools/riscv/riscv32-unknown-elf/lib/libm_nano.a(lib_a-s_fabs.o)
 .riscv.attributes
                0x00000000000006d6       0x26 /home/saverio/tools/riscv/riscv32-unknown-elf/lib/libm_nano.a(lib_a-s_floor.o)
 .riscv.attributes
                0x00000000000006fc       0x26 /home/saverio/tools/riscv/riscv32-unknown-elf/lib/libm_nano.a(lib_a-s_scalbn.o)
 .riscv.attributes
                0x0000000000000722       0x26 /home/saverio/tools/riscv/lib/gcc/riscv32-unknown-elf/11.1.0/libgcc.a(adddf3.o)
 .riscv.attributes
                0x0000000000000748       0x26 /home/saverio/tools/riscv/lib/gcc/riscv32-unknown-elf/11.1.0/libgcc.a(eqdf2.o)
 .riscv.attributes
                0x000000000000076e       0x26 /home/saverio/tools/riscv/lib/gcc/riscv32-unknown-elf/11.1.0/libgcc.a(gedf2.o)
 .riscv.attributes
                0x0000000000000794       0x26 /home/saverio/tools/riscv/lib/gcc/riscv32-unknown-elf/11.1.0/libgcc.a(muldf3.o)
 .riscv.attributes
                0x00000000000007ba       0x26 /home/saverio/tools/riscv/lib/gcc/riscv32-unknown-elf/11.1.0/libgcc.a(subdf3.o)
 .riscv.attributes
                0x00000000000007e0       0x26 /home/saverio/tools/riscv/lib/gcc/riscv32-unknown-elf/11.1.0/libgcc.a(fixdfsi.o)
 .riscv.attributes
                0x0000000000000806       0x26 /home/saverio/tools/riscv/lib/gcc/riscv32-unknown-elf/11.1.0/libgcc.a(floatsidf.o)
 .riscv.attributes
                0x000000000000082c       0x26 /home/saverio/tools/riscv/lib/gcc/riscv32-unknown-elf/11.1.0/libgcc.a(_clzsi2.o)
 .riscv.attributes
                0x0000000000000852       0x26 /home/saverio/tools/riscv/lib/gcc/riscv32-unknown-elf/11.1.0/libgcc.a(_clz.o)
 .riscv.attributes
                0x0000000000000878       0x26 /home/saverio/tools/riscv/lib/gcc/riscv32-unknown-elf/11.1.0/libgcc.a(_bswapsi2.o)
 .riscv.attributes
                0x000000000000089e       0x26 /home/saverio/tools/riscv/lib/gcc/riscv32-unknown-elf/11.1.0/libgcc.a(_divdi3.o)
 .riscv.attributes
                0x00000000000008c4       0x26 /home/saverio/tools/riscv/lib/gcc/riscv32-unknown-elf/11.1.0/libgcc.a(_moddi3.o)
 .riscv.attributes
                0x00000000000008ea       0x26 /home/saverio/tools/riscv/lib/gcc/riscv32-unknown-elf/11.1.0/libgcc.a(_udivdi3.o)
 .riscv.attributes
                0x0000000000000910       0x26 /home/saverio/tools/riscv/lib/gcc/riscv32-unknown-elf/11.1.0/libgcc.a(_umoddi3.o)

.debug
 *(.debug)

.line
 *(.line)

.debug_srcinfo
 *(.debug_srcinfo)

.debug_sfnames
 *(.debug_sfnames)

.debug_aranges  0x0000000000000000      0x320
 *(.debug_aranges)
 .debug_aranges
                0x0000000000000000       0x20 /tmp/ccMHRcfT.o
 .debug_aranges
                0x0000000000000020       0x28 /tmp/ccNEz1vU.o
 .debug_aranges
                0x0000000000000048      0x120 /tmp/ccrXcNhh.ltrans0.ltrans.o
 .debug_aranges
                0x0000000000000168       0x20 /home/saverio/tools/riscv/lib/gcc/riscv32-unknown-elf/11.1.0/libgcc.a(adddf3.o)
 .debug_aranges
                0x0000000000000188       0x20 /home/saverio/tools/riscv/lib/gcc/riscv32-unknown-elf/11.1.0/libgcc.a(eqdf2.o)
 .debug_aranges
                0x00000000000001a8       0x20 /home/saverio/tools/riscv/lib/gcc/riscv32-unknown-elf/11.1.0/libgcc.a(gedf2.o)
 .debug_aranges
                0x00000000000001c8       0x20 /home/saverio/tools/riscv/lib/gcc/riscv32-unknown-elf/11.1.0/libgcc.a(muldf3.o)
 .debug_aranges
                0x00000000000001e8       0x20 /home/saverio/tools/riscv/lib/gcc/riscv32-unknown-elf/11.1.0/libgcc.a(subdf3.o)
 .debug_aranges
                0x0000000000000208       0x20 /home/saverio/tools/riscv/lib/gcc/riscv32-unknown-elf/11.1.0/libgcc.a(fixdfsi.o)
 .debug_aranges
                0x0000000000000228       0x20 /home/saverio/tools/riscv/lib/gcc/riscv32-unknown-elf/11.1.0/libgcc.a(floatsidf.o)
 .debug_aranges
                0x0000000000000248       0x20 /home/saverio/tools/riscv/lib/gcc/riscv32-unknown-elf/11.1.0/libgcc.a(_clzsi2.o)
 .debug_aranges
                0x0000000000000268       0x18 /home/saverio/tools/riscv/lib/gcc/riscv32-unknown-elf/11.1.0/libgcc.a(_clz.o)
 .debug_aranges
                0x0000000000000280       0x20 /home/saverio/tools/riscv/lib/gcc/riscv32-unknown-elf/11.1.0/libgcc.a(_bswapsi2.o)
 .debug_aranges
                0x00000000000002a0       0x20 /home/saverio/tools/riscv/lib/gcc/riscv32-unknown-elf/11.1.0/libgcc.a(_divdi3.o)
 .debug_aranges
                0x00000000000002c0       0x20 /home/saverio/tools/riscv/lib/gcc/riscv32-unknown-elf/11.1.0/libgcc.a(_moddi3.o)
 .debug_aranges
                0x00000000000002e0       0x20 /home/saverio/tools/riscv/lib/gcc/riscv32-unknown-elf/11.1.0/libgcc.a(_udivdi3.o)
 .debug_aranges
                0x0000000000000300       0x20 /home/saverio/tools/riscv/lib/gcc/riscv32-unknown-elf/11.1.0/libgcc.a(_umoddi3.o)

.debug_pubnames
 *(.debug_pubnames)

.debug_info     0x0000000000000000     0xdf7c
 *(.debug_info .gnu.linkonce.wi.*)
 .debug_info    0x0000000000000000       0x25 /tmp/ccMHRcfT.o
 .debug_info    0x0000000000000025       0x23 /tmp/ccNEz1vU.o
 .debug_info    0x0000000000000048     0x34fe /tmp/ccrXcNhh.ltrans0.ltrans.o
 .debug_info    0x0000000000003546     0x115f /tmp/ccQt2p1j.debug.temp.o
                0x0000000000003546                heep_ultrasound.c.103f98cb
 .debug_info    0x00000000000046a5      0x3d2 /tmp/cc7FI0zg.debug.temp.o
                0x00000000000046a5                handler.c.65e64e88
 .debug_info    0x0000000000004a77       0x32 /tmp/cctND8rg.debug.temp.o
                0x0000000000004a77                init.c.2c4dcb3c
 .debug_info    0x0000000000004aa9      0xb52 /tmp/ccx2X02h.debug.temp.o
                0x0000000000004aa9                syscalls.c.2251667c
 .debug_info    0x00000000000055fb      0x244 /tmp/ccj4Dqyh.debug.temp.o
                0x00000000000055fb                bitfield.c.b84562e9
 .debug_info    0x000000000000583f      0x164 /tmp/cc4gP7ck.debug.temp.o
                0x000000000000583f                memory.c.436c7ede
 .debug_info    0x00000000000059a3      0x6b9 /tmp/ccmNkIyk.debug.temp.o
                0x00000000000059a3                mmio.c.31965a38
 .debug_info    0x000000000000605c      0x245 /tmp/ccaBRjrg.debug.temp.o
                0x000000000000605c                soc_ctrl.c.be9b11a3
 .debug_info    0x00000000000062a1      0x52d /tmp/ccyFOyEk.debug.temp.o
                0x00000000000062a1                uart.c.4d395d40
 .debug_info    0x00000000000067ce      0x8cc /tmp/ccFfbmMh.debug.temp.o
                0x00000000000067ce                rv_plic.c.2da8a1c8
 .debug_info    0x000000000000709a      0x8f0 /tmp/ccQqGaej.debug.temp.o
                0x000000000000709a                rv_timer.c.430a8ece
 .debug_info    0x000000000000798a      0x976 /tmp/ccFzhCfh.debug.temp.o
                0x000000000000798a                gpio.c.9a57e2c6
 .debug_info    0x0000000000008300      0xb7d /tmp/ccXNnYSg.debug.temp.o
                0x0000000000008300                i2c.c.135e038c
 .debug_info    0x0000000000008e7d      0x272 /tmp/cc7G0kwg.debug.temp.o
                0x0000000000008e7d                dma.c.0d04272c
 .debug_info    0x00000000000090ef      0x91b /tmp/cc9IiQyj.debug.temp.o
                0x00000000000090ef                power_manager.c.8072ca19
 .debug_info    0x0000000000009a0a      0x2ac /tmp/cc4xEKvh.debug.temp.o
                0x0000000000009a0a                fast_intr_ctrl.c.4bef4759
 .debug_info    0x0000000000009cb6      0x629 /tmp/cc1fzxyi.debug.temp.o
                0x0000000000009cb6                spi_host.c.d0df76ea
 .debug_info    0x000000000000a2df      0x206 /tmp/ccxeWzIk.debug.temp.o
                0x000000000000a2df                pad_control.c.83aab3ca
 .debug_info    0x000000000000a4e5      0x4fc /home/saverio/tools/riscv/lib/gcc/riscv32-unknown-elf/11.1.0/libgcc.a(adddf3.o)
 .debug_info    0x000000000000a9e1      0x221 /home/saverio/tools/riscv/lib/gcc/riscv32-unknown-elf/11.1.0/libgcc.a(eqdf2.o)
 .debug_info    0x000000000000ac02      0x21e /home/saverio/tools/riscv/lib/gcc/riscv32-unknown-elf/11.1.0/libgcc.a(gedf2.o)
 .debug_info    0x000000000000ae20      0x6b6 /home/saverio/tools/riscv/lib/gcc/riscv32-unknown-elf/11.1.0/libgcc.a(muldf3.o)
 .debug_info    0x000000000000b4d6      0x4fc /home/saverio/tools/riscv/lib/gcc/riscv32-unknown-elf/11.1.0/libgcc.a(subdf3.o)
 .debug_info    0x000000000000b9d2      0x1ca /home/saverio/tools/riscv/lib/gcc/riscv32-unknown-elf/11.1.0/libgcc.a(fixdfsi.o)
 .debug_info    0x000000000000bb9c      0x268 /home/saverio/tools/riscv/lib/gcc/riscv32-unknown-elf/11.1.0/libgcc.a(floatsidf.o)
 .debug_info    0x000000000000be04      0x142 /home/saverio/tools/riscv/lib/gcc/riscv32-unknown-elf/11.1.0/libgcc.a(_clzsi2.o)
 .debug_info    0x000000000000bf46       0xd8 /home/saverio/tools/riscv/lib/gcc/riscv32-unknown-elf/11.1.0/libgcc.a(_clz.o)
 .debug_info    0x000000000000c01e       0xd1 /home/saverio/tools/riscv/lib/gcc/riscv32-unknown-elf/11.1.0/libgcc.a(_bswapsi2.o)
 .debug_info    0x000000000000c0ef      0x793 /home/saverio/tools/riscv/lib/gcc/riscv32-unknown-elf/11.1.0/libgcc.a(_divdi3.o)
 .debug_info    0x000000000000c882      0x7e4 /home/saverio/tools/riscv/lib/gcc/riscv32-unknown-elf/11.1.0/libgcc.a(_moddi3.o)
 .debug_info    0x000000000000d066      0x761 /home/saverio/tools/riscv/lib/gcc/riscv32-unknown-elf/11.1.0/libgcc.a(_udivdi3.o)
 .debug_info    0x000000000000d7c7      0x7b5 /home/saverio/tools/riscv/lib/gcc/riscv32-unknown-elf/11.1.0/libgcc.a(_umoddi3.o)

.debug_abbrev   0x0000000000000000     0x2bbe
 *(.debug_abbrev)
 .debug_abbrev  0x0000000000000000       0x14 /tmp/ccMHRcfT.o
 .debug_abbrev  0x0000000000000014       0x12 /tmp/ccNEz1vU.o
 .debug_abbrev  0x0000000000000026      0x1d5 /tmp/ccrXcNhh.ltrans0.ltrans.o
 .debug_abbrev  0x00000000000001fb      0x30c /tmp/ccQt2p1j.debug.temp.o
 .debug_abbrev  0x0000000000000507      0x105 /tmp/cc7FI0zg.debug.temp.o
 .debug_abbrev  0x000000000000060c       0x2c /tmp/cctND8rg.debug.temp.o
 .debug_abbrev  0x0000000000000638      0x25d /tmp/ccx2X02h.debug.temp.o
 .debug_abbrev  0x0000000000000895       0xb6 /tmp/ccj4Dqyh.debug.temp.o
 .debug_abbrev  0x000000000000094b       0xc8 /tmp/cc4gP7ck.debug.temp.o
 .debug_abbrev  0x0000000000000a13      0x160 /tmp/ccmNkIyk.debug.temp.o
 .debug_abbrev  0x0000000000000b73       0xba /tmp/ccaBRjrg.debug.temp.o
 .debug_abbrev  0x0000000000000c2d      0x13c /tmp/ccyFOyEk.debug.temp.o
 .debug_abbrev  0x0000000000000d69      0x1b5 /tmp/ccFfbmMh.debug.temp.o
 .debug_abbrev  0x0000000000000f1e      0x1a0 /tmp/ccQqGaej.debug.temp.o
 .debug_abbrev  0x00000000000010be      0x16b /tmp/ccFzhCfh.debug.temp.o
 .debug_abbrev  0x0000000000001229      0x1f6 /tmp/ccXNnYSg.debug.temp.o
 .debug_abbrev  0x000000000000141f       0xd9 /tmp/cc7G0kwg.debug.temp.o
 .debug_abbrev  0x00000000000014f8      0x189 /tmp/cc9IiQyj.debug.temp.o
 .debug_abbrev  0x0000000000001681       0xe2 /tmp/cc4xEKvh.debug.temp.o
 .debug_abbrev  0x0000000000001763      0x12b /tmp/cc1fzxyi.debug.temp.o
 .debug_abbrev  0x000000000000188e       0xbc /tmp/ccxeWzIk.debug.temp.o
 .debug_abbrev  0x000000000000194a      0x176 /home/saverio/tools/riscv/lib/gcc/riscv32-unknown-elf/11.1.0/libgcc.a(adddf3.o)
 .debug_abbrev  0x0000000000001ac0      0x153 /home/saverio/tools/riscv/lib/gcc/riscv32-unknown-elf/11.1.0/libgcc.a(eqdf2.o)
 .debug_abbrev  0x0000000000001c13      0x166 /home/saverio/tools/riscv/lib/gcc/riscv32-unknown-elf/11.1.0/libgcc.a(gedf2.o)
 .debug_abbrev  0x0000000000001d79      0x185 /home/saverio/tools/riscv/lib/gcc/riscv32-unknown-elf/11.1.0/libgcc.a(muldf3.o)
 .debug_abbrev  0x0000000000001efe      0x176 /home/saverio/tools/riscv/lib/gcc/riscv32-unknown-elf/11.1.0/libgcc.a(subdf3.o)
 .debug_abbrev  0x0000000000002074      0x15d /home/saverio/tools/riscv/lib/gcc/riscv32-unknown-elf/11.1.0/libgcc.a(fixdfsi.o)
 .debug_abbrev  0x00000000000021d1      0x164 /home/saverio/tools/riscv/lib/gcc/riscv32-unknown-elf/11.1.0/libgcc.a(floatsidf.o)
 .debug_abbrev  0x0000000000002335       0xca /home/saverio/tools/riscv/lib/gcc/riscv32-unknown-elf/11.1.0/libgcc.a(_clzsi2.o)
 .debug_abbrev  0x00000000000023ff       0x70 /home/saverio/tools/riscv/lib/gcc/riscv32-unknown-elf/11.1.0/libgcc.a(_clz.o)
 .debug_abbrev  0x000000000000246f       0x65 /home/saverio/tools/riscv/lib/gcc/riscv32-unknown-elf/11.1.0/libgcc.a(_bswapsi2.o)
 .debug_abbrev  0x00000000000024d4      0x1bf /home/saverio/tools/riscv/lib/gcc/riscv32-unknown-elf/11.1.0/libgcc.a(_divdi3.o)
 .debug_abbrev  0x0000000000002693      0x1ca /home/saverio/tools/riscv/lib/gcc/riscv32-unknown-elf/11.1.0/libgcc.a(_moddi3.o)
 .debug_abbrev  0x000000000000285d      0x1a6 /home/saverio/tools/riscv/lib/gcc/riscv32-unknown-elf/11.1.0/libgcc.a(_udivdi3.o)
 .debug_abbrev  0x0000000000002a03      0x1bb /home/saverio/tools/riscv/lib/gcc/riscv32-unknown-elf/11.1.0/libgcc.a(_umoddi3.o)

.debug_line     0x0000000000000000     0x8271
 *(.debug_line .debug_line.* .debug_line_end)
 .debug_line    0x0000000000000000       0xd4 /tmp/ccMHRcfT.o
 .debug_line    0x00000000000000d4      0x1ed /tmp/ccNEz1vU.o
 .debug_line    0x00000000000002c1     0x20ce /tmp/ccrXcNhh.ltrans0.ltrans.o
 .debug_line    0x000000000000238f       0xb9 /tmp/ccQt2p1j.debug.temp.o
 .debug_line    0x0000000000002448       0x56 /tmp/cc7FI0zg.debug.temp.o
 .debug_line    0x000000000000249e       0x3a /tmp/cctND8rg.debug.temp.o
 .debug_line    0x00000000000024d8       0x9d /tmp/ccx2X02h.debug.temp.o
 .debug_line    0x0000000000002575       0x4c /tmp/ccj4Dqyh.debug.temp.o
 .debug_line    0x00000000000025c1       0x5a /tmp/cc4gP7ck.debug.temp.o
 .debug_line    0x000000000000261b       0x64 /tmp/ccmNkIyk.debug.temp.o
 .debug_line    0x000000000000267f       0x63 /tmp/ccaBRjrg.debug.temp.o
 .debug_line    0x00000000000026e2       0x71 /tmp/ccyFOyEk.debug.temp.o
 .debug_line    0x0000000000002753       0x68 /tmp/ccFfbmMh.debug.temp.o
 .debug_line    0x00000000000027bb       0x68 /tmp/ccQqGaej.debug.temp.o
 .debug_line    0x0000000000002823       0x68 /tmp/ccFzhCfh.debug.temp.o
 .debug_line    0x000000000000288b       0x68 /tmp/ccXNnYSg.debug.temp.o
 .debug_line    0x00000000000028f3       0x63 /tmp/cc7G0kwg.debug.temp.o
 .debug_line    0x0000000000002956       0x68 /tmp/cc9IiQyj.debug.temp.o
 .debug_line    0x00000000000029be       0x68 /tmp/cc4xEKvh.debug.temp.o
 .debug_line    0x0000000000002a26       0x68 /tmp/cc1fzxyi.debug.temp.o
 .debug_line    0x0000000000002a8e       0x63 /tmp/ccxeWzIk.debug.temp.o
 .debug_line    0x0000000000002af1      0xff9 /home/saverio/tools/riscv/lib/gcc/riscv32-unknown-elf/11.1.0/libgcc.a(adddf3.o)
 .debug_line    0x0000000000003aea      0x227 /home/saverio/tools/riscv/lib/gcc/riscv32-unknown-elf/11.1.0/libgcc.a(eqdf2.o)
 .debug_line    0x0000000000003d11      0x2bc /home/saverio/tools/riscv/lib/gcc/riscv32-unknown-elf/11.1.0/libgcc.a(gedf2.o)
 .debug_line    0x0000000000003fcd      0xda9 /home/saverio/tools/riscv/lib/gcc/riscv32-unknown-elf/11.1.0/libgcc.a(muldf3.o)
 .debug_line    0x0000000000004d76     0x1054 /home/saverio/tools/riscv/lib/gcc/riscv32-unknown-elf/11.1.0/libgcc.a(subdf3.o)
 .debug_line    0x0000000000005dca      0x1eb /home/saverio/tools/riscv/lib/gcc/riscv32-unknown-elf/11.1.0/libgcc.a(fixdfsi.o)
 .debug_line    0x0000000000005fb5      0x223 /home/saverio/tools/riscv/lib/gcc/riscv32-unknown-elf/11.1.0/libgcc.a(floatsidf.o)
 .debug_line    0x00000000000061d8       0xcb /home/saverio/tools/riscv/lib/gcc/riscv32-unknown-elf/11.1.0/libgcc.a(_clzsi2.o)
 .debug_line    0x00000000000062a3       0x3f /home/saverio/tools/riscv/lib/gcc/riscv32-unknown-elf/11.1.0/libgcc.a(_clz.o)
 .debug_line    0x00000000000062e2       0x9b /home/saverio/tools/riscv/lib/gcc/riscv32-unknown-elf/11.1.0/libgcc.a(_bswapsi2.o)
 .debug_line    0x000000000000637d      0x7ca /home/saverio/tools/riscv/lib/gcc/riscv32-unknown-elf/11.1.0/libgcc.a(_divdi3.o)
 .debug_line    0x0000000000006b47      0x862 /home/saverio/tools/riscv/lib/gcc/riscv32-unknown-elf/11.1.0/libgcc.a(_moddi3.o)
 .debug_line    0x00000000000073a9      0x727 /home/saverio/tools/riscv/lib/gcc/riscv32-unknown-elf/11.1.0/libgcc.a(_udivdi3.o)
 .debug_line    0x0000000000007ad0      0x7a1 /home/saverio/tools/riscv/lib/gcc/riscv32-unknown-elf/11.1.0/libgcc.a(_umoddi3.o)

.debug_frame    0x0000000000000000      0x6e8
 *(.debug_frame)
 .debug_frame   0x0000000000000000      0x534 /tmp/ccrXcNhh.ltrans0.ltrans.o
 .debug_frame   0x0000000000000534       0x44 /home/saverio/tools/riscv/lib/gcc/riscv32-unknown-elf/11.1.0/libgcc.a(adddf3.o)
 .debug_frame   0x0000000000000578       0x20 /home/saverio/tools/riscv/lib/gcc/riscv32-unknown-elf/11.1.0/libgcc.a(eqdf2.o)
 .debug_frame   0x0000000000000598       0x20 /home/saverio/tools/riscv/lib/gcc/riscv32-unknown-elf/11.1.0/libgcc.a(gedf2.o)
 .debug_frame   0x00000000000005b8       0x54 /home/saverio/tools/riscv/lib/gcc/riscv32-unknown-elf/11.1.0/libgcc.a(muldf3.o)
 .debug_frame   0x000000000000060c       0x44 /home/saverio/tools/riscv/lib/gcc/riscv32-unknown-elf/11.1.0/libgcc.a(subdf3.o)
 .debug_frame   0x0000000000000650       0x20 /home/saverio/tools/riscv/lib/gcc/riscv32-unknown-elf/11.1.0/libgcc.a(fixdfsi.o)
 .debug_frame   0x0000000000000670       0x38 /home/saverio/tools/riscv/lib/gcc/riscv32-unknown-elf/11.1.0/libgcc.a(floatsidf.o)
 .debug_frame   0x00000000000006a8       0x20 /home/saverio/tools/riscv/lib/gcc/riscv32-unknown-elf/11.1.0/libgcc.a(_clzsi2.o)
 .debug_frame   0x00000000000006c8       0x20 /home/saverio/tools/riscv/lib/gcc/riscv32-unknown-elf/11.1.0/libgcc.a(_bswapsi2.o)

.debug_str      0x0000000000000000     0x3786
 *(.debug_str)
 .debug_str     0x0000000000000000       0x48 /tmp/ccMHRcfT.o